../Core/Src/GFX_FUNCTIONS.c:24:6:drawPixel	16	static
../Core/Src/GFX_FUNCTIONS.c:29:6:fillRect	32	static
../Core/Src/GFX_FUNCTIONS.c:48:6:writePixel	16	static
../Core/Src/GFX_FUNCTIONS.c:53:6:writeLine	48	static
../Core/Src/GFX_FUNCTIONS.c:93:7:drawFastVLine	32	static
../Core/Src/GFX_FUNCTIONS.c:97:7:drawFastHLine	32	static
../Core/Src/GFX_FUNCTIONS.c:102:6:drawLine	40	static
../Core/Src/GFX_FUNCTIONS.c:115:6:drawCircle	40	static
../Core/Src/GFX_FUNCTIONS.c:149:6:drawCircleHelper	40	static
../Core/Src/GFX_FUNCTIONS.c:185:6:fillCircleHelper	40	static
../Core/Src/GFX_FUNCTIONS.c:222:6:fillCircle	32	static
../Core/Src/GFX_FUNCTIONS.c:230:6:drawRect	24	static
../Core/Src/GFX_FUNCTIONS.c:238:6:drawRoundRect	40	static
../Core/Src/GFX_FUNCTIONS.c:255:6:fillRoundRect	40	static
../Core/Src/GFX_FUNCTIONS.c:267:6:drawTriangle	32	static
../Core/Src/GFX_FUNCTIONS.c:275:6:fillTriangle	72	static
../Core/Src/GFX_FUNCTIONS.c:352:6:fillScreen	24	static
../Core/Src/GFX_FUNCTIONS.c:358:6:testLines	56	static
../Core/Src/GFX_FUNCTIONS.c:401:6:testFastLines	32	static
../Core/Src/GFX_FUNCTIONS.c:410:6:testRects	56	static
../Core/Src/GFX_FUNCTIONS.c:425:6:testFilledRects	56	static
../Core/Src/GFX_FUNCTIONS.c:442:6:testFilledCircles	40	static
../Core/Src/GFX_FUNCTIONS.c:455:6:testCircles	40	static
../Core/Src/GFX_FUNCTIONS.c:471:6:testTriangles	56	static
../Core/Src/GFX_FUNCTIONS.c:488:6:testFilledTriangles	56	static
../Core/Src/GFX_FUNCTIONS.c:501:6:testRoundRects	56	static
../Core/Src/GFX_FUNCTIONS.c:518:6:testFilledRoundRects	48	static
../Core/Src/GFX_FUNCTIONS.c:533:6:testFillScreen	8	static
../Core/Src/GFX_FUNCTIONS.c:542:6:testAll	8	static
