Archive member included to satisfy reference by file (symbol)

e:/cubeide/stm32cubeide_1.10.1/stm32cubeide/plugins/com.st.stm32cube.ide.mcu.externaltools.gnu-tools-for-stm32.10.3-2021.10.win32_1.0.0.202111181127/tools/bin/../lib/gcc/arm-none-eabi/10.3.1/../../../../arm-none-eabi/lib/thumb/v7e-m+fp/hard\libc_nano.a(lib_a-errno.o)
                              ./Core/Src/syscalls.o (__errno)
e:/cubeide/stm32cubeide_1.10.1/stm32cubeide/plugins/com.st.stm32cube.ide.mcu.externaltools.gnu-tools-for-stm32.10.3-2021.10.win32_1.0.0.202111181127/tools/bin/../lib/gcc/arm-none-eabi/10.3.1/../../../../arm-none-eabi/lib/thumb/v7e-m+fp/hard\libc_nano.a(lib_a-exit.o)
                              e:/cubeide/stm32cubeide_1.10.1/stm32cubeide/plugins/com.st.stm32cube.ide.mcu.externaltools.gnu-tools-for-stm32.10.3-2021.10.win32_1.0.0.202111181127/tools/bin/../lib/gcc/arm-none-eabi/10.3.1/../../../../arm-none-eabi/lib/thumb/v7e-m+fp/hard/crt0.o (exit)
e:/cubeide/stm32cubeide_1.10.1/stm32cubeide/plugins/com.st.stm32cube.ide.mcu.externaltools.gnu-tools-for-stm32.10.3-2021.10.win32_1.0.0.202111181127/tools/bin/../lib/gcc/arm-none-eabi/10.3.1/../../../../arm-none-eabi/lib/thumb/v7e-m+fp/hard\libc_nano.a(lib_a-impure.o)
                              e:/cubeide/stm32cubeide_1.10.1/stm32cubeide/plugins/com.st.stm32cube.ide.mcu.externaltools.gnu-tools-for-stm32.10.3-2021.10.win32_1.0.0.202111181127/tools/bin/../lib/gcc/arm-none-eabi/10.3.1/../../../../arm-none-eabi/lib/thumb/v7e-m+fp/hard\libc_nano.a(lib_a-exit.o) (_global_impure_ptr)
e:/cubeide/stm32cubeide_1.10.1/stm32cubeide/plugins/com.st.stm32cube.ide.mcu.externaltools.gnu-tools-for-stm32.10.3-2021.10.win32_1.0.0.202111181127/tools/bin/../lib/gcc/arm-none-eabi/10.3.1/../../../../arm-none-eabi/lib/thumb/v7e-m+fp/hard\libc_nano.a(lib_a-init.o)
                              e:/cubeide/stm32cubeide_1.10.1/stm32cubeide/plugins/com.st.stm32cube.ide.mcu.externaltools.gnu-tools-for-stm32.10.3-2021.10.win32_1.0.0.202111181127/tools/bin/../lib/gcc/arm-none-eabi/10.3.1/../../../../arm-none-eabi/lib/thumb/v7e-m+fp/hard/crt0.o (__libc_init_array)
e:/cubeide/stm32cubeide_1.10.1/stm32cubeide/plugins/com.st.stm32cube.ide.mcu.externaltools.gnu-tools-for-stm32.10.3-2021.10.win32_1.0.0.202111181127/tools/bin/../lib/gcc/arm-none-eabi/10.3.1/../../../../arm-none-eabi/lib/thumb/v7e-m+fp/hard\libc_nano.a(lib_a-malloc.o)
                              ./Core/Src/main.o (malloc)
e:/cubeide/stm32cubeide_1.10.1/stm32cubeide/plugins/com.st.stm32cube.ide.mcu.externaltools.gnu-tools-for-stm32.10.3-2021.10.win32_1.0.0.202111181127/tools/bin/../lib/gcc/arm-none-eabi/10.3.1/../../../../arm-none-eabi/lib/thumb/v7e-m+fp/hard\libc_nano.a(lib_a-memcpy-stub.o)
                              ./Middlewares/Third_Party/FreeRTOS/Source/queue.o (memcpy)
e:/cubeide/stm32cubeide_1.10.1/stm32cubeide/plugins/com.st.stm32cube.ide.mcu.externaltools.gnu-tools-for-stm32.10.3-2021.10.win32_1.0.0.202111181127/tools/bin/../lib/gcc/arm-none-eabi/10.3.1/../../../../arm-none-eabi/lib/thumb/v7e-m+fp/hard\libc_nano.a(lib_a-memset.o)
                              e:/cubeide/stm32cubeide_1.10.1/stm32cubeide/plugins/com.st.stm32cube.ide.mcu.externaltools.gnu-tools-for-stm32.10.3-2021.10.win32_1.0.0.202111181127/tools/bin/../lib/gcc/arm-none-eabi/10.3.1/../../../../arm-none-eabi/lib/thumb/v7e-m+fp/hard/crt0.o (memset)
e:/cubeide/stm32cubeide_1.10.1/stm32cubeide/plugins/com.st.stm32cube.ide.mcu.externaltools.gnu-tools-for-stm32.10.3-2021.10.win32_1.0.0.202111181127/tools/bin/../lib/gcc/arm-none-eabi/10.3.1/../../../../arm-none-eabi/lib/thumb/v7e-m+fp/hard\libc_nano.a(lib_a-nano-freer.o)
                              e:/cubeide/stm32cubeide_1.10.1/stm32cubeide/plugins/com.st.stm32cube.ide.mcu.externaltools.gnu-tools-for-stm32.10.3-2021.10.win32_1.0.0.202111181127/tools/bin/../lib/gcc/arm-none-eabi/10.3.1/../../../../arm-none-eabi/lib/thumb/v7e-m+fp/hard\libc_nano.a(lib_a-malloc.o) (_free_r)
e:/cubeide/stm32cubeide_1.10.1/stm32cubeide/plugins/com.st.stm32cube.ide.mcu.externaltools.gnu-tools-for-stm32.10.3-2021.10.win32_1.0.0.202111181127/tools/bin/../lib/gcc/arm-none-eabi/10.3.1/../../../../arm-none-eabi/lib/thumb/v7e-m+fp/hard\libc_nano.a(lib_a-nano-mallocr.o)
                              e:/cubeide/stm32cubeide_1.10.1/stm32cubeide/plugins/com.st.stm32cube.ide.mcu.externaltools.gnu-tools-for-stm32.10.3-2021.10.win32_1.0.0.202111181127/tools/bin/../lib/gcc/arm-none-eabi/10.3.1/../../../../arm-none-eabi/lib/thumb/v7e-m+fp/hard\libc_nano.a(lib_a-malloc.o) (_malloc_r)
e:/cubeide/stm32cubeide_1.10.1/stm32cubeide/plugins/com.st.stm32cube.ide.mcu.externaltools.gnu-tools-for-stm32.10.3-2021.10.win32_1.0.0.202111181127/tools/bin/../lib/gcc/arm-none-eabi/10.3.1/../../../../arm-none-eabi/lib/thumb/v7e-m+fp/hard\libc_nano.a(lib_a-sbrkr.o)
[...]
Memory Configuration

Name             Origin             Length             Attributes
RAM              0x0000000020000000 0x0000000000020000 xrw
FLASH            0x0000000008000000 0x0000000000080000 xr
*default*        0x0000000000000000 0xffffffffffffffff

Linker script and memory map

LOAD e:/cubeide/stm32cubeide_1.10.1/stm32cubeide/plugins/com.st.stm32cube.ide.mcu.externaltools.gnu-tools-for-stm32.10.3-2021.10.win32_1.0.0.202111181127/tools/bin/../lib/gcc/arm-none-eabi/10.3.1/thumb/v7e-m+fp/hard/crti.o
LOAD e:/cubeide/stm32cubeide_1.10.1/stm32cubeide/plugins/com.st.stm32cube.ide.mcu.externaltools.gnu-tools-for-stm32.10.3-2021.10.win32_1.0.0.202111181127/tools/bin/../lib/gcc/arm-none-eabi/10.3.1/thumb/v7e-m+fp/hard/crtbegin.o
LOAD e:/cubeide/stm32cubeide_1.10.1/stm32cubeide/plugins/com.st.stm32cube.ide.mcu.externaltools.gnu-tools-for-stm32.10.3-2021.10.win32_1.0.0.202111181127/tools/bin/../lib/gcc/arm-none-eabi/10.3.1/../../../../arm-none-eabi/lib/thumb/v7e-m+fp/hard/crt0.o
LOAD ./Core/Src/GFX_FUNCTIONS.o
LOAD ./Core/Src/Keyboard_HID.o
LOAD ./Core/Src/ST7735.o
LOAD ./Core/Src/TFT_MENU.o
LOAD ./Core/Src/fonts.o
LOAD ./Core/Src/freertos.o
LOAD ./Core/Src/main.o
LOAD ./Core/Src/stm32f4xx_hal_msp.o
LOAD ./Core/Src/stm32f4xx_hal_timebase_tim.o
LOAD ./Core/Src/stm32f4xx_it.o
LOAD ./Core/Src/syscalls.o
LOAD ./Core/Src/sysmem.o
LOAD ./Core/Src/system_stm32f4xx.o
LOAD ./Core/Startup/startup_stm32f446zetx.o
LOAD ./Drivers/STM32F4xx_HAL_Driver/Src/stm32f4xx_hal.o
LOAD ./Drivers/STM32F4xx_HAL_Driver/Src/stm32f4xx_hal_cortex.o
LOAD ./Drivers/STM32F4xx_HAL_Driver/Src/stm32f4xx_hal_dma.o
LOAD ./Drivers/STM32F4xx_HAL_Driver/Src/stm32f4xx_hal_dma_ex.o
LOAD ./Drivers/STM32F4xx_HAL_Driver/Src/stm32f4xx_hal_exti.o
LOAD ./Drivers/STM32F4xx_HAL_Driver/Src/stm32f4xx_hal_flash.o
LOAD ./Drivers/STM32F4xx_HAL_Driver/Src/stm32f4xx_hal_flash_ex.o
LOAD ./Drivers/STM32F4xx_HAL_Driver/Src/stm32f4xx_hal_flash_ramfunc.o
LOAD ./Drivers/STM32F4xx_HAL_Driver/Src/stm32f4xx_hal_gpio.o
LOAD ./Drivers/STM32F4xx_HAL_Driver/Src/stm32f4xx_hal_hcd.o
LOAD ./Drivers/STM32F4xx_HAL_Driver/Src/stm32f4xx_hal_pcd.o
LOAD ./Drivers/STM32F4xx_HAL_Driver/Src/stm32f4xx_hal_pcd_ex.o
LOAD ./Drivers/STM32F4xx_HAL_Driver/Src/stm32f4xx_hal_pwr.o
LOAD ./Drivers/STM32F4xx_HAL_Driver/Src/stm32f4xx_hal_pwr_ex.o
LOAD ./Drivers/STM32F4xx_HAL_Driver/Src/stm32f4xx_hal_rcc.o
LOAD ./Drivers/STM32F4xx_HAL_Driver/Src/stm32f4xx_hal_rcc_ex.o
LOAD ./Drivers/STM32F4xx_HAL_Driver/Src/stm32f4xx_hal_spi.o
LOAD ./Drivers/STM32F4xx_HAL_Driver/Src/stm32f4xx_hal_tim.o
LOAD ./Drivers/STM32F4xx_HAL_Driver/Src/stm32f4xx_hal_tim_ex.o
LOAD ./Drivers/STM32F4xx_HAL_Driver/Src/stm32f4xx_hal_uart.o
LOAD ./Drivers/STM32F4xx_HAL_Driver/Src/stm32f4xx_ll_usb.o
LOAD ./Middlewares/ST/STM32_USB_Device_Library/Class/HID/Src/usbd_hid.o
LOAD ./Middlewares/ST/STM32_USB_Device_Library/Core/Src/usbd_core.o
LOAD ./Middlewares/ST/STM32_USB_Device_Library/Core/Src/usbd_ctlreq.o
LOAD ./Middlewares/ST/STM32_USB_Device_Library/Core/Src/usbd_ioreq.o
LOAD ./Middlewares/ST/STM32_USB_Host_Library/Class/HID/Src/usbh_hid.o
LOAD ./Middlewares/ST/STM32_USB_Host_Library/Class/HID/Src/usbh_hid_keybd.o
LOAD ./Middlewares/ST/STM32_USB_Host_Library/Class/HID/Src/usbh_hid_mouse.o
LOAD ./Middlewares/ST/STM32_USB_Host_Library/Class/HID/Src/usbh_hid_parser.o
LOAD ./Middlewares/ST/STM32_USB_Host_Library/Core/Src/usbh_core.o
LOAD ./Middlewares/ST/STM32_USB_Host_Library/Core/Src/usbh_ctlreq.o
LOAD ./Middlewares/ST/STM32_USB_Host_Library/Core/Src/usbh_ioreq.o
LOAD ./Middlewares/ST/STM32_USB_Host_Library/Core/Src/usbh_pipes.o
LOAD ./Middlewares/Third_Party/FreeRTOS/Source/CMSIS_RTOS/cmsis_os.o
LOAD ./Middlewares/Third_Party/FreeRTOS/Source/croutine.o
LOAD ./Middlewares/Third_Party/FreeRTOS/Source/event_groups.o
LOAD ./Middlewares/Third_Party/FreeRTOS/Source/list.o
LOAD ./Middlewares/Third_Party/FreeRTOS/Source/queue.o
LOAD ./Middlewares/Third_Party/FreeRTOS/Source/stream_buffer.o
LOAD ./Middlewares/Third_Party/FreeRTOS/Source/tasks.o
LOAD ./Middlewares/Third_Party/FreeRTOS/Source/timers.o
LOAD ./Middlewares/Third_Party/FreeRTOS/Source/portable/GCC/ARM_CM4F/port.o
LOAD ./Middlewares/Third_Party/FreeRTOS/Source/portable/MemMang/heap_4.o
LOAD ./USB_DEVICE/App/usb_device.o
LOAD ./USB_DEVICE/App/usbd_desc.o
LOAD ./USB_DEVICE/Target/usbd_conf.o
LOAD ./USB_HOST/App/usb_host.o
LOAD ./USB_HOST/Target/usbh_conf.o
LOAD ./USB_HOST/Target/usbh_platform.o
START GROUP
LOAD e:/cubeide/stm32cubeide_1.10.1/stm32cubeide/plugins/com.st.stm32cube.ide.mcu.externaltools.gnu-tools-for-stm32.10.3-2021.10.win32_1.0.0.202111181127/tools/bin/../lib/gcc/arm-none-eabi/10.3.1/../../../../arm-none-eabi/lib/thumb/v7e-m+fp/hard\libc_nano.a
LOAD e:/cubeide/stm32cubeide_1.10.1/stm32cubeide/plugins/com.st.stm32cube.ide.mcu.externaltools.gnu-tools-for-stm32.10.3-2021.10.win32_1.0.0.202111181127/tools/bin/../lib/gcc/arm-none-eabi/10.3.1/../../../../arm-none-eabi/lib/thumb/v7e-m+fp/hard\libm.a
END GROUP
START GROUP
LOAD e:/cubeide/stm32cubeide_1.10.1/stm32cubeide/plugins/com.st.stm32cube.ide.mcu.externaltools.gnu-tools-for-stm32.10.3-2021.10.win32_1.0.0.202111181127/tools/bin/../lib/gcc/arm-none-eabi/10.3.1/thumb/v7e-m+fp/hard\libgcc.a
LOAD e:/cubeide/stm32cubeide_1.10.1/stm32cubeide/plugins/com.st.stm32cube.ide.mcu.externaltools.gnu-tools-for-stm32.10.3-2021.10.win32_1.0.0.202111181127/tools/bin/../lib/gcc/arm-none-eabi/10.3.1/../../../../arm-none-eabi/lib/thumb/v7e-m+fp/hard\libc_nano.a
END GROUP
START GROUP
LOAD e:/cubeide/stm32cubeide_1.10.1/stm32cubeide/plugins/com.st.stm32cube.ide.mcu.externaltools.gnu-tools-for-stm32.10.3-2021.10.win32_1.0.0.202111181127/tools/bin/../lib/gcc/arm-none-eabi/10.3.1/thumb/v7e-m+fp/hard\libgcc.a
LOAD e:/cubeide/stm32cubeide_1.10.1/stm32cubeide/plugins/com.st.stm32cube.ide.mcu.externaltools.gnu-tools-for-stm32.10.3-2021.10.win32_1.0.0.202111181127/tools/bin/../lib/gcc/arm-none-eabi/10.3.1/../../../../arm-none-eabi/lib/thumb/v7e-m+fp/hard\libc_nano.a
LOAD e:/cubeide/stm32cubeide_1.10.1/stm32cubeide/plugins/com.st.stm32cube.ide.mcu.externaltools.gnu-tools-for-stm32.10.3-2021.10.win32_1.0.0.202111181127/tools/bin/../lib/gcc/arm-none-eabi/10.3.1/../../../../arm-none-eabi/lib/thumb/v7e-m+fp/hard\libnosys.a
END GROUP
START GROUP
LOAD e:/cubeide/stm32cubeide_1.10.1/stm32cubeide/plugins/com.st.stm32cube.ide.mcu.externaltools.gnu-tools-for-stm32.10.3-2021.10.win32_1.0.0.202111181127/tools/bin/../lib/gcc/arm-none-eabi/10.3.1/thumb/v7e-m+fp/hard\libgcc.a
LOAD e:/cubeide/stm32cubeide_1.10.1/stm32cubeide/plugins/com.st.stm32cube.ide.mcu.externaltools.gnu-tools-for-stm32.10.3-2021.10.win32_1.0.0.202111181127/tools/bin/../lib/gcc/arm-none-eabi/10.3.1/../../../../arm-none-eabi/lib/thumb/v7e-m+fp/hard\libc_nano.a
LOAD e:/cubeide/stm32cubeide_1.10.1/stm32cubeide/plugins/com.st.stm32cube.ide.mcu.externaltools.gnu-tools-for-stm32.10.3-2021.10.win32_1.0.0.202111181127/tools/bin/../lib/gcc/arm-none-eabi/10.3.1/../../../../arm-none-eabi/lib/thumb/v7e-m+fp/hard\libnosys.a
END GROUP
LOAD e:/cubeide/stm32cubeide_1.10.1/stm32cubeide/plugins/com.st.stm32cube.ide.mcu.externaltools.gnu-tools-for-stm32.10.3-2021.10.win32_1.0.0.202111181127/tools/bin/../lib/gcc/arm-none-eabi/10.3.1/thumb/v7e-m+fp/hard/crtend.o
LOAD e:/cubeide/stm32cubeide_1.10.1/stm32cubeide/plugins/com.st.stm32cube.ide.mcu.externaltools.gnu-tools-for-stm32.10.3-2021.10.win32_1.0.0.202111181127/tools/bin/../lib/gcc/arm-none-eabi/10.3.1/thumb/v7e-m+fp/hard/crtn.o
                0x0000000020020000                _estack = (ORIGIN (RAM) + LENGTH (RAM))
                0x0000000000000200                _Min_Heap_Size = 0x200
                0x0000000000000400                _Min_Stack_Size = 0x400

.isr_vector     0x0000000008000000      0x1c4
                0x0000000008000000                . = ALIGN (0x4)
 *(.isr_vector)
 .isr_vector    0x0000000008000000      0x1c4 ./Core/Startup/startup_stm32f446zetx.o
                0x0000000008000000                g_pfnVectors
                0x00000000080001c4                . = ALIGN (0x4)

.text           0x00000000080001d0    0x119e0
                0x00000000080001d0                . = ALIGN (0x4)
 *(.text)
 .text          0x00000000080001d0       0x40 e:/cubeide/stm32cubeide_1.10.1/stm32cubeide/plugins/com.st.stm32cube.ide.mcu.externaltools.gnu-tools-for-stm32.10.3-2021.10.win32_1.0.0.202111181127/tools/bin/../lib/gcc/arm-none-eabi/10.3.1/thumb/v7e-m+fp/hard/crtbegin.o
 .text          0x0000000008000210       0x30 e:/cubeide/stm32cubeide_1.10.1/stm32cubeide/plugins/com.st.stm32cube.ide.mcu.externaltools.gnu-tools-for-stm32.10.3-2021.10.win32_1.0.0.202111181127/tools/bin/../lib/gcc/arm-none-eabi/10.3.1/thumb/v7e-m+fp/hard\libgcc.a(_aeabi_uldivmod.o)
                0x0000000008000210                __aeabi_uldivmod
 .text          0x0000000008000240      0x2d0 e:/cubeide/stm32cubeide_1.10.1/stm32cubeide/plugins/com.st.stm32cube.ide.mcu.externaltools.gnu-tools-for-stm32.10.3-2021.10.win32_1.0.0.202111181127/tools/bin/../lib/gcc/arm-none-eabi/10.3.1/thumb/v7e-m+fp/hard\libgcc.a(_udivmoddi4.o)
                0x0000000008000240                __udivmoddi4
 .text          0x0000000008000510        0x4 e:/cubeide/stm32cubeide_1.10.1/stm32cubeide/plugins/com.st.stm32cube.ide.mcu.externaltools.gnu-tools-for-stm32.10.3-2021.10.win32_1.0.0.202111181127/tools/bin/../lib/gcc/arm-none-eabi/10.3.1/thumb/v7e-m+fp/hard\libgcc.a(_dvmd_tls.o)
                0x0000000008000510                __aeabi_idiv0
                0x0000000008000510                __aeabi_ldiv0
 *(.text*)
 .text.drawPixel
                0x0000000008000514       0x26 ./Core/Src/GFX_FUNCTIONS.o
                0x0000000008000514                drawPixel
 .text.fillRect
                0x000000000800053a       0x38 ./Core/Src/GFX_FUNCTIONS.o
                0x000000000800053a                fillRect
 .text.writePixel
                0x0000000008000572       0x2a ./Core/Src/GFX_FUNCTIONS.o
                0x0000000008000572                writePixel
 .text.writeLine
                0x000000000800059c      0x144 ./Core/Src/GFX_FUNCTIONS.o
                0x000000000800059c                writeLine
 .text.drawFastHLine
                0x00000000080006e0       0x4a ./Core/Src/GFX_FUNCTIONS.o
                0x00000000080006e0                drawFastHLine
 *fill*         0x000000000800072a        0x2 
 .text.fillScreen
                0x000000000800072c       0x34 ./Core/Src/GFX_FUNCTIONS.o
                0x000000000800072c                fillScreen
 .text.USB_Keyboard_SendChar
                0x0000000008000760      0x224 ./Core/Src/Keyboard_HID.o
                0x0000000008000760                USB_Keyboard_SendChar
 .text.USB_Keyboard_SendString
                0x0000000008000984       0x38 ./Core/Src/Keyboard_HID.o
                0x0000000008000984                USB_Keyboard_SendString
 .text.ST7735_Select
                0x00000000080009bc       0x18 ./Core/Src/ST7735.o
                0x00000000080009bc                ST7735_Select
 .text.ST7735_Unselect
                0x00000000080009d4       0x18 ./Core/Src/ST7735.o
                0x00000000080009d4                ST7735_Unselect
 .text.ST7735_Reset
                0x00000000080009ec       0x28 ./Core/Src/ST7735.o
                0x00000000080009ec                ST7735_Reset
 .text.ST7735_WriteCommand
                0x0000000008000a14       0x34 ./Core/Src/ST7735.o
                0x0000000008000a14                ST7735_WriteCommand
 .text.ST7735_WriteData
                0x0000000008000a48       0x34 ./Core/Src/ST7735.o
                0x0000000008000a48                ST7735_WriteData
 .text.DisplayInit
                0x0000000008000a7c       0x92 ./Core/Src/ST7735.o
                0x0000000008000a7c                DisplayInit
 *fill*         0x0000000008000b0e        0x2 
 .text.ST7735_SetAddressWindow
                0x0000000008000b10       0x90 ./Core/Src/ST7735.o
                0x0000000008000b10                ST7735_SetAddressWindow
 .text.ST7735_Init
                0x0000000008000ba0       0x58 ./Core/Src/ST7735.o
                0x0000000008000ba0                ST7735_Init
 .text.ST7735_SetRotation
                0x0000000008000bf8      0x100 ./Core/Src/ST7735.o
                0x0000000008000bf8                ST7735_SetRotation
 .text.ST7735_DrawPixel
                0x0000000008000cf8       0x7c ./Core/Src/ST7735.o
                0x0000000008000cf8                ST7735_DrawPixel
 .text.ST7735_WriteChar
                0x0000000008000d74       0xee ./Core/Src/ST7735.o
                0x0000000008000d74                ST7735_WriteChar
 *fill*         0x0000000008000e62        0x2 
 .text.ST7735_WriteString
                0x0000000008000e64       0xa8 ./Core/Src/ST7735.o
                0x0000000008000e64                ST7735_WriteString
 .text.ST7735_FillRectangle
                0x0000000008000f0c      0x110 ./Core/Src/ST7735.o
                0x0000000008000f0c                ST7735_FillRectangle
 .text.HAL_GPIO_EXTI_Callback
                0x000000000800101c       0x6c ./Core/Src/TFT_MENU.o
                0x000000000800101c                HAL_GPIO_EXTI_Callback
 .text.vApplicationGetIdleTaskMemory
                0x0000000008001088       0x34 ./Core/Src/freertos.o
                0x0000000008001088                vApplicationGetIdleTaskMemory
 .text.main     0x00000000080010bc       0xbc ./Core/Src/main.o
                0x00000000080010bc                main
 .text.SystemClock_Config
                0x0000000008001178       0xd8 ./Core/Src/main.o
                0x0000000008001178                SystemClock_Config
 .text.MX_SPI1_Init
                0x0000000008001250       0x70 ./Core/Src/main.o
 .text.MX_USART3_UART_Init
                0x00000000080012c0       0x54 ./Core/Src/main.o
 .text.MX_GPIO_Init
                0x0000000008001314      0x1e8 ./Core/Src/main.o
 .text.USBH_HID_EventCallback
                0x00000000080014fc       0x78 ./Core/Src/main.o
                0x00000000080014fc                USBH_HID_EventCallback
 .text.HostResponse
                0x0000000008001574      0x17c ./Core/Src/main.o
                0x0000000008001574                HostResponse
 .text.DeviceResponse
                0x00000000080016f0       0x3c ./Core/Src/main.o
                0x00000000080016f0                DeviceResponse
 .text.HAL_TIM_PeriodElapsedCallback
                0x000000000800172c       0x24 ./Core/Src/main.o
                0x000000000800172c                HAL_TIM_PeriodElapsedCallback
 .text.Error_Handler
                0x0000000008001750        0xa ./Core/Src/main.o
                0x0000000008001750                Error_Handler
 *fill*         0x000000000800175a        0x2 
 .text.HAL_MspInit
                0x000000000800175c       0x58 ./Core/Src/stm32f4xx_hal_msp.o
                0x000000000800175c                HAL_MspInit
 .text.HAL_SPI_MspInit
                0x00000000080017b4       0x90 ./Core/Src/stm32f4xx_hal_msp.o
                0x00000000080017b4                HAL_SPI_MspInit
 .text.HAL_UART_MspInit
                0x0000000008001844       0xa0 ./Core/Src/stm32f4xx_hal_msp.o
                0x0000000008001844                HAL_UART_MspInit
 .text.HAL_InitTick
                0x00000000080018e4       0xe8 ./Core/Src/stm32f4xx_hal_timebase_tim.o
                0x00000000080018e4                HAL_InitTick
 .text.NMI_Handler
                0x00000000080019cc        0x6 ./Core/Src/stm32f4xx_it.o
                0x00000000080019cc                NMI_Handler
 .text.HardFault_Handler
                0x00000000080019d2        0x6 ./Core/Src/stm32f4xx_it.o
                0x00000000080019d2                HardFault_Handler
 .text.MemManage_Handler
                0x00000000080019d8        0x6 ./Core/Src/stm32f4xx_it.o
                0x00000000080019d8                MemManage_Handler
 .text.BusFault_Handler
                0x00000000080019de        0x6 ./Core/Src/stm32f4xx_it.o
                0x00000000080019de                BusFault_Handler
 .text.UsageFault_Handler
                0x00000000080019e4        0x6 ./Core/Src/stm32f4xx_it.o
                0x00000000080019e4                UsageFault_Handler
 .text.DebugMon_Handler
                0x00000000080019ea        0xe ./Core/Src/stm32f4xx_it.o
                0x00000000080019ea                DebugMon_Handler
 .text.TIM1_UP_TIM10_IRQHandler
                0x00000000080019f8       0x14 ./Core/Src/stm32f4xx_it.o
                0x00000000080019f8                TIM1_UP_TIM10_IRQHandler
 .text.USART3_IRQHandler
                0x0000000008001a0c       0x14 ./Core/Src/stm32f4xx_it.o
                0x0000000008001a0c                USART3_IRQHandler
 .text.EXTI15_10_IRQHandler
                0x0000000008001a20       0x10 ./Core/Src/stm32f4xx_it.o
                0x0000000008001a20                EXTI15_10_IRQHandler
 .text.OTG_FS_IRQHandler
                0x0000000008001a30       0x14 ./Core/Src/stm32f4xx_it.o
                0x0000000008001a30                OTG_FS_IRQHandler
 .text.OTG_HS_IRQHandler
                0x0000000008001a44       0x14 ./Core/Src/stm32f4xx_it.o
                0x0000000008001a44                OTG_HS_IRQHandler
 .text._sbrk    0x0000000008001a58       0x6c ./Core/Src/sysmem.o
                0x0000000008001a58                _sbrk
 .text.SystemInit
                0x0000000008001ac4       0x24 ./Core/Src/system_stm32f4xx.o
                0x0000000008001ac4                SystemInit
 .text.Reset_Handler
                0x0000000008001ae8       0x50 ./Core/Startup/startup_stm32f446zetx.o
                0x0000000008001ae8                Reset_Handler
 .text.Default_Handler
                0x0000000008001b38        0x2 ./Core/Startup/startup_stm32f446zetx.o
                0x0000000008001b38                RTC_Alarm_IRQHandler
                0x0000000008001b38                EXTI2_IRQHandler
                0x0000000008001b38                TIM8_CC_IRQHandler
                0x0000000008001b38                FMPI2C1_EV_IRQHandler
                0x0000000008001b38                SPI4_IRQHandler
                0x0000000008001b38                TIM1_CC_IRQHandler
                0x0000000008001b38                DMA2_Stream5_IRQHandler
                0x0000000008001b38                DMA1_Stream5_IRQHandler
                0x0000000008001b38                PVD_IRQHandler
                0x0000000008001b38                SDIO_IRQHandler
                0x0000000008001b38                TAMP_STAMP_IRQHandler
                0x0000000008001b38                CAN2_RX1_IRQHandler
                0x0000000008001b38                EXTI3_IRQHandler
                0x0000000008001b38                TIM8_TRG_COM_TIM14_IRQHandler
                0x0000000008001b38                TIM8_UP_TIM13_IRQHandler
                0x0000000008001b38                I2C3_ER_IRQHandler
                0x0000000008001b38                EXTI0_IRQHandler
                0x0000000008001b38                I2C2_EV_IRQHandler
                0x0000000008001b38                DMA1_Stream2_IRQHandler
                0x0000000008001b38                CAN1_RX0_IRQHandler
                0x0000000008001b38                FPU_IRQHandler
                0x0000000008001b38                OTG_HS_WKUP_IRQHandler
                0x0000000008001b38                CAN2_SCE_IRQHandler
                0x0000000008001b38                DMA2_Stream2_IRQHandler
                0x0000000008001b38                SPI1_IRQHandler
                0x0000000008001b38                TIM6_DAC_IRQHandler
                0x0000000008001b38                TIM1_BRK_TIM9_IRQHandler
                0x0000000008001b38                DCMI_IRQHandler
                0x0000000008001b38                CAN2_RX0_IRQHandler
                0x0000000008001b38                DMA2_Stream3_IRQHandler
                0x0000000008001b38                SAI2_IRQHandler
                0x0000000008001b38                USART6_IRQHandler
                0x0000000008001b38                CAN1_RX1_IRQHandler
                0x0000000008001b38                UART5_IRQHandler
                0x0000000008001b38                DMA2_Stream0_IRQHandler
                0x0000000008001b38                TIM4_IRQHandler
                0x0000000008001b38                QUADSPI_IRQHandler
                0x0000000008001b38                I2C1_EV_IRQHandler
                0x0000000008001b38                DMA1_Stream6_IRQHandler
                0x0000000008001b38                DMA1_Stream1_IRQHandler
                0x0000000008001b38                UART4_IRQHandler
                0x0000000008001b38                TIM3_IRQHandler
                0x0000000008001b38                RCC_IRQHandler
                0x0000000008001b38                TIM8_BRK_TIM12_IRQHandler
                0x0000000008001b38                Default_Handler
                0x0000000008001b38                CEC_IRQHandler
                0x0000000008001b38                ADC_IRQHandler
                0x0000000008001b38                DMA1_Stream7_IRQHandler
                0x0000000008001b38                TIM7_IRQHandler
                0x0000000008001b38                CAN2_TX_IRQHandler
                0x0000000008001b38                TIM5_IRQHandler
                0x0000000008001b38                DMA2_Stream7_IRQHandler
                0x0000000008001b38                I2C3_EV_IRQHandler
                0x0000000008001b38                EXTI9_5_IRQHandler
                0x0000000008001b38                RTC_WKUP_IRQHandler
                0x0000000008001b38                SPDIF_RX_IRQHandler
                0x0000000008001b38                SPI2_IRQHandler
                0x0000000008001b38                OTG_HS_EP1_IN_IRQHandler
                0x0000000008001b38                DMA1_Stream0_IRQHandler
                0x0000000008001b38                CAN1_TX_IRQHandler
                0x0000000008001b38                FMPI2C1_ER_IRQHandler
                0x0000000008001b38                EXTI4_IRQHandler
                0x0000000008001b38                OTG_HS_EP1_OUT_IRQHandler
                0x0000000008001b38                WWDG_IRQHandler
                0x0000000008001b38                TIM2_IRQHandler
                0x0000000008001b38                OTG_FS_WKUP_IRQHandler
                0x0000000008001b38                TIM1_TRG_COM_TIM11_IRQHandler
                0x0000000008001b38                EXTI1_IRQHandler
                0x0000000008001b38                USART2_IRQHandler
                0x0000000008001b38                I2C2_ER_IRQHandler
                0x0000000008001b38                DMA2_Stream1_IRQHandler
                0x0000000008001b38                CAN1_SCE_IRQHandler
                0x0000000008001b38                FLASH_IRQHandler
                0x0000000008001b38                DMA2_Stream4_IRQHandler
                0x0000000008001b38                USART1_IRQHandler
                0x0000000008001b38                SPI3_IRQHandler
                0x0000000008001b38                DMA1_Stream4_IRQHandler
                0x0000000008001b38                I2C1_ER_IRQHandler
                0x0000000008001b38                FMC_IRQHandler
                0x0000000008001b38                DMA2_Stream6_IRQHandler
                0x0000000008001b38                SAI1_IRQHandler
                0x0000000008001b38                DMA1_Stream3_IRQHandler
 *fill*         0x0000000008001b3a        0x2 
 .text.HAL_Init
                0x0000000008001b3c       0x44 ./Drivers/STM32F4xx_HAL_Driver/Src/stm32f4xx_hal.o
                0x0000000008001b3c                HAL_Init
 .text.HAL_IncTick
                0x0000000008001b80       0x28 ./Drivers/STM32F4xx_HAL_Driver/Src/stm32f4xx_hal.o
                0x0000000008001b80                HAL_IncTick
 .text.HAL_GetTick
                0x0000000008001ba8       0x18 ./Drivers/STM32F4xx_HAL_Driver/Src/stm32f4xx_hal.o
                0x0000000008001ba8                HAL_GetTick
 .text.HAL_Delay
                0x0000000008001bc0       0x48 ./Drivers/STM32F4xx_HAL_Driver/Src/stm32f4xx_hal.o
                0x0000000008001bc0                HAL_Delay
 .text.__NVIC_SetPriorityGrouping
                0x0000000008001c08       0x48 ./Drivers/STM32F4xx_HAL_Driver/Src/stm32f4xx_hal_cortex.o
 .text.__NVIC_GetPriorityGrouping
                0x0000000008001c50       0x1c ./Drivers/STM32F4xx_HAL_Driver/Src/stm32f4xx_hal_cortex.o
 .text.__NVIC_EnableIRQ
                0x0000000008001c6c       0x3c ./Drivers/STM32F4xx_HAL_Driver/Src/stm32f4xx_hal_cortex.o
 .text.__NVIC_SetPriority
                0x0000000008001ca8       0x54 ./Drivers/STM32F4xx_HAL_Driver/Src/stm32f4xx_hal_cortex.o
 .text.NVIC_EncodePriority
                0x0000000008001cfc       0x66 ./Drivers/STM32F4xx_HAL_Driver/Src/stm32f4xx_hal_cortex.o
 .text.HAL_NVIC_SetPriorityGrouping
                0x0000000008001d62       0x16 ./Drivers/STM32F4xx_HAL_Driver/Src/stm32f4xx_hal_cortex.o
                0x0000000008001d62                HAL_NVIC_SetPriorityGrouping
 .text.HAL_NVIC_SetPriority
                0x0000000008001d78       0x38 ./Drivers/STM32F4xx_HAL_Driver/Src/stm32f4xx_hal_cortex.o
                0x0000000008001d78                HAL_NVIC_SetPriority
 .text.HAL_NVIC_EnableIRQ
                0x0000000008001db0       0x1c ./Drivers/STM32F4xx_HAL_Driver/Src/stm32f4xx_hal_cortex.o
                0x0000000008001db0                HAL_NVIC_EnableIRQ
 .text.HAL_DMA_Abort
                0x0000000008001dcc       0xe0 ./Drivers/STM32F4xx_HAL_Driver/Src/stm32f4xx_hal_dma.o
                0x0000000008001dcc                HAL_DMA_Abort
 .text.HAL_DMA_Abort_IT
                0x0000000008001eac       0x44 ./Drivers/STM32F4xx_HAL_Driver/Src/stm32f4xx_hal_dma.o
                0x0000000008001eac                HAL_DMA_Abort_IT
 .text.HAL_GPIO_Init
                0x0000000008001ef0      0x328 ./Drivers/STM32F4xx_HAL_Driver/Src/stm32f4xx_hal_gpio.o
                0x0000000008001ef0                HAL_GPIO_Init
 .text.HAL_GPIO_WritePin
                0x0000000008002218       0x32 ./Drivers/STM32F4xx_HAL_Driver/Src/stm32f4xx_hal_gpio.o
                0x0000000008002218                HAL_GPIO_WritePin
 *fill*         0x000000000800224a        0x2 
 .text.HAL_GPIO_EXTI_IRQHandler
                0x000000000800224c       0x30 ./Drivers/STM32F4xx_HAL_Driver/Src/stm32f4xx_hal_gpio.o
                0x000000000800224c                HAL_GPIO_EXTI_IRQHandler
 .text.HAL_HCD_Init
                0x000000000800227c       0xc4 ./Drivers/STM32F4xx_HAL_Driver/Src/stm32f4xx_hal_hcd.o
                0x000000000800227c                HAL_HCD_Init
 .text.HAL_HCD_HC_Init
                0x0000000008002340      0x11e ./Drivers/STM32F4xx_HAL_Driver/Src/stm32f4xx_hal_hcd.o
                0x0000000008002340                HAL_HCD_HC_Init
 .text.HAL_HCD_HC_Halt
                0x000000000800245e       0x46 ./Drivers/STM32F4xx_HAL_Driver/Src/stm32f4xx_hal_hcd.o
                0x000000000800245e                HAL_HCD_HC_Halt
 .text.HAL_HCD_HC_SubmitRequest
                0x00000000080024a4      0x2ac ./Drivers/STM32F4xx_HAL_Driver/Src/stm32f4xx_hal_hcd.o
                0x00000000080024a4                HAL_HCD_HC_SubmitRequest
 .text.HAL_HCD_IRQHandler
                0x0000000008002750      0x216 ./Drivers/STM32F4xx_HAL_Driver/Src/stm32f4xx_hal_hcd.o
                0x0000000008002750                HAL_HCD_IRQHandler
 .text.HAL_HCD_Start
                0x0000000008002966       0x46 ./Drivers/STM32F4xx_HAL_Driver/Src/stm32f4xx_hal_hcd.o
                0x0000000008002966                HAL_HCD_Start
 .text.HAL_HCD_Stop
                0x00000000080029ac       0x3a ./Drivers/STM32F4xx_HAL_Driver/Src/stm32f4xx_hal_hcd.o
                0x00000000080029ac                HAL_HCD_Stop
 .text.HAL_HCD_ResetPort
                0x00000000080029e6       0x1c ./Drivers/STM32F4xx_HAL_Driver/Src/stm32f4xx_hal_hcd.o
                0x00000000080029e6                HAL_HCD_ResetPort
 .text.HAL_HCD_HC_GetURBState
                0x0000000008002a02       0x28 ./Drivers/STM32F4xx_HAL_Driver/Src/stm32f4xx_hal_hcd.o
                0x0000000008002a02                HAL_HCD_HC_GetURBState
 .text.HAL_HCD_HC_GetXferCount
                0x0000000008002a2a       0x28 ./Drivers/STM32F4xx_HAL_Driver/Src/stm32f4xx_hal_hcd.o
                0x0000000008002a2a                HAL_HCD_HC_GetXferCount
 .text.HAL_HCD_GetCurrentFrame
                0x0000000008002a52       0x1c ./Drivers/STM32F4xx_HAL_Driver/Src/stm32f4xx_hal_hcd.o
                0x0000000008002a52                HAL_HCD_GetCurrentFrame
 .text.HAL_HCD_GetCurrentSpeed
                0x0000000008002a6e       0x1c ./Drivers/STM32F4xx_HAL_Driver/Src/stm32f4xx_hal_hcd.o
                0x0000000008002a6e                HAL_HCD_GetCurrentSpeed
 .text.HCD_HC_IN_IRQHandler
                0x0000000008002a8a      0x6aa ./Drivers/STM32F4xx_HAL_Driver/Src/stm32f4xx_hal_hcd.o
 .text.HCD_HC_OUT_IRQHandler
                0x0000000008003134      0x6d2 ./Drivers/STM32F4xx_HAL_Driver/Src/stm32f4xx_hal_hcd.o
 .text.HCD_RXQLVL_IRQHandler
                0x0000000008003806      0x1a4 ./Drivers/STM32F4xx_HAL_Driver/Src/stm32f4xx_hal_hcd.o
 .text.HCD_Port_IRQHandler
                0x00000000080039aa       0xe6 ./Drivers/STM32F4xx_HAL_Driver/Src/stm32f4xx_hal_hcd.o
 .text.HAL_PCD_Init
                0x0000000008003a90      0x248 ./Drivers/STM32F4xx_HAL_Driver/Src/stm32f4xx_hal_pcd.o
                0x0000000008003a90                HAL_PCD_Init
 .text.HAL_PCD_Start
                0x0000000008003cd8       0x66 ./Drivers/STM32F4xx_HAL_Driver/Src/stm32f4xx_hal_pcd.o
                0x0000000008003cd8                HAL_PCD_Start
 .text.HAL_PCD_IRQHandler
                0x0000000008003d3e      0x998 ./Drivers/STM32F4xx_HAL_Driver/Src/stm32f4xx_hal_pcd.o
                0x0000000008003d3e                HAL_PCD_IRQHandler
 .text.HAL_PCD_SetAddress
                0x00000000080046d6       0x4a ./Drivers/STM32F4xx_HAL_Driver/Src/stm32f4xx_hal_pcd.o
                0x00000000080046d6                HAL_PCD_SetAddress
 .text.HAL_PCD_EP_Open
                0x0000000008004720       0xd0 ./Drivers/STM32F4xx_HAL_Driver/Src/stm32f4xx_hal_pcd.o
                0x0000000008004720                HAL_PCD_EP_Open
 .text.HAL_PCD_EP_Close
                0x00000000080047f0       0x94 ./Drivers/STM32F4xx_HAL_Driver/Src/stm32f4xx_hal_pcd.o
                0x00000000080047f0                HAL_PCD_EP_Close
 .text.HAL_PCD_EP_Receive
                0x0000000008004884       0x96 ./Drivers/STM32F4xx_HAL_Driver/Src/stm32f4xx_hal_pcd.o
                0x0000000008004884                HAL_PCD_EP_Receive
 .text.HAL_PCD_EP_Transmit
                0x000000000800491a       0x94 ./Drivers/STM32F4xx_HAL_Driver/Src/stm32f4xx_hal_pcd.o
                0x000000000800491a                HAL_PCD_EP_Transmit
 .text.HAL_PCD_EP_SetStall
                0x00000000080049ae       0xc8 ./Drivers/STM32F4xx_HAL_Driver/Src/stm32f4xx_hal_pcd.o
                0x00000000080049ae                HAL_PCD_EP_SetStall
 .text.HAL_PCD_EP_ClrStall
                0x0000000008004a76       0xac ./Drivers/STM32F4xx_HAL_Driver/Src/stm32f4xx_hal_pcd.o
                0x0000000008004a76                HAL_PCD_EP_ClrStall
 .text.HAL_PCD_EP_Abort
                0x0000000008004b22       0x62 ./Drivers/STM32F4xx_HAL_Driver/Src/stm32f4xx_hal_pcd.o
                0x0000000008004b22                HAL_PCD_EP_Abort
 .text.PCD_WriteEmptyTxFifo
                0x0000000008004b84      0x11a ./Drivers/STM32F4xx_HAL_Driver/Src/stm32f4xx_hal_pcd.o
 *fill*         0x0000000008004c9e        0x2 
 .text.PCD_EP_OutXfrComplete_int
                0x0000000008004ca0      0x1d0 ./Drivers/STM32F4xx_HAL_Driver/Src/stm32f4xx_hal_pcd.o
 .text.PCD_EP_OutSetupPacket_int
                0x0000000008004e70       0x8c ./Drivers/STM32F4xx_HAL_Driver/Src/stm32f4xx_hal_pcd.o
 .text.HAL_PCDEx_SetTxFiFo
                0x0000000008004efc       0x8e ./Drivers/STM32F4xx_HAL_Driver/Src/stm32f4xx_hal_pcd_ex.o
                0x0000000008004efc                HAL_PCDEx_SetTxFiFo
 .text.HAL_PCDEx_SetRxFiFo
                0x0000000008004f8a       0x22 ./Drivers/STM32F4xx_HAL_Driver/Src/stm32f4xx_hal_pcd_ex.o
                0x0000000008004f8a                HAL_PCDEx_SetRxFiFo
 .text.HAL_PCDEx_ActivateLPM
                0x0000000008004fac       0x48 ./Drivers/STM32F4xx_HAL_Driver/Src/stm32f4xx_hal_pcd_ex.o
                0x0000000008004fac                HAL_PCDEx_ActivateLPM
 .text.HAL_RCC_ClockConfig
                0x0000000008004ff4      0x1cc ./Drivers/STM32F4xx_HAL_Driver/Src/stm32f4xx_hal_rcc.o
                0x0000000008004ff4                HAL_RCC_ClockConfig
 .text.HAL_RCC_GetHCLKFreq
                0x00000000080051c0       0x18 ./Drivers/STM32F4xx_HAL_Driver/Src/stm32f4xx_hal_rcc.o
                0x00000000080051c0                HAL_RCC_GetHCLKFreq
 .text.HAL_RCC_GetPCLK1Freq
                0x00000000080051d8       0x28 ./Drivers/STM32F4xx_HAL_Driver/Src/stm32f4xx_hal_rcc.o
                0x00000000080051d8                HAL_RCC_GetPCLK1Freq
 .text.HAL_RCC_GetPCLK2Freq
                0x0000000008005200       0x28 ./Drivers/STM32F4xx_HAL_Driver/Src/stm32f4xx_hal_rcc.o
                0x0000000008005200                HAL_RCC_GetPCLK2Freq
 .text.HAL_RCC_GetClockConfig
                0x0000000008005228       0x64 ./Drivers/STM32F4xx_HAL_Driver/Src/stm32f4xx_hal_rcc.o
                0x0000000008005228                HAL_RCC_GetClockConfig
 .text.HAL_RCCEx_PeriphCLKConfig
                0x000000000800528c      0x654 ./Drivers/STM32F4xx_HAL_Driver/Src/stm32f4xx_hal_rcc_ex.o
                0x000000000800528c                HAL_RCCEx_PeriphCLKConfig
 .text.HAL_RCC_GetSysClockFreq
                0x00000000080058e0      0x460 ./Drivers/STM32F4xx_HAL_Driver/Src/stm32f4xx_hal_rcc_ex.o
                0x00000000080058e0                HAL_RCC_GetSysClockFreq
 .text.HAL_RCC_OscConfig
                0x0000000008005d40      0x53c ./Drivers/STM32F4xx_HAL_Driver/Src/stm32f4xx_hal_rcc_ex.o
                0x0000000008005d40                HAL_RCC_OscConfig
 .text.HAL_SPI_Init
                0x000000000800627c      0x112 ./Drivers/STM32F4xx_HAL_Driver/Src/stm32f4xx_hal_spi.o
                0x000000000800627c                HAL_SPI_Init
 .text.HAL_SPI_Transmit
                0x000000000800638e      0x278 ./Drivers/STM32F4xx_HAL_Driver/Src/stm32f4xx_hal_spi.o
                0x000000000800638e                HAL_SPI_Transmit
 *fill*         0x0000000008006606        0x2 
 .text.SPI_WaitFlagStateUntilTimeout
                0x0000000008006608      0x110 ./Drivers/STM32F4xx_HAL_Driver/Src/stm32f4xx_hal_spi.o
 .text.SPI_EndRxTxTransaction
                0x0000000008006718       0x84 ./Drivers/STM32F4xx_HAL_Driver/Src/stm32f4xx_hal_spi.o
 .text.HAL_TIM_Base_Init
                0x000000000800679c       0x9e ./Drivers/STM32F4xx_HAL_Driver/Src/stm32f4xx_hal_tim.o
                0x000000000800679c                HAL_TIM_Base_Init
 .text.HAL_TIM_Base_MspInit
                0x000000000800683a       0x14 ./Drivers/STM32F4xx_HAL_Driver/Src/stm32f4xx_hal_tim.o
                0x000000000800683a                HAL_TIM_Base_MspInit
 *fill*         0x000000000800684e        0x2 
 .text.HAL_TIM_Base_Start_IT
                0x0000000008006850       0xe0 ./Drivers/STM32F4xx_HAL_Driver/Src/stm32f4xx_hal_tim.o
                0x0000000008006850                HAL_TIM_Base_Start_IT
 .text.HAL_TIM_IRQHandler
                0x0000000008006930      0x210 ./Drivers/STM32F4xx_HAL_Driver/Src/stm32f4xx_hal_tim.o
                0x0000000008006930                HAL_TIM_IRQHandler
 .text.HAL_TIM_OC_DelayElapsedCallback
                0x0000000008006b40       0x14 ./Drivers/STM32F4xx_HAL_Driver/Src/stm32f4xx_hal_tim.o
                0x0000000008006b40                HAL_TIM_OC_DelayElapsedCallback
 .text.HAL_TIM_IC_CaptureCallback
                0x0000000008006b54       0x14 ./Drivers/STM32F4xx_HAL_Driver/Src/stm32f4xx_hal_tim.o
                0x0000000008006b54                HAL_TIM_IC_CaptureCallback
 .text.HAL_TIM_PWM_PulseFinishedCallback
                0x0000000008006b68       0x14 ./Drivers/STM32F4xx_HAL_Driver/Src/stm32f4xx_hal_tim.o
                0x0000000008006b68                HAL_TIM_PWM_PulseFinishedCallback
 .text.HAL_TIM_TriggerCallback
                0x0000000008006b7c       0x14 ./Drivers/STM32F4xx_HAL_Driver/Src/stm32f4xx_hal_tim.o
                0x0000000008006b7c                HAL_TIM_TriggerCallback
 .text.TIM_Base_SetConfig
                0x0000000008006b90      0x140 ./Drivers/STM32F4xx_HAL_Driver/Src/stm32f4xx_hal_tim.o
                0x0000000008006b90                TIM_Base_SetConfig
 .text.HAL_TIMEx_CommutCallback
                0x0000000008006cd0       0x14 ./Drivers/STM32F4xx_HAL_Driver/Src/stm32f4xx_hal_tim_ex.o
                0x0000000008006cd0                HAL_TIMEx_CommutCallback
 .text.HAL_TIMEx_BreakCallback
                0x0000000008006ce4       0x14 ./Drivers/STM32F4xx_HAL_Driver/Src/stm32f4xx_hal_tim_ex.o
                0x0000000008006ce4                HAL_TIMEx_BreakCallback
 .text.HAL_UART_Init
                0x0000000008006cf8       0x9a ./Drivers/STM32F4xx_HAL_Driver/Src/stm32f4xx_hal_uart.o
                0x0000000008006cf8                HAL_UART_Init
 *fill*         0x0000000008006d92        0x2 
 .text.HAL_UART_IRQHandler
                0x0000000008006d94      0x51c ./Drivers/STM32F4xx_HAL_Driver/Src/stm32f4xx_hal_uart.o
                0x0000000008006d94                HAL_UART_IRQHandler
 .text.HAL_UART_TxCpltCallback
                0x00000000080072b0       0x14 ./Drivers/STM32F4xx_HAL_Driver/Src/stm32f4xx_hal_uart.o
                0x00000000080072b0                HAL_UART_TxCpltCallback
 .text.HAL_UART_RxCpltCallback
                0x00000000080072c4       0x14 ./Drivers/STM32F4xx_HAL_Driver/Src/stm32f4xx_hal_uart.o
                0x00000000080072c4                HAL_UART_RxCpltCallback
 .text.HAL_UART_ErrorCallback
                0x00000000080072d8       0x14 ./Drivers/STM32F4xx_HAL_Driver/Src/stm32f4xx_hal_uart.o
                0x00000000080072d8                HAL_UART_ErrorCallback
 .text.HAL_UARTEx_RxEventCallback
                0x00000000080072ec       0x18 ./Drivers/STM32F4xx_HAL_Driver/Src/stm32f4xx_hal_uart.o
                0x00000000080072ec                HAL_UARTEx_RxEventCallback
 .text.UART_EndRxTransfer
                0x0000000008007304       0xc6 ./Drivers/STM32F4xx_HAL_Driver/Src/stm32f4xx_hal_uart.o
 .text.UART_DMAAbortOnError
                0x00000000080073ca       0x28 ./Drivers/STM32F4xx_HAL_Driver/Src/stm32f4xx_hal_uart.o
 .text.UART_Transmit_IT
                0x00000000080073f2       0xa0 ./Drivers/STM32F4xx_HAL_Driver/Src/stm32f4xx_hal_uart.o
 .text.UART_EndTransmit_IT
                0x0000000008007492       0x30 ./Drivers/STM32F4xx_HAL_Driver/Src/stm32f4xx_hal_uart.o
 .text.UART_Receive_IT
                0x00000000080074c2      0x176 ./Drivers/STM32F4xx_HAL_Driver/Src/stm32f4xx_hal_uart.o
 .text.UART_SetConfig
                0x0000000008007638      0x4e8 ./Drivers/STM32F4xx_HAL_Driver/Src/stm32f4xx_hal_uart.o
 .text.USB_CoreInit
                0x0000000008007b20       0xc2 ./Drivers/STM32F4xx_HAL_Driver/Src/stm32f4xx_ll_usb.o
                0x0000000008007b20                USB_CoreInit
 *fill*         0x0000000008007be2        0x2 
 .text.USB_SetTurnaroundTime
                0x0000000008007be4      0x144 ./Drivers/STM32F4xx_HAL_Driver/Src/stm32f4xx_ll_usb.o
                0x0000000008007be4                USB_SetTurnaroundTime
 .text.USB_EnableGlobalInt
                0x0000000008007d28       0x22 ./Drivers/STM32F4xx_HAL_Driver/Src/stm32f4xx_ll_usb.o
                0x0000000008007d28                USB_EnableGlobalInt
 .text.USB_DisableGlobalInt
                0x0000000008007d4a       0x22 ./Drivers/STM32F4xx_HAL_Driver/Src/stm32f4xx_ll_usb.o
                0x0000000008007d4a                USB_DisableGlobalInt
 .text.USB_SetCurrentMode
                0x0000000008007d6c       0x98 ./Drivers/STM32F4xx_HAL_Driver/Src/stm32f4xx_ll_usb.o
                0x0000000008007d6c                USB_SetCurrentMode
 .text.USB_DevInit
                0x0000000008007e04      0x2bc ./Drivers/STM32F4xx_HAL_Driver/Src/stm32f4xx_ll_usb.o
                0x0000000008007e04                USB_DevInit
 .text.USB_FlushTxFifo
                0x00000000080080c0       0x68 ./Drivers/STM32F4xx_HAL_Driver/Src/stm32f4xx_ll_usb.o
                0x00000000080080c0                USB_FlushTxFifo
 .text.USB_FlushRxFifo
                0x0000000008008128       0x60 ./Drivers/STM32F4xx_HAL_Driver/Src/stm32f4xx_ll_usb.o
                0x0000000008008128                USB_FlushRxFifo
 .text.USB_SetDevSpeed
                0x0000000008008188       0x32 ./Drivers/STM32F4xx_HAL_Driver/Src/stm32f4xx_ll_usb.o
                0x0000000008008188                USB_SetDevSpeed
 .text.USB_GetDevSpeed
                0x00000000080081ba       0x4a ./Drivers/STM32F4xx_HAL_Driver/Src/stm32f4xx_ll_usb.o
                0x00000000080081ba                USB_GetDevSpeed
 .text.USB_ActivateEndpoint
                0x0000000008008204      0x10e ./Drivers/STM32F4xx_HAL_Driver/Src/stm32f4xx_ll_usb.o
                0x0000000008008204                USB_ActivateEndpoint
 *fill*         0x0000000008008312        0x2 
 .text.USB_DeactivateEndpoint
                0x0000000008008314      0x1b8 ./Drivers/STM32F4xx_HAL_Driver/Src/stm32f4xx_ll_usb.o
                0x0000000008008314                USB_DeactivateEndpoint
 .text.USB_EPStartXfer
                0x00000000080084cc      0x490 ./Drivers/STM32F4xx_HAL_Driver/Src/stm32f4xx_ll_usb.o
                0x00000000080084cc                USB_EPStartXfer
 .text.USB_EP0StartXfer
                0x000000000800895c      0x2b0 ./Drivers/STM32F4xx_HAL_Driver/Src/stm32f4xx_ll_usb.o
                0x000000000800895c                USB_EP0StartXfer
 .text.USB_EPStopXfer
                0x0000000008008c0c      0x154 ./Drivers/STM32F4xx_HAL_Driver/Src/stm32f4xx_ll_usb.o
                0x0000000008008c0c                USB_EPStopXfer
 .text.USB_WritePacket
                0x0000000008008d60       0x7c ./Drivers/STM32F4xx_HAL_Driver/Src/stm32f4xx_ll_usb.o
                0x0000000008008d60                USB_WritePacket
 .text.USB_ReadPacket
                0x0000000008008ddc       0xb0 ./Drivers/STM32F4xx_HAL_Driver/Src/stm32f4xx_ll_usb.o
                0x0000000008008ddc                USB_ReadPacket
 .text.USB_EPSetStall
                0x0000000008008e8c       0xdc ./Drivers/STM32F4xx_HAL_Driver/Src/stm32f4xx_ll_usb.o
                0x0000000008008e8c                USB_EPSetStall
 .text.USB_EPClearStall
                0x0000000008008f68       0xcc ./Drivers/STM32F4xx_HAL_Driver/Src/stm32f4xx_ll_usb.o
                0x0000000008008f68                USB_EPClearStall
 .text.USB_SetDevAddress
                0x0000000008009034       0x4c ./Drivers/STM32F4xx_HAL_Driver/Src/stm32f4xx_ll_usb.o
                0x0000000008009034                USB_SetDevAddress
 .text.USB_DevConnect
                0x0000000008009080       0x42 ./Drivers/STM32F4xx_HAL_Driver/Src/stm32f4xx_ll_usb.o
                0x0000000008009080                USB_DevConnect
 .text.USB_DevDisconnect
                0x00000000080090c2       0x42 ./Drivers/STM32F4xx_HAL_Driver/Src/stm32f4xx_ll_usb.o
                0x00000000080090c2                USB_DevDisconnect
 .text.USB_ReadInterrupts
                0x0000000008009104       0x26 ./Drivers/STM32F4xx_HAL_Driver/Src/stm32f4xx_ll_usb.o
                0x0000000008009104                USB_ReadInterrupts
 .text.USB_ReadDevAllOutEpInterrupt
                0x000000000800912a       0x34 ./Drivers/STM32F4xx_HAL_Driver/Src/stm32f4xx_ll_usb.o
                0x000000000800912a                USB_ReadDevAllOutEpInterrupt
 .text.USB_ReadDevAllInEpInterrupt
                0x000000000800915e       0x34 ./Drivers/STM32F4xx_HAL_Driver/Src/stm32f4xx_ll_usb.o
                0x000000000800915e                USB_ReadDevAllInEpInterrupt
 .text.USB_ReadDevOutEPInterrupt
                0x0000000008009192       0x3c ./Drivers/STM32F4xx_HAL_Driver/Src/stm32f4xx_ll_usb.o
                0x0000000008009192                USB_ReadDevOutEPInterrupt
 .text.USB_ReadDevInEPInterrupt
                0x00000000080091ce       0x5c ./Drivers/STM32F4xx_HAL_Driver/Src/stm32f4xx_ll_usb.o
                0x00000000080091ce                USB_ReadDevInEPInterrupt
 .text.USB_GetMode
                0x000000000800922a       0x1c ./Drivers/STM32F4xx_HAL_Driver/Src/stm32f4xx_ll_usb.o
                0x000000000800922a                USB_GetMode
 .text.USB_ActivateSetup
                0x0000000008009246       0x46 ./Drivers/STM32F4xx_HAL_Driver/Src/stm32f4xx_ll_usb.o
                0x0000000008009246                USB_ActivateSetup
 .text.USB_EP0_OutStart
                0x000000000800928c       0xbc ./Drivers/STM32F4xx_HAL_Driver/Src/stm32f4xx_ll_usb.o
                0x000000000800928c                USB_EP0_OutStart
 .text.USB_CoreReset
                0x0000000008009348       0x68 ./Drivers/STM32F4xx_HAL_Driver/Src/stm32f4xx_ll_usb.o
 .text.USB_HostInit
                0x00000000080093b0      0x168 ./Drivers/STM32F4xx_HAL_Driver/Src/stm32f4xx_ll_usb.o
                0x00000000080093b0                USB_HostInit
 .text.USB_InitFSLSPClkSel
                0x0000000008009518       0x74 ./Drivers/STM32F4xx_HAL_Driver/Src/stm32f4xx_ll_usb.o
                0x0000000008009518                USB_InitFSLSPClkSel
 .text.USB_ResetPort
                0x000000000800958c       0x54 ./Drivers/STM32F4xx_HAL_Driver/Src/stm32f4xx_ll_usb.o
                0x000000000800958c                USB_ResetPort
 .text.USB_DriveVbus
                0x00000000080095e0       0x72 ./Drivers/STM32F4xx_HAL_Driver/Src/stm32f4xx_ll_usb.o
                0x00000000080095e0                USB_DriveVbus
 .text.USB_GetHostSpeed
                0x0000000008009652       0x2e ./Drivers/STM32F4xx_HAL_Driver/Src/stm32f4xx_ll_usb.o
                0x0000000008009652                USB_GetHostSpeed
 .text.USB_GetCurrentFrame
                0x0000000008009680       0x22 ./Drivers/STM32F4xx_HAL_Driver/Src/stm32f4xx_ll_usb.o
                0x0000000008009680                USB_GetCurrentFrame
 *fill*         0x00000000080096a2        0x2 
 .text.USB_HC_Init
                0x00000000080096a4      0x244 ./Drivers/STM32F4xx_HAL_Driver/Src/stm32f4xx_ll_usb.o
                0x00000000080096a4                USB_HC_Init
 .text.USB_HC_StartXfer
                0x00000000080098e8      0x284 ./Drivers/STM32F4xx_HAL_Driver/Src/stm32f4xx_ll_usb.o
                0x00000000080098e8                USB_HC_StartXfer
 .text.USB_HC_ReadInterrupt
                0x0000000008009b6c       0x22 ./Drivers/STM32F4xx_HAL_Driver/Src/stm32f4xx_ll_usb.o
                0x0000000008009b6c                USB_HC_ReadInterrupt
 .text.USB_HC_Halt
                0x0000000008009b8e      0x1f8 ./Drivers/STM32F4xx_HAL_Driver/Src/stm32f4xx_ll_usb.o
                0x0000000008009b8e                USB_HC_Halt
 *fill*         0x0000000008009d86        0x2 
 .text.USB_DoPing
                0x0000000008009d88       0x78 ./Drivers/STM32F4xx_HAL_Driver/Src/stm32f4xx_ll_usb.o
                0x0000000008009d88                USB_DoPing
 .text.USB_StopHost
                0x0000000008009e00      0x124 ./Drivers/STM32F4xx_HAL_Driver/Src/stm32f4xx_ll_usb.o
                0x0000000008009e00                USB_StopHost
 .text.USBD_HID_Init
                0x0000000008009f24       0xcc ./Middlewares/ST/STM32_USB_Device_Library/Class/HID/Src/usbd_hid.o
 .text.USBD_HID_DeInit
                0x0000000008009ff0       0x90 ./Middlewares/ST/STM32_USB_Device_Library/Class/HID/Src/usbd_hid.o
 .text.USBD_HID_Setup
                0x000000000800a080      0x210 ./Middlewares/ST/STM32_USB_Device_Library/Class/HID/Src/usbd_hid.o
 .text.USBD_HID_SendReport
                0x000000000800a290       0x60 ./Middlewares/ST/STM32_USB_Device_Library/Class/HID/Src/usbd_hid.o
                0x000000000800a290                USBD_HID_SendReport
 .text.USBD_HID_GetFSCfgDesc
                0x000000000800a2f0       0x34 ./Middlewares/ST/STM32_USB_Device_Library/Class/HID/Src/usbd_hid.o
 .text.USBD_HID_GetHSCfgDesc
                0x000000000800a324       0x34 ./Middlewares/ST/STM32_USB_Device_Library/Class/HID/Src/usbd_hid.o
 .text.USBD_HID_GetOtherSpeedCfgDesc
                0x000000000800a358       0x34 ./Middlewares/ST/STM32_USB_Device_Library/Class/HID/Src/usbd_hid.o
 .text.USBD_HID_DataIn
                0x000000000800a38c       0x2c ./Middlewares/ST/STM32_USB_Device_Library/Class/HID/Src/usbd_hid.o
 .text.USBD_HID_GetDeviceQualifierDesc
                0x000000000800a3b8       0x20 ./Middlewares/ST/STM32_USB_Device_Library/Class/HID/Src/usbd_hid.o
 .text.USBD_Init
                0x000000000800a3d8       0x60 ./Middlewares/ST/STM32_USB_Device_Library/Core/Src/usbd_core.o
                0x000000000800a3d8                USBD_Init
 .text.USBD_RegisterClass
                0x000000000800a438       0x6c ./Middlewares/ST/STM32_USB_Device_Library/Core/Src/usbd_core.o
                0x000000000800a438                USBD_RegisterClass
 .text.USBD_Start
                0x000000000800a4a4       0x18 ./Middlewares/ST/STM32_USB_Device_Library/Core/Src/usbd_core.o
                0x000000000800a4a4                USBD_Start
 .text.USBD_RunTestMode
                0x000000000800a4bc       0x16 ./Middlewares/ST/STM32_USB_Device_Library/Core/Src/usbd_core.o
                0x000000000800a4bc                USBD_RunTestMode
 .text.USBD_SetClassConfig
                0x000000000800a4d2       0x38 ./Middlewares/ST/STM32_USB_Device_Library/Core/Src/usbd_core.o
                0x000000000800a4d2                USBD_SetClassConfig
 .text.USBD_ClrClassConfig
                0x000000000800a50a       0x34 ./Middlewares/ST/STM32_USB_Device_Library/Core/Src/usbd_core.o
                0x000000000800a50a                USBD_ClrClassConfig
 .text.USBD_LL_SetupStage
                0x000000000800a53e       0xaa ./Middlewares/ST/STM32_USB_Device_Library/Core/Src/usbd_core.o
                0x000000000800a53e                USBD_LL_SetupStage
 .text.USBD_LL_DataOutStage
                0x000000000800a5e8      0x166 ./Middlewares/ST/STM32_USB_Device_Library/Core/Src/usbd_core.o
                0x000000000800a5e8                USBD_LL_DataOutStage
 .text.USBD_LL_DataInStage
                0x000000000800a74e      0x164 ./Middlewares/ST/STM32_USB_Device_Library/Core/Src/usbd_core.o
                0x000000000800a74e                USBD_LL_DataInStage
 .text.USBD_LL_Reset
                0x000000000800a8b2       0xa4 ./Middlewares/ST/STM32_USB_Device_Library/Core/Src/usbd_core.o
                0x000000000800a8b2                USBD_LL_Reset
 .text.USBD_LL_SetSpeed
                0x000000000800a956       0x20 ./Middlewares/ST/STM32_USB_Device_Library/Core/Src/usbd_core.o
                0x000000000800a956                USBD_LL_SetSpeed
 .text.USBD_LL_Suspend
                0x000000000800a976       0x2c ./Middlewares/ST/STM32_USB_Device_Library/Core/Src/usbd_core.o
                0x000000000800a976                USBD_LL_Suspend
 .text.USBD_LL_Resume
                0x000000000800a9a2       0x30 ./Middlewares/ST/STM32_USB_Device_Library/Core/Src/usbd_core.o
                0x000000000800a9a2                USBD_LL_Resume
 .text.USBD_LL_SOF
                0x000000000800a9d2       0x40 ./Middlewares/ST/STM32_USB_Device_Library/Core/Src/usbd_core.o
                0x000000000800a9d2                USBD_LL_SOF
 .text.USBD_LL_IsoINIncomplete
                0x000000000800aa12       0x64 ./Middlewares/ST/STM32_USB_Device_Library/Core/Src/usbd_core.o
                0x000000000800aa12                USBD_LL_IsoINIncomplete
 .text.USBD_LL_IsoOUTIncomplete
                0x000000000800aa76       0x64 ./Middlewares/ST/STM32_USB_Device_Library/Core/Src/usbd_core.o
                0x000000000800aa76                USBD_LL_IsoOUTIncomplete
 .text.USBD_LL_DevConnected
                0x000000000800aada       0x16 ./Middlewares/ST/STM32_USB_Device_Library/Core/Src/usbd_core.o
                0x000000000800aada                USBD_LL_DevConnected
 .text.USBD_LL_DevDisconnected
                0x000000000800aaf0       0x46 ./Middlewares/ST/STM32_USB_Device_Library/Core/Src/usbd_core.o
                0x000000000800aaf0                USBD_LL_DevDisconnected
 .text.USBD_CoreFindIF
                0x000000000800ab36       0x1a ./Middlewares/ST/STM32_USB_Device_Library/Core/Src/usbd_core.o
                0x000000000800ab36                USBD_CoreFindIF
 .text.USBD_CoreFindEP
                0x000000000800ab50       0x1a ./Middlewares/ST/STM32_USB_Device_Library/Core/Src/usbd_core.o
                0x000000000800ab50                USBD_CoreFindEP
 .text.USBD_GetEpDesc
                0x000000000800ab6a       0x74 ./Middlewares/ST/STM32_USB_Device_Library/Core/Src/usbd_core.o
                0x000000000800ab6a                USBD_GetEpDesc
 .text.USBD_GetNextDesc
                0x000000000800abde       0x3a ./Middlewares/ST/STM32_USB_Device_Library/Core/Src/usbd_core.o
                0x000000000800abde                USBD_GetNextDesc
 .text.SWAPBYTE
                0x000000000800ac18       0x3c ./Middlewares/ST/STM32_USB_Device_Library/Core/Src/usbd_ctlreq.o
 .text.USBD_StdDevReq
                0x000000000800ac54       0xe4 ./Middlewares/ST/STM32_USB_Device_Library/Core/Src/usbd_ctlreq.o
                0x000000000800ac54                USBD_StdDevReq
 .text.USBD_StdItfReq
                0x000000000800ad38       0xd8 ./Middlewares/ST/STM32_USB_Device_Library/Core/Src/usbd_ctlreq.o
                0x000000000800ad38                USBD_StdItfReq
 .text.USBD_StdEPReq
                0x000000000800ae10      0x33a ./Middlewares/ST/STM32_USB_Device_Library/Core/Src/usbd_ctlreq.o
                0x000000000800ae10                USBD_StdEPReq
 *fill*         0x000000000800b14a        0x2 
 .text.USBD_GetDescriptor
                0x000000000800b14c      0x328 ./Middlewares/ST/STM32_USB_Device_Library/Core/Src/usbd_ctlreq.o
 .text.USBD_SetAddress
                0x000000000800b474       0x88 ./Middlewares/ST/STM32_USB_Device_Library/Core/Src/usbd_ctlreq.o
 .text.USBD_SetConfig
                0x000000000800b4fc      0x154 ./Middlewares/ST/STM32_USB_Device_Library/Core/Src/usbd_ctlreq.o
 .text.USBD_GetConfig
                0x000000000800b650       0x6c ./Middlewares/ST/STM32_USB_Device_Library/Core/Src/usbd_ctlreq.o
 .text.USBD_GetStatus
                0x000000000800b6bc       0x68 ./Middlewares/ST/STM32_USB_Device_Library/Core/Src/usbd_ctlreq.o
 .text.USBD_SetFeature
                0x000000000800b724       0x52 ./Middlewares/ST/STM32_USB_Device_Library/Core/Src/usbd_ctlreq.o
 .text.USBD_ClrFeature
                0x000000000800b776       0x44 ./Middlewares/ST/STM32_USB_Device_Library/Core/Src/usbd_ctlreq.o
 .text.USBD_ParseSetupRequest
                0x000000000800b7ba       0x74 ./Middlewares/ST/STM32_USB_Device_Library/Core/Src/usbd_ctlreq.o
                0x000000000800b7ba                USBD_ParseSetupRequest
 .text.USBD_CtlError
                0x000000000800b82e       0x22 ./Middlewares/ST/STM32_USB_Device_Library/Core/Src/usbd_ctlreq.o
                0x000000000800b82e                USBD_CtlError
 .text.USBD_GetString
                0x000000000800b850       0x8c ./Middlewares/ST/STM32_USB_Device_Library/Core/Src/usbd_ctlreq.o
                0x000000000800b850                USBD_GetString
 .text.USBD_GetLen
                0x000000000800b8dc       0x34 ./Middlewares/ST/STM32_USB_Device_Library/Core/Src/usbd_ctlreq.o
 .text.USBD_CtlSendData
                0x000000000800b910       0x36 ./Middlewares/ST/STM32_USB_Device_Library/Core/Src/usbd_ioreq.o
                0x000000000800b910                USBD_CtlSendData
 .text.USBD_CtlContinueSendData
                0x000000000800b946       0x22 ./Middlewares/ST/STM32_USB_Device_Library/Core/Src/usbd_ioreq.o
                0x000000000800b946                USBD_CtlContinueSendData
 .text.USBD_CtlContinueRx
                0x000000000800b968       0x22 ./Middlewares/ST/STM32_USB_Device_Library/Core/Src/usbd_ioreq.o
                0x000000000800b968                USBD_CtlContinueRx
 .text.USBD_CtlSendStatus
                0x000000000800b98a       0x26 ./Middlewares/ST/STM32_USB_Device_Library/Core/Src/usbd_ioreq.o
                0x000000000800b98a                USBD_CtlSendStatus
 .text.USBD_CtlReceiveStatus
                0x000000000800b9b0       0x26 ./Middlewares/ST/STM32_USB_Device_Library/Core/Src/usbd_ioreq.o
                0x000000000800b9b0                USBD_CtlReceiveStatus
 *fill*         0x000000000800b9d6        0x2 
 .text.USBH_HID_InterfaceInit
                0x000000000800b9d8      0x254 ./Middlewares/ST/STM32_USB_Host_Library/Class/HID/Src/usbh_hid.o
 .text.USBH_HID_InterfaceDeInit
                0x000000000800bc2c       0x8c ./Middlewares/ST/STM32_USB_Host_Library/Class/HID/Src/usbh_hid.o
 .text.USBH_HID_ClassRequest
                0x000000000800bcb8       0xfc ./Middlewares/ST/STM32_USB_Host_Library/Class/HID/Src/usbh_hid.o
 .text.USBH_HID_Process
                0x000000000800bdb4      0x1f4 ./Middlewares/ST/STM32_USB_Host_Library/Class/HID/Src/usbh_hid.o
 .text.USBH_HID_SOFProcess
                0x000000000800bfa8       0x5a ./Middlewares/ST/STM32_USB_Host_Library/Class/HID/Src/usbh_hid.o
 .text.USBH_HID_GetHIDReportDescriptor
                0x000000000800c002       0x32 ./Middlewares/ST/STM32_USB_Host_Library/Class/HID/Src/usbh_hid.o
                0x000000000800c002                USBH_HID_GetHIDReportDescriptor
 .text.USBH_HID_SetIdle
                0x000000000800c034       0x50 ./Middlewares/ST/STM32_USB_Host_Library/Class/HID/Src/usbh_hid.o
                0x000000000800c034                USBH_HID_SetIdle
 .text.USBH_HID_GetReport
                0x000000000800c084       0x58 ./Middlewares/ST/STM32_USB_Host_Library/Class/HID/Src/usbh_hid.o
                0x000000000800c084                USBH_HID_GetReport
 .text.USBH_HID_SetProtocol
                0x000000000800c0dc       0x4c ./Middlewares/ST/STM32_USB_Host_Library/Class/HID/Src/usbh_hid.o
                0x000000000800c0dc                USBH_HID_SetProtocol
 .text.USBH_HID_ParseHIDDesc
                0x000000000800c128       0xbc ./Middlewares/ST/STM32_USB_Host_Library/Class/HID/Src/usbh_hid.o
 .text.USBH_HID_FifoInit
                0x000000000800c1e4       0x38 ./Middlewares/ST/STM32_USB_Host_Library/Class/HID/Src/usbh_hid.o
                0x000000000800c1e4                USBH_HID_FifoInit
 .text.USBH_HID_FifoRead
                0x000000000800c21c       0x92 ./Middlewares/ST/STM32_USB_Host_Library/Class/HID/Src/usbh_hid.o
                0x000000000800c21c                USBH_HID_FifoRead
 .text.USBH_HID_FifoWrite
                0x000000000800c2ae       0xa8 ./Middlewares/ST/STM32_USB_Host_Library/Class/HID/Src/usbh_hid.o
                0x000000000800c2ae                USBH_HID_FifoWrite
 *fill*         0x000000000800c356        0x2 
 .text.USBH_HID_KeybdInit
                0x000000000800c358       0xa8 ./Middlewares/ST/STM32_USB_Host_Library/Class/HID/Src/usbh_hid_keybd.o
                0x000000000800c358                USBH_HID_KeybdInit
 .text.USBH_HID_GetKeybdInfo
                0x000000000800c400       0x28 ./Middlewares/ST/STM32_USB_Host_Library/Class/HID/Src/usbh_hid_keybd.o
                0x000000000800c400                USBH_HID_GetKeybdInfo
 .text.USBH_HID_KeybdDecode
                0x000000000800c428      0x120 ./Middlewares/ST/STM32_USB_Host_Library/Class/HID/Src/usbh_hid_keybd.o
 .text.USBH_HID_GetASCIICode
                0x000000000800c548       0x58 ./Middlewares/ST/STM32_USB_Host_Library/Class/HID/Src/usbh_hid_keybd.o
                0x000000000800c548                USBH_HID_GetASCIICode
 .text.USBH_HID_MouseInit
                0x000000000800c5a0       0x94 ./Middlewares/ST/STM32_USB_Host_Library/Class/HID/Src/usbh_hid_mouse.o
                0x000000000800c5a0                USBH_HID_MouseInit
 .text.HID_ReadItem
                0x000000000800c634      0x134 ./Middlewares/ST/STM32_USB_Host_Library/Class/HID/Src/usbh_hid_parser.o
                0x000000000800c634                HID_ReadItem
 .text.USBH_Init
                0x000000000800c768       0xc4 ./Middlewares/ST/STM32_USB_Host_Library/Core/Src/usbh_core.o
                0x000000000800c768                USBH_Init
 .text.DeInitStateMachine
                0x000000000800c82c       0xa8 ./Middlewares/ST/STM32_USB_Host_Library/Core/Src/usbh_core.o
 .text.USBH_RegisterClass
                0x000000000800c8d4       0x54 ./Middlewares/ST/STM32_USB_Host_Library/Core/Src/usbh_core.o
                0x000000000800c8d4                USBH_RegisterClass
 .text.USBH_SelectInterface
                0x000000000800c928       0x38 ./Middlewares/ST/STM32_USB_Host_Library/Core/Src/usbh_core.o
                0x000000000800c928                USBH_SelectInterface
 .text.USBH_FindInterface
                0x000000000800c960       0x8c ./Middlewares/ST/STM32_USB_Host_Library/Core/Src/usbh_core.o
                0x000000000800c960                USBH_FindInterface
 .text.USBH_Start
                0x000000000800c9ec       0x20 ./Middlewares/ST/STM32_USB_Host_Library/Core/Src/usbh_core.o
                0x000000000800c9ec                USBH_Start
 .text.USBH_Process
                0x000000000800ca0c      0x4d8 ./Middlewares/ST/STM32_USB_Host_Library/Core/Src/usbh_core.o
                0x000000000800ca0c                USBH_Process
 .text.USBH_HandleEnum
                0x000000000800cee4      0x458 ./Middlewares/ST/STM32_USB_Host_Library/Core/Src/usbh_core.o
 .text.USBH_LL_SetTimer
                0x000000000800d33c       0x1e ./Middlewares/ST/STM32_USB_Host_Library/Core/Src/usbh_core.o
                0x000000000800d33c                USBH_LL_SetTimer
 .text.USBH_LL_IncTimer
                0x000000000800d35a       0x24 ./Middlewares/ST/STM32_USB_Host_Library/Core/Src/usbh_core.o
                0x000000000800d35a                USBH_LL_IncTimer
 .text.USBH_HandleSof
                0x000000000800d37e       0x30 ./Middlewares/ST/STM32_USB_Host_Library/Core/Src/usbh_core.o
 .text.USBH_LL_PortEnabled
                0x000000000800d3ae       0x34 ./Middlewares/ST/STM32_USB_Host_Library/Core/Src/usbh_core.o
                0x000000000800d3ae                USBH_LL_PortEnabled
 .text.USBH_LL_PortDisabled
                0x000000000800d3e2       0x1c ./Middlewares/ST/STM32_USB_Host_Library/Core/Src/usbh_core.o
                0x000000000800d3e2                USBH_LL_PortDisabled
 .text.USBH_LL_Connect
                0x000000000800d3fe       0x46 ./Middlewares/ST/STM32_USB_Host_Library/Core/Src/usbh_core.o
                0x000000000800d3fe                USBH_LL_Connect
 .text.USBH_LL_Disconnect
                0x000000000800d444       0x64 ./Middlewares/ST/STM32_USB_Host_Library/Core/Src/usbh_core.o
                0x000000000800d444                USBH_LL_Disconnect
 .text.USBH_Process_OS
                0x000000000800d4a8       0x2a ./Middlewares/ST/STM32_USB_Host_Library/Core/Src/usbh_core.o
 .text.USBH_LL_NotifyURBChange
                0x000000000800d4d2       0x2e ./Middlewares/ST/STM32_USB_Host_Library/Core/Src/usbh_core.o
                0x000000000800d4d2                USBH_LL_NotifyURBChange
 .text.USBH_Get_DevDesc
                0x000000000800d500       0x50 ./Middlewares/ST/STM32_USB_Host_Library/Core/Src/usbh_ctlreq.o
                0x000000000800d500                USBH_Get_DevDesc
 .text.USBH_Get_CfgDesc
                0x000000000800d550       0x48 ./Middlewares/ST/STM32_USB_Host_Library/Core/Src/usbh_ctlreq.o
                0x000000000800d550                USBH_Get_CfgDesc
 .text.USBH_Get_StringDesc
                0x000000000800d598       0x56 ./Middlewares/ST/STM32_USB_Host_Library/Core/Src/usbh_ctlreq.o
                0x000000000800d598                USBH_Get_StringDesc
 .text.USBH_GetDescriptor
                0x000000000800d5ee       0x6a ./Middlewares/ST/STM32_USB_Host_Library/Core/Src/usbh_ctlreq.o
                0x000000000800d5ee                USBH_GetDescriptor
 .text.USBH_SetAddress
                0x000000000800d658       0x48 ./Middlewares/ST/STM32_USB_Host_Library/Core/Src/usbh_ctlreq.o
                0x000000000800d658                USBH_SetAddress
 .text.USBH_SetCfg
                0x000000000800d6a0       0x46 ./Middlewares/ST/STM32_USB_Host_Library/Core/Src/usbh_ctlreq.o
                0x000000000800d6a0                USBH_SetCfg
 .text.USBH_SetFeature
                0x000000000800d6e6       0x48 ./Middlewares/ST/STM32_USB_Host_Library/Core/Src/usbh_ctlreq.o
                0x000000000800d6e6                USBH_SetFeature
 .text.USBH_ClrFeature
                0x000000000800d72e       0x48 ./Middlewares/ST/STM32_USB_Host_Library/Core/Src/usbh_ctlreq.o
                0x000000000800d72e                USBH_ClrFeature
 .text.USBH_ParseDevDesc
                0x000000000800d776      0x122 ./Middlewares/ST/STM32_USB_Host_Library/Core/Src/usbh_ctlreq.o
 .text.USBH_ParseCfgDesc
                0x000000000800d898      0x1ec ./Middlewares/ST/STM32_USB_Host_Library/Core/Src/usbh_ctlreq.o
 .text.USBH_ParseInterfaceDesc
                0x000000000800da84       0x5e ./Middlewares/ST/STM32_USB_Host_Library/Core/Src/usbh_ctlreq.o
 .text.USBH_ParseEPDesc
                0x000000000800dae2      0x14a ./Middlewares/ST/STM32_USB_Host_Library/Core/Src/usbh_ctlreq.o
 .text.USBH_ParseStringDesc
                0x000000000800dc2c       0x66 ./Middlewares/ST/STM32_USB_Host_Library/Core/Src/usbh_ctlreq.o
 .text.USBH_GetNextDesc
                0x000000000800dc92       0x36 ./Middlewares/ST/STM32_USB_Host_Library/Core/Src/usbh_ctlreq.o
                0x000000000800dc92                USBH_GetNextDesc
 .text.USBH_CtlReq
                0x000000000800dcc8       0xb2 ./Middlewares/ST/STM32_USB_Host_Library/Core/Src/usbh_ctlreq.o
                0x000000000800dcc8                USBH_CtlReq
 *fill*         0x000000000800dd7a        0x2 
 .text.USBH_HandleControl
                0x000000000800dd7c      0x490 ./Middlewares/ST/STM32_USB_Host_Library/Core/Src/usbh_ctlreq.o
 .text.USBH_CtlSendSetup
                0x000000000800e20c       0x34 ./Middlewares/ST/STM32_USB_Host_Library/Core/Src/usbh_ioreq.o
                0x000000000800e20c                USBH_CtlSendSetup
 .text.USBH_CtlSendData
                0x000000000800e240       0x4a ./Middlewares/ST/STM32_USB_Host_Library/Core/Src/usbh_ioreq.o
                0x000000000800e240                USBH_CtlSendData
 .text.USBH_CtlReceiveData
                0x000000000800e28a       0x3c ./Middlewares/ST/STM32_USB_Host_Library/Core/Src/usbh_ioreq.o
                0x000000000800e28a                USBH_CtlReceiveData
 .text.USBH_InterruptReceiveData
                0x000000000800e2c6       0x3e ./Middlewares/ST/STM32_USB_Host_Library/Core/Src/usbh_ioreq.o
                0x000000000800e2c6                USBH_InterruptReceiveData
 .text.USBH_OpenPipe
                0x000000000800e304       0x3e ./Middlewares/ST/STM32_USB_Host_Library/Core/Src/usbh_pipes.o
                0x000000000800e304                USBH_OpenPipe
 .text.USBH_ClosePipe
                0x000000000800e342       0x20 ./Middlewares/ST/STM32_USB_Host_Library/Core/Src/usbh_pipes.o
                0x000000000800e342                USBH_ClosePipe
 .text.USBH_AllocPipe
                0x000000000800e362       0x42 ./Middlewares/ST/STM32_USB_Host_Library/Core/Src/usbh_pipes.o
                0x000000000800e362                USBH_AllocPipe
 .text.USBH_FreePipe
                0x000000000800e3a4       0x3c ./Middlewares/ST/STM32_USB_Host_Library/Core/Src/usbh_pipes.o
                0x000000000800e3a4                USBH_FreePipe
 .text.USBH_GetFreePipe
                0x000000000800e3e0       0x48 ./Middlewares/ST/STM32_USB_Host_Library/Core/Src/usbh_pipes.o
 .text.makeFreeRtosPriority
                0x000000000800e428       0x30 ./Middlewares/Third_Party/FreeRTOS/Source/CMSIS_RTOS/cmsis_os.o
 .text.inHandlerMode
                0x000000000800e458       0x24 ./Middlewares/Third_Party/FreeRTOS/Source/CMSIS_RTOS/cmsis_os.o
 .text.osKernelStart
                0x000000000800e47c        0xe ./Middlewares/Third_Party/FreeRTOS/Source/CMSIS_RTOS/cmsis_os.o
                0x000000000800e47c                osKernelStart
 .text.osThreadCreate
                0x000000000800e48a       0x98 ./Middlewares/Third_Party/FreeRTOS/Source/CMSIS_RTOS/cmsis_os.o
                0x000000000800e48a                osThreadCreate
 .text.osDelay  0x000000000800e522       0x28 ./Middlewares/Third_Party/FreeRTOS/Source/CMSIS_RTOS/cmsis_os.o
                0x000000000800e522                osDelay
 .text.osMessageCreate
                0x000000000800e54a       0x50 ./Middlewares/Third_Party/FreeRTOS/Source/CMSIS_RTOS/cmsis_os.o
                0x000000000800e54a                osMessageCreate
 *fill*         0x000000000800e59a        0x2 
 .text.osMessagePut
                0x000000000800e59c       0x80 ./Middlewares/Third_Party/FreeRTOS/Source/CMSIS_RTOS/cmsis_os.o
                0x000000000800e59c                osMessagePut
 .text.osMessageGet
                0x000000000800e61c       0xe8 ./Middlewares/Third_Party/FreeRTOS/Source/CMSIS_RTOS/cmsis_os.o
                0x000000000800e61c                osMessageGet
 .text.vListInitialise
                0x000000000800e704       0x40 ./Middlewares/Third_Party/FreeRTOS/Source/list.o
                0x000000000800e704                vListInitialise
 .text.vListInitialiseItem
                0x000000000800e744       0x1a ./Middlewares/Third_Party/FreeRTOS/Source/list.o
                0x000000000800e744                vListInitialiseItem
 .text.vListInsertEnd
                0x000000000800e75e       0x48 ./Middlewares/Third_Party/FreeRTOS/Source/list.o
                0x000000000800e75e                vListInsertEnd
 .text.vListInsert
                0x000000000800e7a6       0x72 ./Middlewares/Third_Party/FreeRTOS/Source/list.o
                0x000000000800e7a6                vListInsert
 .text.uxListRemove
                0x000000000800e818       0x54 ./Middlewares/Third_Party/FreeRTOS/Source/list.o
                0x000000000800e818                uxListRemove
 .text.xQueueGenericReset
                0x000000000800e86c       0xd0 ./Middlewares/Third_Party/FreeRTOS/Source/queue.o
                0x000000000800e86c                xQueueGenericReset
 .text.xQueueGenericCreateStatic
                0x000000000800e93c       0xf0 ./Middlewares/Third_Party/FreeRTOS/Source/queue.o
                0x000000000800e93c                xQueueGenericCreateStatic
 .text.xQueueGenericCreate
                0x000000000800ea2c       0x74 ./Middlewares/Third_Party/FreeRTOS/Source/queue.o
                0x000000000800ea2c                xQueueGenericCreate
 .text.prvInitialiseNewQueue
                0x000000000800eaa0       0x3e ./Middlewares/Third_Party/FreeRTOS/Source/queue.o
 .text.prvInitialiseMutex
                0x000000000800eade       0x34 ./Middlewares/Third_Party/FreeRTOS/Source/queue.o
 .text.xQueueCreateMutex
                0x000000000800eb12       0x30 ./Middlewares/Third_Party/FreeRTOS/Source/queue.o
                0x000000000800eb12                xQueueCreateMutex
 *fill*         0x000000000800eb42        0x2 
 .text.xQueueGenericSend
                0x000000000800eb44      0x1fc ./Middlewares/Third_Party/FreeRTOS/Source/queue.o
                0x000000000800eb44                xQueueGenericSend
 .text.xQueueGenericSendFromISR
                0x000000000800ed40      0x136 ./Middlewares/Third_Party/FreeRTOS/Source/queue.o
                0x000000000800ed40                xQueueGenericSendFromISR
 *fill*         0x000000000800ee76        0x2 
 .text.xQueueReceive
                0x000000000800ee78      0x1c0 ./Middlewares/Third_Party/FreeRTOS/Source/queue.o
                0x000000000800ee78                xQueueReceive
 .text.xQueueReceiveFromISR
                0x000000000800f038      0x100 ./Middlewares/Third_Party/FreeRTOS/Source/queue.o
                0x000000000800f038                xQueueReceiveFromISR
 .text.prvCopyDataToQueue
                0x000000000800f138       0xd4 ./Middlewares/Third_Party/FreeRTOS/Source/queue.o
 .text.prvCopyDataFromQueue
                0x000000000800f20c       0x4c ./Middlewares/Third_Party/FreeRTOS/Source/queue.o
 .text.prvUnlockQueue
                0x000000000800f258       0xa4 ./Middlewares/Third_Party/FreeRTOS/Source/queue.o
 .text.prvIsQueueEmpty
                0x000000000800f2fc       0x2c ./Middlewares/Third_Party/FreeRTOS/Source/queue.o
 .text.prvIsQueueFull
                0x000000000800f328       0x30 ./Middlewares/Third_Party/FreeRTOS/Source/queue.o
 .text.xTaskCreateStatic
                0x000000000800f358       0xba ./Middlewares/Third_Party/FreeRTOS/Source/tasks.o
                0x000000000800f358                xTaskCreateStatic
 .text.xTaskCreate
                0x000000000800f412       0x8a ./Middlewares/Third_Party/FreeRTOS/Source/tasks.o
                0x000000000800f412                xTaskCreate
 .text.prvInitialiseNewTask
                0x000000000800f49c      0x10e ./Middlewares/Third_Party/FreeRTOS/Source/tasks.o
 *fill*         0x000000000800f5aa        0x2 
 .text.prvAddNewTaskToReadyList
                0x000000000800f5ac       0xd4 ./Middlewares/Third_Party/FreeRTOS/Source/tasks.o
 .text.vTaskDelay
                0x000000000800f680       0x68 ./Middlewares/Third_Party/FreeRTOS/Source/tasks.o
                0x000000000800f680                vTaskDelay
 .text.vTaskStartScheduler
                0x000000000800f6e8       0xc0 ./Middlewares/Third_Party/FreeRTOS/Source/tasks.o
                0x000000000800f6e8                vTaskStartScheduler
 .text.vTaskSuspendAll
                0x000000000800f7a8       0x1c ./Middlewares/Third_Party/FreeRTOS/Source/tasks.o
                0x000000000800f7a8                vTaskSuspendAll
 .text.xTaskResumeAll
                0x000000000800f7c4      0x138 ./Middlewares/Third_Party/FreeRTOS/Source/tasks.o
                0x000000000800f7c4                xTaskResumeAll
 .text.xTaskIncrementTick
                0x000000000800f8fc      0x170 ./Middlewares/Third_Party/FreeRTOS/Source/tasks.o
                0x000000000800f8fc                xTaskIncrementTick
 .text.vTaskSwitchContext
                0x000000000800fa6c       0xb8 ./Middlewares/Third_Party/FreeRTOS/Source/tasks.o
                0x000000000800fa6c                vTaskSwitchContext
 .text.vTaskPlaceOnEventList
                0x000000000800fb24       0x48 ./Middlewares/Third_Party/FreeRTOS/Source/tasks.o
                0x000000000800fb24                vTaskPlaceOnEventList
 .text.xTaskRemoveFromEventList
                0x000000000800fb6c       0xc4 ./Middlewares/Third_Party/FreeRTOS/Source/tasks.o
                0x000000000800fb6c                xTaskRemoveFromEventList
 .text.vTaskInternalSetTimeOutState
                0x000000000800fc30       0x2c ./Middlewares/Third_Party/FreeRTOS/Source/tasks.o
                0x000000000800fc30                vTaskInternalSetTimeOutState
 .text.xTaskCheckForTimeOut
                0x000000000800fc5c       0xc4 ./Middlewares/Third_Party/FreeRTOS/Source/tasks.o
                0x000000000800fc5c                xTaskCheckForTimeOut
 .text.vTaskMissedYield
                0x000000000800fd20       0x18 ./Middlewares/Third_Party/FreeRTOS/Source/tasks.o
                0x000000000800fd20                vTaskMissedYield
 .text.prvIdleTask
                0x000000000800fd38       0x30 ./Middlewares/Third_Party/FreeRTOS/Source/tasks.o
 .text.prvInitialiseTaskLists
                0x000000000800fd68       0x80 ./Middlewares/Third_Party/FreeRTOS/Source/tasks.o
 .text.prvCheckTasksWaitingTermination
                0x000000000800fde8       0x5c ./Middlewares/Third_Party/FreeRTOS/Source/tasks.o
 .text.prvDeleteTCB
                0x000000000800fe44       0x5e ./Middlewares/Third_Party/FreeRTOS/Source/tasks.o
 *fill*         0x000000000800fea2        0x2 
 .text.prvResetNextTaskUnblockTime
                0x000000000800fea4       0x40 ./Middlewares/Third_Party/FreeRTOS/Source/tasks.o
 .text.xTaskGetSchedulerState
                0x000000000800fee4       0x3c ./Middlewares/Third_Party/FreeRTOS/Source/tasks.o
                0x000000000800fee4                xTaskGetSchedulerState
 .text.xTaskPriorityDisinherit
                0x000000000800ff20      0x10c ./Middlewares/Third_Party/FreeRTOS/Source/tasks.o
                0x000000000800ff20                xTaskPriorityDisinherit
 .text.prvAddCurrentTaskToDelayedList
                0x000000000801002c       0xcc ./Middlewares/Third_Party/FreeRTOS/Source/tasks.o
 .text.pxPortInitialiseStack
                0x00000000080100f8       0x68 ./Middlewares/Third_Party/FreeRTOS/Source/portable/GCC/ARM_CM4F/port.o
                0x00000000080100f8                pxPortInitialiseStack
 .text.prvTaskExitError
                0x0000000008010160       0x58 ./Middlewares/Third_Party/FreeRTOS/Source/portable/GCC/ARM_CM4F/port.o
 *fill*         0x00000000080101b8        0x8 
 .text.SVC_Handler
                0x00000000080101c0       0x28 ./Middlewares/Third_Party/FreeRTOS/Source/portable/GCC/ARM_CM4F/port.o
                0x00000000080101c0                SVC_Handler
 .text.prvPortStartFirstTask
                0x00000000080101e8       0x28 ./Middlewares/Third_Party/FreeRTOS/Source/portable/GCC/ARM_CM4F/port.o
 .text.xPortStartScheduler
                0x0000000008010210      0x144 ./Middlewares/Third_Party/FreeRTOS/Source/portable/GCC/ARM_CM4F/port.o
                0x0000000008010210                xPortStartScheduler
 .text.vPortEnterCritical
                0x0000000008010354       0x60 ./Middlewares/Third_Party/FreeRTOS/Source/portable/GCC/ARM_CM4F/port.o
                0x0000000008010354                vPortEnterCritical
 .text.vPortExitCritical
                0x00000000080103b4       0x54 ./Middlewares/Third_Party/FreeRTOS/Source/portable/GCC/ARM_CM4F/port.o
                0x00000000080103b4                vPortExitCritical
 *fill*         0x0000000008010408        0x8 
 .text.PendSV_Handler
                0x0000000008010410       0x68 ./Middlewares/Third_Party/FreeRTOS/Source/portable/GCC/ARM_CM4F/port.o
                0x0000000008010410                PendSV_Handler
 .text.SysTick_Handler
                0x0000000008010478       0x44 ./Middlewares/Third_Party/FreeRTOS/Source/portable/GCC/ARM_CM4F/port.o
                0x0000000008010478                SysTick_Handler
 .text.vPortSetupTimerInterrupt
                0x00000000080104bc       0x48 ./Middlewares/Third_Party/FreeRTOS/Source/portable/GCC/ARM_CM4F/port.o
                0x00000000080104bc                vPortSetupTimerInterrupt
 .text.vPortEnableVFP
                0x0000000008010504       0x14 ./Middlewares/Third_Party/FreeRTOS/Source/portable/GCC/ARM_CM4F/port.o
 .text.vPortValidateInterruptPriority
                0x0000000008010518       0x80 ./Middlewares/Third_Party/FreeRTOS/Source/portable/GCC/ARM_CM4F/port.o
                0x0000000008010518                vPortValidateInterruptPriority
 .text.pvPortMalloc
                0x0000000008010598      0x198 ./Middlewares/Third_Party/FreeRTOS/Source/portable/MemMang/heap_4.o
                0x0000000008010598                pvPortMalloc
 .text.vPortFree
                0x0000000008010730       0xc4 ./Middlewares/Third_Party/FreeRTOS/Source/portable/MemMang/heap_4.o
                0x0000000008010730                vPortFree
 .text.prvHeapInit
                0x00000000080107f4       0xc4 ./Middlewares/Third_Party/FreeRTOS/Source/portable/MemMang/heap_4.o
 .text.prvInsertBlockIntoFreeList
                0x00000000080108b8       0xb4 ./Middlewares/Third_Party/FreeRTOS/Source/portable/MemMang/heap_4.o
 .text.MX_USB_DEVICE_Init
                0x000000000801096c       0x4c ./USB_DEVICE/App/usb_device.o
                0x000000000801096c                MX_USB_DEVICE_Init
 .text.USBD_HS_DeviceDescriptor
                0x00000000080109b8       0x24 ./USB_DEVICE/App/usbd_desc.o
                0x00000000080109b8                USBD_HS_DeviceDescriptor
 .text.USBD_HS_LangIDStrDescriptor
                0x00000000080109dc       0x24 ./USB_DEVICE/App/usbd_desc.o
                0x00000000080109dc                USBD_HS_LangIDStrDescriptor
 .text.USBD_HS_ProductStrDescriptor
                0x0000000008010a00       0x3c ./USB_DEVICE/App/usbd_desc.o
                0x0000000008010a00                USBD_HS_ProductStrDescriptor
 .text.USBD_HS_ManufacturerStrDescriptor
                0x0000000008010a3c       0x28 ./USB_DEVICE/App/usbd_desc.o
                0x0000000008010a3c                USBD_HS_ManufacturerStrDescriptor
 .text.USBD_HS_SerialStrDescriptor
                0x0000000008010a64       0x24 ./USB_DEVICE/App/usbd_desc.o
                0x0000000008010a64                USBD_HS_SerialStrDescriptor
 .text.USBD_HS_ConfigStrDescriptor
                0x0000000008010a88       0x3c ./USB_DEVICE/App/usbd_desc.o
                0x0000000008010a88                USBD_HS_ConfigStrDescriptor
 .text.USBD_HS_InterfaceStrDescriptor
                0x0000000008010ac4       0x3c ./USB_DEVICE/App/usbd_desc.o
                0x0000000008010ac4                USBD_HS_InterfaceStrDescriptor
 .text.USBD_HS_USR_BOSDescriptor
                0x0000000008010b00       0x24 ./USB_DEVICE/App/usbd_desc.o
                0x0000000008010b00                USBD_HS_USR_BOSDescriptor
 .text.Get_SerialNum
                0x0000000008010b24       0x58 ./USB_DEVICE/App/usbd_desc.o
 .text.IntToUnicode
                0x0000000008010b7c       0x7e ./USB_DEVICE/App/usbd_desc.o
 *fill*         0x0000000008010bfa        0x2 
 .text.HAL_PCD_MspInit
                0x0000000008010bfc       0xcc ./USB_DEVICE/Target/usbd_conf.o
                0x0000000008010bfc                HAL_PCD_MspInit
 .text.HAL_PCD_SetupStageCallback
                0x0000000008010cc8       0x24 ./USB_DEVICE/Target/usbd_conf.o
                0x0000000008010cc8                HAL_PCD_SetupStageCallback
 .text.HAL_PCD_DataOutStageCallback
                0x0000000008010cec       0x36 ./USB_DEVICE/Target/usbd_conf.o
                0x0000000008010cec                HAL_PCD_DataOutStageCallback
 .text.HAL_PCD_DataInStageCallback
                0x0000000008010d22       0x34 ./USB_DEVICE/Target/usbd_conf.o
                0x0000000008010d22                HAL_PCD_DataInStageCallback
 .text.HAL_PCD_SOFCallback
                0x0000000008010d56       0x1c ./USB_DEVICE/Target/usbd_conf.o
                0x0000000008010d56                HAL_PCD_SOFCallback
 .text.HAL_PCD_ResetCallback
                0x0000000008010d72       0x50 ./USB_DEVICE/Target/usbd_conf.o
                0x0000000008010d72                HAL_PCD_ResetCallback
 *fill*         0x0000000008010dc2        0x2 
 .text.HAL_PCD_SuspendCallback
                0x0000000008010dc4       0x4c ./USB_DEVICE/Target/usbd_conf.o
                0x0000000008010dc4                HAL_PCD_SuspendCallback
 .text.HAL_PCD_ResumeCallback
                0x0000000008010e10       0x1c ./USB_DEVICE/Target/usbd_conf.o
                0x0000000008010e10                HAL_PCD_ResumeCallback
 .text.HAL_PCD_ISOOUTIncompleteCallback
                0x0000000008010e2c       0x24 ./USB_DEVICE/Target/usbd_conf.o
                0x0000000008010e2c                HAL_PCD_ISOOUTIncompleteCallback
 .text.HAL_PCD_ISOINIncompleteCallback
                0x0000000008010e50       0x24 ./USB_DEVICE/Target/usbd_conf.o
                0x0000000008010e50                HAL_PCD_ISOINIncompleteCallback
 .text.HAL_PCD_ConnectCallback
                0x0000000008010e74       0x1c ./USB_DEVICE/Target/usbd_conf.o
                0x0000000008010e74                HAL_PCD_ConnectCallback
 .text.HAL_PCD_DisconnectCallback
                0x0000000008010e90       0x1c ./USB_DEVICE/Target/usbd_conf.o
                0x0000000008010e90                HAL_PCD_DisconnectCallback
 .text.USBD_LL_Init
                0x0000000008010eac       0xa4 ./USB_DEVICE/Target/usbd_conf.o
                0x0000000008010eac                USBD_LL_Init
 .text.USBD_LL_Start
                0x0000000008010f50       0x36 ./USB_DEVICE/Target/usbd_conf.o
                0x0000000008010f50                USBD_LL_Start
 .text.USBD_LL_OpenEP
                0x0000000008010f86       0x4c ./USB_DEVICE/Target/usbd_conf.o
                0x0000000008010f86                USBD_LL_OpenEP
 .text.USBD_LL_CloseEP
                0x0000000008010fd2       0x3e ./USB_DEVICE/Target/usbd_conf.o
                0x0000000008010fd2                USBD_LL_CloseEP
 .text.USBD_LL_StallEP
                0x0000000008011010       0x3e ./USB_DEVICE/Target/usbd_conf.o
                0x0000000008011010                USBD_LL_StallEP
 .text.USBD_LL_ClearStallEP
                0x000000000801104e       0x3e ./USB_DEVICE/Target/usbd_conf.o
                0x000000000801104e                USBD_LL_ClearStallEP
 .text.USBD_LL_IsStallEP
                0x000000000801108c       0x58 ./USB_DEVICE/Target/usbd_conf.o
                0x000000000801108c                USBD_LL_IsStallEP
 .text.USBD_LL_SetUSBAddress
                0x00000000080110e4       0x3e ./USB_DEVICE/Target/usbd_conf.o
                0x00000000080110e4                USBD_LL_SetUSBAddress
 .text.USBD_LL_Transmit
                0x0000000008011122       0x42 ./USB_DEVICE/Target/usbd_conf.o
                0x0000000008011122                USBD_LL_Transmit
 .text.USBD_LL_PrepareReceive
                0x0000000008011164       0x42 ./USB_DEVICE/Target/usbd_conf.o
                0x0000000008011164                USBD_LL_PrepareReceive
 *fill*         0x00000000080111a6        0x2 
 .text.HAL_PCDEx_LPM_Callback
                0x00000000080111a8       0x9c ./USB_DEVICE/Target/usbd_conf.o
                0x00000000080111a8                HAL_PCDEx_LPM_Callback
 .text.USBD_static_malloc
                0x0000000008011244       0x1c ./USB_DEVICE/Target/usbd_conf.o
                0x0000000008011244                USBD_static_malloc
 .text.USBD_static_free
                0x0000000008011260       0x14 ./USB_DEVICE/Target/usbd_conf.o
                0x0000000008011260                USBD_static_free
 .text.USBD_Get_USB_Status
                0x0000000008011274       0x58 ./USB_DEVICE/Target/usbd_conf.o
                0x0000000008011274                USBD_Get_USB_Status
 .text.MX_USB_HOST_Init
                0x00000000080112cc       0x4c ./USB_HOST/App/usb_host.o
                0x00000000080112cc                MX_USB_HOST_Init
 .text.USBH_UserProcess
                0x0000000008011318       0x5c ./USB_HOST/App/usb_host.o
 .text.HAL_HCD_MspInit
                0x0000000008011374       0xf0 ./USB_HOST/Target/usbh_conf.o
                0x0000000008011374                HAL_HCD_MspInit
 .text.HAL_HCD_SOF_Callback
                0x0000000008011464       0x1c ./USB_HOST/Target/usbh_conf.o
                0x0000000008011464                HAL_HCD_SOF_Callback
 .text.HAL_HCD_Connect_Callback
                0x0000000008011480       0x1c ./USB_HOST/Target/usbh_conf.o
                0x0000000008011480                HAL_HCD_Connect_Callback
 .text.HAL_HCD_Disconnect_Callback
                0x000000000801149c       0x1c ./USB_HOST/Target/usbh_conf.o
                0x000000000801149c                HAL_HCD_Disconnect_Callback
 .text.HAL_HCD_HC_NotifyURBChange_Callback
                0x00000000080114b8       0x24 ./USB_HOST/Target/usbh_conf.o
                0x00000000080114b8                HAL_HCD_HC_NotifyURBChange_Callback
 .text.HAL_HCD_PortEnabled_Callback
                0x00000000080114dc       0x1c ./USB_HOST/Target/usbh_conf.o
                0x00000000080114dc                HAL_HCD_PortEnabled_Callback
 .text.HAL_HCD_PortDisabled_Callback
                0x00000000080114f8       0x1c ./USB_HOST/Target/usbh_conf.o
                0x00000000080114f8                HAL_HCD_PortDisabled_Callback
 .text.USBH_LL_Init
                0x0000000008011514       0x78 ./USB_HOST/Target/usbh_conf.o
                0x0000000008011514                USBH_LL_Init
 .text.USBH_LL_Start
                0x000000000801158c       0x36 ./USB_HOST/Target/usbh_conf.o
                0x000000000801158c                USBH_LL_Start
 .text.USBH_LL_Stop
                0x00000000080115c2       0x36 ./USB_HOST/Target/usbh_conf.o
                0x00000000080115c2                USBH_LL_Stop
 .text.USBH_LL_GetSpeed
                0x00000000080115f8       0x4e ./USB_HOST/Target/usbh_conf.o
                0x00000000080115f8                USBH_LL_GetSpeed
 .text.USBH_LL_ResetPort
                0x0000000008011646       0x36 ./USB_HOST/Target/usbh_conf.o
                0x0000000008011646                USBH_LL_ResetPort
 .text.USBH_LL_GetLastXferSize
                0x000000000801167c       0x26 ./USB_HOST/Target/usbh_conf.o
                0x000000000801167c                USBH_LL_GetLastXferSize
 .text.USBH_LL_OpenPipe
                0x00000000080116a2       0x5e ./USB_HOST/Target/usbh_conf.o
                0x00000000080116a2                USBH_LL_OpenPipe
 .text.USBH_LL_ClosePipe
                0x0000000008011700       0x3e ./USB_HOST/Target/usbh_conf.o
                0x0000000008011700                USBH_LL_ClosePipe
 .text.USBH_LL_SubmitURB
                0x000000000801173e       0x62 ./USB_HOST/Target/usbh_conf.o
                0x000000000801173e                USBH_LL_SubmitURB
 .text.USBH_LL_GetURBState
                0x00000000080117a0       0x26 ./USB_HOST/Target/usbh_conf.o
                0x00000000080117a0                USBH_LL_GetURBState
 .text.USBH_LL_DriverVBUS
                0x00000000080117c6       0x2e ./USB_HOST/Target/usbh_conf.o
                0x00000000080117c6                USBH_LL_DriverVBUS
 .text.USBH_LL_SetToggle
                0x00000000080117f4       0x60 ./USB_HOST/Target/usbh_conf.o
                0x00000000080117f4                USBH_LL_SetToggle
 .text.USBH_Delay
                0x0000000008011854       0x16 ./USB_HOST/Target/usbh_conf.o
                0x0000000008011854                USBH_Delay
 *fill*         0x000000000801186a        0x2 
 .text.USBH_Get_USB_Status
                0x000000000801186c       0x58 ./USB_HOST/Target/usbh_conf.o
                0x000000000801186c                USBH_Get_USB_Status
 .text.MX_DriverVbusFS
                0x00000000080118c4       0x38 ./USB_HOST/Target/usbh_platform.o
                0x00000000080118c4                MX_DriverVbusFS
 .text.__errno  0x00000000080118fc        0xc e:/cubeide/stm32cubeide_1.10.1/stm32cubeide/plugins/com.st.stm32cube.ide.mcu.externaltools.gnu-tools-for-stm32.10.3-2021.10.win32_1.0.0.202111181127/tools/bin/../lib/gcc/arm-none-eabi/10.3.1/../../../../arm-none-eabi/lib/thumb/v7e-m+fp/hard\libc_nano.a(lib_a-errno.o)
                0x00000000080118fc                __errno
 .text.__libc_init_array
                0x0000000008011908       0x48 e:/cubeide/stm32cubeide_1.10.1/stm32cubeide/plugins/com.st.stm32cube.ide.mcu.externaltools.gnu-tools-for-stm32.10.3-2021.10.win32_1.0.0.202111181127/tools/bin/../lib/gcc/arm-none-eabi/10.3.1/../../../../arm-none-eabi/lib/thumb/v7e-m+fp/hard\libc_nano.a(lib_a-init.o)
                0x0000000008011908                __libc_init_array
 .text.malloc   0x0000000008011950       0x10 e:/cubeide/stm32cubeide_1.10.1/stm32cubeide/plugins/com.st.stm32cube.ide.mcu.externaltools.gnu-tools-for-stm32.10.3-2021.10.win32_1.0.0.202111181127/tools/bin/../lib/gcc/arm-none-eabi/10.3.1/../../../../arm-none-eabi/lib/thumb/v7e-m+fp/hard\libc_nano.a(lib_a-malloc.o)
                0x0000000008011950                malloc
 .text.free     0x0000000008011960       0x10 e:/cubeide/stm32cubeide_1.10.1/stm32cubeide/plugins/com.st.stm32cube.ide.mcu.externaltools.gnu-tools-for-stm32.10.3-2021.10.win32_1.0.0.202111181127/tools/bin/../lib/gcc/arm-none-eabi/10.3.1/../../../../arm-none-eabi/lib/thumb/v7e-m+fp/hard\libc_nano.a(lib_a-malloc.o)
                0x0000000008011960                free
 .text.memcpy   0x0000000008011970       0x1c e:/cubeide/stm32cubeide_1.10.1/stm32cubeide/plugins/com.st.stm32cube.ide.mcu.externaltools.gnu-tools-for-stm32.10.3-2021.10.win32_1.0.0.202111181127/tools/bin/../lib/gcc/arm-none-eabi/10.3.1/../../../../arm-none-eabi/lib/thumb/v7e-m+fp/hard\libc_nano.a(lib_a-memcpy-stub.o)
                0x0000000008011970                memcpy
 .text.memset   0x000000000801198c       0x10 e:/cubeide/stm32cubeide_1.10.1/stm32cubeide/plugins/com.st.stm32cube.ide.mcu.externaltools.gnu-tools-for-stm32.10.3-2021.10.win32_1.0.0.202111181127/tools/bin/../lib/gcc/arm-none-eabi/10.3.1/../../../../arm-none-eabi/lib/thumb/v7e-m+fp/hard\libc_nano.a(lib_a-memset.o)
                0x000000000801198c                memset
 .text._free_r  0x000000000801199c       0x98 e:/cubeide/stm32cubeide_1.10.1/stm32cubeide/plugins/com.st.stm32cube.ide.mcu.externaltools.gnu-tools-for-stm32.10.3-2021.10.win32_1.0.0.202111181127/tools/bin/../lib/gcc/arm-none-eabi/10.3.1/../../../../arm-none-eabi/lib/thumb/v7e-m+fp/hard\libc_nano.a(lib_a-nano-freer.o)
                0x000000000801199c                _free_r
 .text.sbrk_aligned
                0x0000000008011a34       0x40 e:/cubeide/stm32cubeide_1.10.1/stm32cubeide/plugins/com.st.stm32cube.ide.mcu.externaltools.gnu-tools-for-stm32.10.3-2021.10.win32_1.0.0.202111181127/tools/bin/../lib/gcc/arm-none-eabi/10.3.1/../../../../arm-none-eabi/lib/thumb/v7e-m+fp/hard\libc_nano.a(lib_a-nano-mallocr.o)
 .text._malloc_r
                0x0000000008011a74       0xe8 e:/cubeide/stm32cubeide_1.10.1/stm32cubeide/plugins/com.st.stm32cube.ide.mcu.externaltools.gnu-tools-for-stm32.10.3-2021.10.win32_1.0.0.202111181127/tools/bin/../lib/gcc/arm-none-eabi/10.3.1/../../../../arm-none-eabi/lib/thumb/v7e-m+fp/hard\libc_nano.a(lib_a-nano-mallocr.o)
                0x0000000008011a74                _malloc_r
 .text._sbrk_r  0x0000000008011b5c       0x20 e:/cubeide/stm32cubeide_1.10.1/stm32cubeide/plugins/com.st.stm32cube.ide.mcu.externaltools.gnu-tools-for-stm32.10.3-2021.10.win32_1.0.0.202111181127/tools/bin/../lib/gcc/arm-none-eabi/10.3.1/../../../../arm-none-eabi/lib/thumb/v7e-m+fp/hard\libc_nano.a(lib_a-sbrkr.o)
                0x0000000008011b5c                _sbrk_r
 .text.__malloc_lock
                0x0000000008011b7c        0xc e:/cubeide/stm32cubeide_1.10.1/stm32cubeide/plugins/com.st.stm32cube.ide.mcu.externaltools.gnu-tools-for-stm32.10.3-2021.10.win32_1.0.0.202111181127/tools/bin/../lib/gcc/arm-none-eabi/10.3.1/../../../../arm-none-eabi/lib/thumb/v7e-m+fp/hard\libc_nano.a(lib_a-mlock.o)
                0x0000000008011b7c                __malloc_lock
 .text.__malloc_unlock