Archive member included to satisfy reference by file (symbol)

e:/cubeide/stm32cubeide_1.10.1/stm32cubeide/plugins/com.st.stm32cube.ide.mcu.externaltools.gnu-tools-for-stm32.10.3-2021.10.win32_1.0.0.202111181127/tools/bin/../lib/gcc/arm-none-eabi/10.3.1/../../../../arm-none-eabi/lib/thumb/v7e-m+fp/hard\libc_nano.a(lib_a-errno.o)
                              ./Core/Src/syscalls.o (__errno)
e:/cubeide/stm32cubeide_1.10.1/stm32cubeide/plugins/com.st.stm32cube.ide.mcu.externaltools.gnu-tools-for-stm32.10.3-2021.10.win32_1.0.0.202111181127/tools/bin/../lib/gcc/arm-none-eabi/10.3.1/../../../../arm-none-eabi/lib/thumb/v7e-m+fp/hard\libc_nano.a(lib_a-exit.o)
                              e:/cubeide/stm32cubeide_1.10.1/stm32cubeide/plugins/com.st.stm32cube.ide.mcu.externaltools.gnu-tools-for-stm32.10.3-2021.10.win32_1.0.0.202111181127/tools/bin/../lib/gcc/arm-none-eabi/10.3.1/../../../../arm-none-eabi/lib/thumb/v7e-m+fp/hard/crt0.o (exit)
e:/cubeide/stm32cubeide_1.10.1/stm32cubeide/plugins/com.st.stm32cube.ide.mcu.externaltools.gnu-tools-for-stm32.10.3-2021.10.win32_1.0.0.202111181127/tools/bin/../lib/gcc/arm-none-eabi/10.3.1/../../../../arm-none-eabi/lib/thumb/v7e-m+fp/hard\libc_nano.a(lib_a-impure.o)
                              e:/cubeide/stm32cubeide_1.10.1/stm32cubeide/plugins/com.st.stm32cube.ide.mcu.externaltools.gnu-tools-for-stm32.10.3-2021.10.win32_1.0.0.202111181127/tools/bin/../lib/gcc/arm-none-eabi/10.3.1/../../../../arm-none-eabi/lib/thumb/v7e-m+fp/hard\libc_nano.a(lib_a-exit.o) (_global_impure_ptr)
e:/cubeide/stm32cubeide_1.10.1/stm32cubeide/plugins/com.st.stm32cube.ide.mcu.externaltools.gnu-tools-for-stm32.10.3-2021.10.win32_1.0.0.202111181127/tools/bin/../lib/gcc/arm-none-eabi/10.3.1/../../../../arm-none-eabi/lib/thumb/v7e-m+fp/hard\libc_nano.a(lib_a-init.o)
                              e:/cubeide/stm32cubeide_1.10.1/stm32cubeide/plugins/com.st.stm32cube.ide.mcu.externaltools.gnu-tools-for-stm32.10.3-2021.10.win32_1.0.0.202111181127/tools/bin/../lib/gcc/arm-none-eabi/10.3.1/../../../../arm-none-eabi/lib/thumb/v7e-m+fp/hard/crt0.o (__libc_init_array)
e:/cubeide/stm32cubeide_1.10.1/stm32cubeide/plugins/com.st.stm32cube.ide.mcu.externaltools.gnu-tools-for-stm32.10.3-2021.10.win32_1.0.0.202111181127/tools/bin/../lib/gcc/arm-none-eabi/10.3.1/../../../../arm-none-eabi/lib/thumb/v7e-m+fp/hard\libc_nano.a(lib_a-memset.o)
                              e:/cubeide/stm32cubeide_1.10.1/stm32cubeide/plugins/com.st.stm32cube.ide.mcu.externaltools.gnu-tools-for-stm32.10.3-2021.10.win32_1.0.0.202111181127/tools/bin/../lib/gcc/arm-none-eabi/10.3.1/../../../../arm-none-eabi/lib/thumb/v7e-m+fp/hard/crt0.o (memset)
e:/cubeide/stm32cubeide_1.10.1/stm32cubeide/plugins/com.st.stm32cube.ide.mcu.externaltools.gnu-tools-for-stm32.10.3-2021.10.win32_1.0.0.202111181127/tools/bin/../lib/gcc/arm-none-eabi/10.3.1/thumb/v7e-m+fp/hard\libgcc.a(_arm_addsubdf3.o)
                              ./Core/Src/main.o (__aeabi_i2d)
e:/cubeide/stm32cubeide_1.10.1/stm32cubeide/plugins/com.st.stm32cube.ide.mcu.externaltools.gnu-tools-for-stm32.10.3-2021.10.win32_1.0.0.202111181127/tools/bin/../lib/gcc/arm-none-eabi/10.3.1/thumb/v7e-m+fp/hard\libgcc.a(_arm_muldivdf3.o)
                              ./Core/Src/main.o (__aeabi_ddiv)
e:/cubeide/stm32cubeide_1.10.1/stm32cubeide/plugins/com.st.stm32cube.ide.mcu.externaltools.gnu-tools-for-stm32.10.3-2021.10.win32_1.0.0.202111181127/tools/bin/../lib/gcc/arm-none-eabi/10.3.1/thumb/v7e-m+fp/hard\libgcc.a(_arm_truncdfsf2.o)
                              ./Core/Src/main.o (__aeabi_d2f)
e:/cubeide/stm32cubeide_1.10.1/stm32cubeide/plugins/com.st.stm32cube.ide.mcu.externaltools.gnu-tools-for-stm32.10.3-2021.10.win32_1.0.0.202111181127/tools/bin/../lib/gcc/arm-none-eabi/10.3.1/thumb/v7e-m+fp/hard\libgcc.a(_aeabi_ldivmod.o)
                              ./Drivers/STM32F4xx_HAL_Driver/Src/stm32f4xx_hal_rcc.o (__aeabi_ldivmod)
e:/cubeide/stm32cubeide_1.10.1/stm32cubeide/plugins/com.st.stm32cube.ide.mcu.externaltools.gnu-tools-for-stm32.10.3-2021.10.win32_1.0.0.202111181127/tools/bin/../lib/gcc/arm-none-eabi/10.3.1/thumb/v7e-m+fp/hard\libgcc.a(_aeabi_uldivmod.o)
                              ./Drivers/STM32F4xx_HAL_Driver/Src/stm32f4xx_hal_rcc.o (__aeabi_uldivmod)
e:/cubeide/stm32cubeide_1.10.1/stm32cubeide/plugins/com.st.stm32cube.ide.mcu.externaltools.gnu-tools-for-stm32.10.3-2021.10.win32_1.0.0.202111181127/tools/bin/../lib/gcc/arm-none-eabi/10.3.1/thumb/v7e-m+fp/hard\libgcc.a(_udivmoddi4.o)
                              e:/cubeide/stm32cubeide_1.10.1/stm32cubeide/plugins/com.st.stm32cube.ide.mcu.externaltools.gnu-tools-for-stm32.10.3-2021.10.win32_1.0.0.202111181127/tools/bin/../lib/gcc/arm-none-eabi/10.3.1/thumb/v7e-m+fp/hard\libgcc.a(_aeabi_ldivmod.o) (__udivmoddi4)
e:/cubeide/stm32cubeide_1.10.1/stm32cubeide/plugins/com.st.stm32cube.ide.mcu.externaltools.gnu-tools-for-stm32.10.3-2021.10.win32_1.0.0.202111181127/tools/bin/../lib/gcc/arm-none-eabi/10.3.1/thumb/v7e-m+fp/hard\libgcc.a(_dvmd_tls.o)
[...]
Memory Configuration

Name             Origin             Length             Attributes
CCMRAM           0x0000000010000000 0x0000000000010000 xrw
RAM              0x0000000020000000 0x0000000000020000 xrw
FLASH            0x0000000008000000 0x0000000000100000 xr
*default*        0x0000000000000000 0xffffffffffffffff

Linker script and memory map

LOAD e:/cubeide/stm32cubeide_1.10.1/stm32cubeide/plugins/com.st.stm32cube.ide.mcu.externaltools.gnu-tools-for-stm32.10.3-2021.10.win32_1.0.0.202111181127/tools/bin/../lib/gcc/arm-none-eabi/10.3.1/thumb/v7e-m+fp/hard/crti.o
LOAD e:/cubeide/stm32cubeide_1.10.1/stm32cubeide/plugins/com.st.stm32cube.ide.mcu.externaltools.gnu-tools-for-stm32.10.3-2021.10.win32_1.0.0.202111181127/tools/bin/../lib/gcc/arm-none-eabi/10.3.1/thumb/v7e-m+fp/hard/crtbegin.o
LOAD e:/cubeide/stm32cubeide_1.10.1/stm32cubeide/plugins/com.st.stm32cube.ide.mcu.externaltools.gnu-tools-for-stm32.10.3-2021.10.win32_1.0.0.202111181127/tools/bin/../lib/gcc/arm-none-eabi/10.3.1/../../../../arm-none-eabi/lib/thumb/v7e-m+fp/hard/crt0.o
LOAD ./Core/Src/main.o
LOAD ./Core/Src/stm32f4xx_hal_msp.o
LOAD ./Core/Src/stm32f4xx_it.o
LOAD ./Core/Src/syscalls.o
LOAD ./Core/Src/sysmem.o
LOAD ./Core/Src/system_stm32f4xx.o
LOAD ./Core/Startup/startup_stm32f407vgtx.o
LOAD ./Drivers/STM32F4xx_HAL_Driver/Src/stm32f4xx_hal.o
LOAD ./Drivers/STM32F4xx_HAL_Driver/Src/stm32f4xx_hal_adc.o
LOAD ./Drivers/STM32F4xx_HAL_Driver/Src/stm32f4xx_hal_adc_ex.o
LOAD ./Drivers/STM32F4xx_HAL_Driver/Src/stm32f4xx_hal_cortex.o
LOAD ./Drivers/STM32F4xx_HAL_Driver/Src/stm32f4xx_hal_dac.o
LOAD ./Drivers/STM32F4xx_HAL_Driver/Src/stm32f4xx_hal_dac_ex.o
LOAD ./Drivers/STM32F4xx_HAL_Driver/Src/stm32f4xx_hal_dma.o
LOAD ./Drivers/STM32F4xx_HAL_Driver/Src/stm32f4xx_hal_dma_ex.o
LOAD ./Drivers/STM32F4xx_HAL_Driver/Src/stm32f4xx_hal_exti.o
LOAD ./Drivers/STM32F4xx_HAL_Driver/Src/stm32f4xx_hal_flash.o
LOAD ./Drivers/STM32F4xx_HAL_Driver/Src/stm32f4xx_hal_flash_ex.o
LOAD ./Drivers/STM32F4xx_HAL_Driver/Src/stm32f4xx_hal_flash_ramfunc.o
LOAD ./Drivers/STM32F4xx_HAL_Driver/Src/stm32f4xx_hal_gpio.o
LOAD ./Drivers/STM32F4xx_HAL_Driver/Src/stm32f4xx_hal_pwr.o
LOAD ./Drivers/STM32F4xx_HAL_Driver/Src/stm32f4xx_hal_pwr_ex.o
LOAD ./Drivers/STM32F4xx_HAL_Driver/Src/stm32f4xx_hal_rcc.o
LOAD ./Drivers/STM32F4xx_HAL_Driver/Src/stm32f4xx_hal_rcc_ex.o
LOAD ./Drivers/STM32F4xx_HAL_Driver/Src/stm32f4xx_hal_tim.o
LOAD ./Drivers/STM32F4xx_HAL_Driver/Src/stm32f4xx_hal_tim_ex.o
LOAD ./Drivers/STM32F4xx_HAL_Driver/Src/stm32f4xx_ll_adc.o
START GROUP
LOAD e:/cubeide/stm32cubeide_1.10.1/stm32cubeide/plugins/com.st.stm32cube.ide.mcu.externaltools.gnu-tools-for-stm32.10.3-2021.10.win32_1.0.0.202111181127/tools/bin/../lib/gcc/arm-none-eabi/10.3.1/../../../../arm-none-eabi/lib/thumb/v7e-m+fp/hard\libc_nano.a
LOAD e:/cubeide/stm32cubeide_1.10.1/stm32cubeide/plugins/com.st.stm32cube.ide.mcu.externaltools.gnu-tools-for-stm32.10.3-2021.10.win32_1.0.0.202111181127/tools/bin/../lib/gcc/arm-none-eabi/10.3.1/../../../../arm-none-eabi/lib/thumb/v7e-m+fp/hard\libm.a
END GROUP
START GROUP
LOAD e:/cubeide/stm32cubeide_1.10.1/stm32cubeide/plugins/com.st.stm32cube.ide.mcu.externaltools.gnu-tools-for-stm32.10.3-2021.10.win32_1.0.0.202111181127/tools/bin/../lib/gcc/arm-none-eabi/10.3.1/thumb/v7e-m+fp/hard\libgcc.a
LOAD e:/cubeide/stm32cubeide_1.10.1/stm32cubeide/plugins/com.st.stm32cube.ide.mcu.externaltools.gnu-tools-for-stm32.10.3-2021.10.win32_1.0.0.202111181127/tools/bin/../lib/gcc/arm-none-eabi/10.3.1/../../../../arm-none-eabi/lib/thumb/v7e-m+fp/hard\libc_nano.a
END GROUP
START GROUP
LOAD e:/cubeide/stm32cubeide_1.10.1/stm32cubeide/plugins/com.st.stm32cube.ide.mcu.externaltools.gnu-tools-for-stm32.10.3-2021.10.win32_1.0.0.202111181127/tools/bin/../lib/gcc/arm-none-eabi/10.3.1/thumb/v7e-m+fp/hard\libgcc.a
LOAD e:/cubeide/stm32cubeide_1.10.1/stm32cubeide/plugins/com.st.stm32cube.ide.mcu.externaltools.gnu-tools-for-stm32.10.3-2021.10.win32_1.0.0.202111181127/tools/bin/../lib/gcc/arm-none-eabi/10.3.1/../../../../arm-none-eabi/lib/thumb/v7e-m+fp/hard\libc_nano.a
LOAD e:/cubeide/stm32cubeide_1.10.1/stm32cubeide/plugins/com.st.stm32cube.ide.mcu.externaltools.gnu-tools-for-stm32.10.3-2021.10.win32_1.0.0.202111181127/tools/bin/../lib/gcc/arm-none-eabi/10.3.1/../../../../arm-none-eabi/lib/thumb/v7e-m+fp/hard\libnosys.a
END GROUP
START GROUP
LOAD e:/cubeide/stm32cubeide_1.10.1/stm32cubeide/plugins/com.st.stm32cube.ide.mcu.externaltools.gnu-tools-for-stm32.10.3-2021.10.win32_1.0.0.202111181127/tools/bin/../lib/gcc/arm-none-eabi/10.3.1/thumb/v7e-m+fp/hard\libgcc.a
LOAD e:/cubeide/stm32cubeide_1.10.1/stm32cubeide/plugins/com.st.stm32cube.ide.mcu.externaltools.gnu-tools-for-stm32.10.3-2021.10.win32_1.0.0.202111181127/tools/bin/../lib/gcc/arm-none-eabi/10.3.1/../../../../arm-none-eabi/lib/thumb/v7e-m+fp/hard\libc_nano.a
LOAD e:/cubeide/stm32cubeide_1.10.1/stm32cubeide/plugins/com.st.stm32cube.ide.mcu.externaltools.gnu-tools-for-stm32.10.3-2021.10.win32_1.0.0.202111181127/tools/bin/../lib/gcc/arm-none-eabi/10.3.1/../../../../arm-none-eabi/lib/thumb/v7e-m+fp/hard\libnosys.a
END GROUP
LOAD e:/cubeide/stm32cubeide_1.10.1/stm32cubeide/plugins/com.st.stm32cube.ide.mcu.externaltools.gnu-tools-for-stm32.10.3-2021.10.win32_1.0.0.202111181127/tools/bin/../lib/gcc/arm-none-eabi/10.3.1/thumb/v7e-m+fp/hard/crtend.o
LOAD e:/cubeide/stm32cubeide_1.10.1/stm32cubeide/plugins/com.st.stm32cube.ide.mcu.externaltools.gnu-tools-for-stm32.10.3-2021.10.win32_1.0.0.202111181127/tools/bin/../lib/gcc/arm-none-eabi/10.3.1/thumb/v7e-m+fp/hard/crtn.o
                0x0000000020020000                _estack = (ORIGIN (RAM) + LENGTH (RAM))
                0x0000000000000200                _Min_Heap_Size = 0x200
                0x0000000000000400                _Min_Stack_Size = 0x400

.isr_vector     0x0000000008000000      0x188
                0x0000000008000000                . = ALIGN (0x4)
 *(.isr_vector)
 .isr_vector    0x0000000008000000      0x188 ./Core/Startup/startup_stm32f407vgtx.o
                0x0000000008000000                g_pfnVectors
                0x0000000008000188                . = ALIGN (0x4)

.text           0x0000000008000188     0x2360
                0x0000000008000188                . = ALIGN (0x4)
 *(.text)
 .text          0x0000000008000188       0x40 e:/cubeide/stm32cubeide_1.10.1/stm32cubeide/plugins/com.st.stm32cube.ide.mcu.externaltools.gnu-tools-for-stm32.10.3-2021.10.win32_1.0.0.202111181127/tools/bin/../lib/gcc/arm-none-eabi/10.3.1/thumb/v7e-m+fp/hard/crtbegin.o
 .text          0x00000000080001c8      0x378 e:/cubeide/stm32cubeide_1.10.1/stm32cubeide/plugins/com.st.stm32cube.ide.mcu.externaltools.gnu-tools-for-stm32.10.3-2021.10.win32_1.0.0.202111181127/tools/bin/../lib/gcc/arm-none-eabi/10.3.1/thumb/v7e-m+fp/hard\libgcc.a(_arm_addsubdf3.o)
                0x00000000080001c8                __aeabi_drsub
                0x00000000080001d0                __aeabi_dsub
                0x00000000080001d0                __subdf3
                0x00000000080001d4                __aeabi_dadd
                0x00000000080001d4                __adddf3
                0x000000000800044c                __floatunsidf
                0x000000000800044c                __aeabi_ui2d
                0x000000000800046c                __floatsidf
                0x000000000800046c                __aeabi_i2d
                0x0000000008000490                __aeabi_f2d
                0x0000000008000490                __extendsfdf2
                0x00000000080004d4                __floatundidf
                0x00000000080004d4                __aeabi_ul2d
                0x00000000080004e4                __floatdidf
                0x00000000080004e4                __aeabi_l2d
 .text          0x0000000008000540      0x424 e:/cubeide/stm32cubeide_1.10.1/stm32cubeide/plugins/com.st.stm32cube.ide.mcu.externaltools.gnu-tools-for-stm32.10.3-2021.10.win32_1.0.0.202111181127/tools/bin/../lib/gcc/arm-none-eabi/10.3.1/thumb/v7e-m+fp/hard\libgcc.a(_arm_muldivdf3.o)
                0x0000000008000540                __aeabi_dmul
                0x0000000008000540                __muldf3
                0x0000000008000794                __divdf3
                0x0000000008000794                __aeabi_ddiv
 .text          0x0000000008000964       0xa0 e:/cubeide/stm32cubeide_1.10.1/stm32cubeide/plugins/com.st.stm32cube.ide.mcu.externaltools.gnu-tools-for-stm32.10.3-2021.10.win32_1.0.0.202111181127/tools/bin/../lib/gcc/arm-none-eabi/10.3.1/thumb/v7e-m+fp/hard\libgcc.a(_arm_truncdfsf2.o)
                0x0000000008000964                __truncdfsf2
                0x0000000008000964                __aeabi_d2f
 .text          0x0000000008000a04       0x30 e:/cubeide/stm32cubeide_1.10.1/stm32cubeide/plugins/com.st.stm32cube.ide.mcu.externaltools.gnu-tools-for-stm32.10.3-2021.10.win32_1.0.0.202111181127/tools/bin/../lib/gcc/arm-none-eabi/10.3.1/thumb/v7e-m+fp/hard\libgcc.a(_aeabi_uldivmod.o)
                0x0000000008000a04                __aeabi_uldivmod
 .text          0x0000000008000a34      0x2d0 e:/cubeide/stm32cubeide_1.10.1/stm32cubeide/plugins/com.st.stm32cube.ide.mcu.externaltools.gnu-tools-for-stm32.10.3-2021.10.win32_1.0.0.202111181127/tools/bin/../lib/gcc/arm-none-eabi/10.3.1/thumb/v7e-m+fp/hard\libgcc.a(_udivmoddi4.o)
                0x0000000008000a34                __udivmoddi4
 .text          0x0000000008000d04        0x4 e:/cubeide/stm32cubeide_1.10.1/stm32cubeide/plugins/com.st.stm32cube.ide.mcu.externaltools.gnu-tools-for-stm32.10.3-2021.10.win32_1.0.0.202111181127/tools/bin/../lib/gcc/arm-none-eabi/10.3.1/thumb/v7e-m+fp/hard\libgcc.a(_dvmd_tls.o)
                0x0000000008000d04                __aeabi_idiv0
                0x0000000008000d04                __aeabi_ldiv0
 *(.text*)
 .text.DDSControl
                0x0000000008000d08       0x58 ./Core/Src/main.o
                0x0000000008000d08                DDSControl
 .text.SystemClock_Config
                0x0000000008000d60       0xa0 ./Core/Src/main.o
                0x0000000008000d60                SystemClock_Config
 .text.startup.main
                0x0000000008000e00      0x154 ./Core/Src/main.o
                0x0000000008000e00                main
 *fill*         0x0000000008000f54        0x4 
 .text.HAL_ADC_ConvCpltCallback
                0x0000000008000f58       0xdc ./Core/Src/main.o
                0x0000000008000f58                HAL_ADC_ConvCpltCallback
 .text.HAL_TIM_PeriodElapsedCallback
                0x0000000008001034       0x10 ./Core/Src/main.o
                0x0000000008001034                HAL_TIM_PeriodElapsedCallback
 .text.HAL_MspInit
                0x0000000008001044       0x38 ./Core/Src/stm32f4xx_hal_msp.o
                0x0000000008001044                HAL_MspInit
 .text.HAL_ADC_MspInit
                0x000000000800107c       0x74 ./Core/Src/stm32f4xx_hal_msp.o
                0x000000000800107c                HAL_ADC_MspInit
 .text.HAL_DAC_MspInit
                0x00000000080010f0       0x64 ./Core/Src/stm32f4xx_hal_msp.o
                0x00000000080010f0                HAL_DAC_MspInit
 .text.HAL_TIM_Base_MspInit
                0x0000000008001154       0x3e ./Core/Src/stm32f4xx_hal_msp.o
                0x0000000008001154                HAL_TIM_Base_MspInit
 .text.NMI_Handler
                0x0000000008001192        0x2 ./Core/Src/stm32f4xx_it.o
                0x0000000008001192                NMI_Handler
 .text.HardFault_Handler
                0x0000000008001194        0x2 ./Core/Src/stm32f4xx_it.o
                0x0000000008001194                HardFault_Handler
 .text.MemManage_Handler
                0x0000000008001196        0x2 ./Core/Src/stm32f4xx_it.o
                0x0000000008001196                MemManage_Handler
 .text.BusFault_Handler
                0x0000000008001198        0x2 ./Core/Src/stm32f4xx_it.o
                0x0000000008001198                BusFault_Handler
 .text.UsageFault_Handler
                0x000000000800119a        0x2 ./Core/Src/stm32f4xx_it.o
                0x000000000800119a                UsageFault_Handler
 .text.SVC_Handler
                0x000000000800119c        0x2 ./Core/Src/stm32f4xx_it.o
                0x000000000800119c                SVC_Handler
 .text.DebugMon_Handler
                0x000000000800119e        0x2 ./Core/Src/stm32f4xx_it.o
                0x000000000800119e                DebugMon_Handler
 .text.PendSV_Handler
                0x00000000080011a0        0x2 ./Core/Src/stm32f4xx_it.o
                0x00000000080011a0                PendSV_Handler
 .text.SysTick_Handler
                0x00000000080011a2        0x4 ./Core/Src/stm32f4xx_it.o
                0x00000000080011a2                SysTick_Handler
 *fill*         0x00000000080011a6        0x2 
 .text.ADC_IRQHandler
                0x00000000080011a8        0xc ./Core/Src/stm32f4xx_it.o
                0x00000000080011a8                ADC_IRQHandler
 .text.TIM2_IRQHandler
                0x00000000080011b4        0xc ./Core/Src/stm32f4xx_it.o
                0x00000000080011b4                TIM2_IRQHandler
 .text.SystemInit
                0x00000000080011c0       0x14 ./Core/Src/system_stm32f4xx.o
                0x00000000080011c0                SystemInit
 .text.Reset_Handler
                0x00000000080011d4       0x50 ./Core/Startup/startup_stm32f407vgtx.o
                0x00000000080011d4                Reset_Handler
 .text.Default_Handler
                0x0000000008001224        0x2 ./Core/Startup/startup_stm32f407vgtx.o
                0x0000000008001224                RTC_Alarm_IRQHandler
                0x0000000008001224                HASH_RNG_IRQHandler
                0x0000000008001224                EXTI2_IRQHandler
                0x0000000008001224                TIM8_CC_IRQHandler
                0x0000000008001224                TIM1_CC_IRQHandler
                0x0000000008001224                DMA2_Stream5_IRQHandler
                0x0000000008001224                DMA1_Stream5_IRQHandler
                0x0000000008001224                PVD_IRQHandler
                0x0000000008001224                SDIO_IRQHandler
                0x0000000008001224                TAMP_STAMP_IRQHandler
                0x0000000008001224                CAN2_RX1_IRQHandler
                0x0000000008001224                EXTI3_IRQHandler
                0x0000000008001224                TIM8_TRG_COM_TIM14_IRQHandler
                0x0000000008001224                TIM1_UP_TIM10_IRQHandler
                0x0000000008001224                TIM8_UP_TIM13_IRQHandler
                0x0000000008001224                I2C3_ER_IRQHandler
                0x0000000008001224                EXTI0_IRQHandler
                0x0000000008001224                I2C2_EV_IRQHandler
                0x0000000008001224                DMA1_Stream2_IRQHandler
                0x0000000008001224                CAN1_RX0_IRQHandler
                0x0000000008001224                FPU_IRQHandler
                0x0000000008001224                OTG_HS_WKUP_IRQHandler
                0x0000000008001224                CAN2_SCE_IRQHandler
                0x0000000008001224                DMA2_Stream2_IRQHandler
                0x0000000008001224                SPI1_IRQHandler
                0x0000000008001224                TIM6_DAC_IRQHandler
                0x0000000008001224                TIM1_BRK_TIM9_IRQHandler
                0x0000000008001224                DCMI_IRQHandler
                0x0000000008001224                CAN2_RX0_IRQHandler
                0x0000000008001224                DMA2_Stream3_IRQHandler
                0x0000000008001224                USART6_IRQHandler
                0x0000000008001224                USART3_IRQHandler
                0x0000000008001224                CAN1_RX1_IRQHandler
                0x0000000008001224                UART5_IRQHandler
                0x0000000008001224                DMA2_Stream0_IRQHandler
                0x0000000008001224                TIM4_IRQHandler
                0x0000000008001224                I2C1_EV_IRQHandler
                0x0000000008001224                DMA1_Stream6_IRQHandler
                0x0000000008001224                DMA1_Stream1_IRQHandler
                0x0000000008001224                UART4_IRQHandler
                0x0000000008001224                TIM3_IRQHandler
                0x0000000008001224                RCC_IRQHandler
                0x0000000008001224                TIM8_BRK_TIM12_IRQHandler
                0x0000000008001224                Default_Handler
                0x0000000008001224                EXTI15_10_IRQHandler
                0x0000000008001224                DMA1_Stream7_IRQHandler
                0x0000000008001224                TIM7_IRQHandler
                0x0000000008001224                CAN2_TX_IRQHandler
                0x0000000008001224                TIM5_IRQHandler
                0x0000000008001224                DMA2_Stream7_IRQHandler
                0x0000000008001224                I2C3_EV_IRQHandler
                0x0000000008001224                EXTI9_5_IRQHandler
                0x0000000008001224                RTC_WKUP_IRQHandler
                0x0000000008001224                ETH_WKUP_IRQHandler
                0x0000000008001224                SPI2_IRQHandler
                0x0000000008001224                OTG_HS_EP1_IN_IRQHandler
                0x0000000008001224                DMA1_Stream0_IRQHandler
                0x0000000008001224                CAN1_TX_IRQHandler
                0x0000000008001224                EXTI4_IRQHandler
                0x0000000008001224                FSMC_IRQHandler
                0x0000000008001224                ETH_IRQHandler
                0x0000000008001224                OTG_HS_EP1_OUT_IRQHandler
                0x0000000008001224                WWDG_IRQHandler
                0x0000000008001224                OTG_FS_WKUP_IRQHandler
                0x0000000008001224                TIM1_TRG_COM_TIM11_IRQHandler
                0x0000000008001224                OTG_HS_IRQHandler
                0x0000000008001224                EXTI1_IRQHandler
                0x0000000008001224                USART2_IRQHandler
                0x0000000008001224                I2C2_ER_IRQHandler
                0x0000000008001224                DMA2_Stream1_IRQHandler
                0x0000000008001224                CAN1_SCE_IRQHandler
                0x0000000008001224                FLASH_IRQHandler
                0x0000000008001224                DMA2_Stream4_IRQHandler
                0x0000000008001224                USART1_IRQHandler
                0x0000000008001224                OTG_FS_IRQHandler
                0x0000000008001224                SPI3_IRQHandler
                0x0000000008001224                DMA1_Stream4_IRQHandler
                0x0000000008001224                I2C1_ER_IRQHandler
                0x0000000008001224                DMA2_Stream6_IRQHandler
                0x0000000008001224                DMA1_Stream3_IRQHandler
 *fill*         0x0000000008001226        0x2 
 .text.HAL_InitTick
                0x0000000008001228       0x48 ./Drivers/STM32F4xx_HAL_Driver/Src/stm32f4xx_hal.o
                0x0000000008001228                HAL_InitTick
 .text.HAL_Init
                0x0000000008001270       0x34 ./Drivers/STM32F4xx_HAL_Driver/Src/stm32f4xx_hal.o
                0x0000000008001270                HAL_Init
 .text.HAL_IncTick
                0x00000000080012a4       0x18 ./Drivers/STM32F4xx_HAL_Driver/Src/stm32f4xx_hal.o
                0x00000000080012a4                HAL_IncTick
 .text.HAL_GetTick
                0x00000000080012bc        0xc ./Drivers/STM32F4xx_HAL_Driver/Src/stm32f4xx_hal.o
                0x00000000080012bc                HAL_GetTick
 .text.HAL_ADC_Init
                0x00000000080012c8      0x14c ./Drivers/STM32F4xx_HAL_Driver/Src/stm32f4xx_hal_adc.o
                0x00000000080012c8                HAL_ADC_Init
 .text.HAL_ADC_Start_IT
                0x0000000008001414      0x114 ./Drivers/STM32F4xx_HAL_Driver/Src/stm32f4xx_hal_adc.o
                0x0000000008001414                HAL_ADC_Start_IT
 .text.HAL_ADC_GetValue
                0x0000000008001528        0x6 ./Drivers/STM32F4xx_HAL_Driver/Src/stm32f4xx_hal_adc.o
                0x0000000008001528                HAL_ADC_GetValue
 .text.HAL_ADC_LevelOutOfWindowCallback
                0x000000000800152e        0x2 ./Drivers/STM32F4xx_HAL_Driver/Src/stm32f4xx_hal_adc.o
                0x000000000800152e                HAL_ADC_LevelOutOfWindowCallback
 .text.HAL_ADC_ErrorCallback
                0x0000000008001530        0x2 ./Drivers/STM32F4xx_HAL_Driver/Src/stm32f4xx_hal_adc.o
                0x0000000008001530                HAL_ADC_ErrorCallback
 .text.HAL_ADC_IRQHandler
                0x0000000008001532      0x11c ./Drivers/STM32F4xx_HAL_Driver/Src/stm32f4xx_hal_adc.o
                0x0000000008001532                HAL_ADC_IRQHandler
 *fill*         0x000000000800164e        0x2 
 .text.HAL_ADC_ConfigChannel
                0x0000000008001650      0x124 ./Drivers/STM32F4xx_HAL_Driver/Src/stm32f4xx_hal_adc.o
                0x0000000008001650                HAL_ADC_ConfigChannel
 .text.HAL_ADCEx_InjectedConvCpltCallback
                0x0000000008001774        0x2 ./Drivers/STM32F4xx_HAL_Driver/Src/stm32f4xx_hal_adc_ex.o
                0x0000000008001774                HAL_ADCEx_InjectedConvCpltCallback
 *fill*         0x0000000008001776        0x2 
 .text.HAL_NVIC_SetPriorityGrouping
                0x0000000008001778       0x24 ./Drivers/STM32F4xx_HAL_Driver/Src/stm32f4xx_hal_cortex.o
                0x0000000008001778                HAL_NVIC_SetPriorityGrouping
 .text.HAL_NVIC_SetPriority
                0x000000000800179c       0x64 ./Drivers/STM32F4xx_HAL_Driver/Src/stm32f4xx_hal_cortex.o
                0x000000000800179c                HAL_NVIC_SetPriority
 .text.HAL_NVIC_EnableIRQ
                0x0000000008001800       0x1c ./Drivers/STM32F4xx_HAL_Driver/Src/stm32f4xx_hal_cortex.o
                0x0000000008001800                HAL_NVIC_EnableIRQ
 .text.HAL_SYSTICK_Config
                0x000000000800181c       0x28 ./Drivers/STM32F4xx_HAL_Driver/Src/stm32f4xx_hal_cortex.o
                0x000000000800181c                HAL_SYSTICK_Config
 .text.HAL_DAC_Init
                0x0000000008001844       0x26 ./Drivers/STM32F4xx_HAL_Driver/Src/stm32f4xx_hal_dac.o
                0x0000000008001844                HAL_DAC_Init
 .text.HAL_DAC_Start
                0x000000000800186a       0x54 ./Drivers/STM32F4xx_HAL_Driver/Src/stm32f4xx_hal_dac.o
                0x000000000800186a                HAL_DAC_Start
 .text.HAL_DAC_SetValue
                0x00000000080018be       0x24 ./Drivers/STM32F4xx_HAL_Driver/Src/stm32f4xx_hal_dac.o
                0x00000000080018be                HAL_DAC_SetValue
 .text.HAL_DAC_ConfigChannel
                0x00000000080018e2       0x46 ./Drivers/STM32F4xx_HAL_Driver/Src/stm32f4xx_hal_dac.o
                0x00000000080018e2                HAL_DAC_ConfigChannel
 .text.HAL_GPIO_Init
                0x0000000008001928      0x1b4 ./Drivers/STM32F4xx_HAL_Driver/Src/stm32f4xx_hal_gpio.o
                0x0000000008001928                HAL_GPIO_Init
 .text.HAL_RCC_OscConfig
                0x0000000008001adc      0x360 ./Drivers/STM32F4xx_HAL_Driver/Src/stm32f4xx_hal_rcc.o
                0x0000000008001adc                HAL_RCC_OscConfig
 .text.HAL_RCC_GetSysClockFreq
                0x0000000008001e3c       0x5c ./Drivers/STM32F4xx_HAL_Driver/Src/stm32f4xx_hal_rcc.o
                0x0000000008001e3c                HAL_RCC_GetSysClockFreq
 .text.HAL_RCC_ClockConfig
                0x0000000008001e98      0x138 ./Drivers/STM32F4xx_HAL_Driver/Src/stm32f4xx_hal_rcc.o
                0x0000000008001e98                HAL_RCC_ClockConfig
 .text.HAL_TIM_Base_Start
                0x0000000008001fd0       0x6c ./Drivers/STM32F4xx_HAL_Driver/Src/stm32f4xx_hal_tim.o
                0x0000000008001fd0                HAL_TIM_Base_Start
 .text.HAL_TIM_OC_DelayElapsedCallback
                0x000000000800203c        0x2 ./Drivers/STM32F4xx_HAL_Driver/Src/stm32f4xx_hal_tim.o
                0x000000000800203c                HAL_TIM_OC_DelayElapsedCallback
 .text.HAL_TIM_IC_CaptureCallback
                0x000000000800203e        0x2 ./Drivers/STM32F4xx_HAL_Driver/Src/stm32f4xx_hal_tim.o
                0x000000000800203e                HAL_TIM_IC_CaptureCallback
 .text.HAL_TIM_PWM_PulseFinishedCallback
                0x0000000008002040        0x2 ./Drivers/STM32F4xx_HAL_Driver/Src/stm32f4xx_hal_tim.o
                0x0000000008002040                HAL_TIM_PWM_PulseFinishedCallback
 .text.HAL_TIM_TriggerCallback
                0x0000000008002042        0x2 ./Drivers/STM32F4xx_HAL_Driver/Src/stm32f4xx_hal_tim.o
                0x0000000008002042                HAL_TIM_TriggerCallback
 .text.HAL_TIM_IRQHandler
                0x0000000008002044      0x144 ./Drivers/STM32F4xx_HAL_Driver/Src/stm32f4xx_hal_tim.o
                0x0000000008002044                HAL_TIM_IRQHandler
 .text.TIM_Base_SetConfig
                0x0000000008002188       0xcc ./Drivers/STM32F4xx_HAL_Driver/Src/stm32f4xx_hal_tim.o
                0x0000000008002188                TIM_Base_SetConfig
 .text.HAL_TIM_Base_Init
                0x0000000008002254       0x58 ./Drivers/STM32F4xx_HAL_Driver/Src/stm32f4xx_hal_tim.o
                0x0000000008002254                HAL_TIM_Base_Init
 .text.TIM_ETR_SetConfig
                0x00000000080022ac       0x14 ./Drivers/STM32F4xx_HAL_Driver/Src/stm32f4xx_hal_tim.o
                0x00000000080022ac                TIM_ETR_SetConfig
 .text.HAL_TIM_ConfigClockSource
                0x00000000080022c0      0x138 ./Drivers/STM32F4xx_HAL_Driver/Src/stm32f4xx_hal_tim.o
                0x00000000080022c0                HAL_TIM_ConfigClockSource
 .text.HAL_TIMEx_MasterConfigSynchronization
                0x00000000080023f8       0x7c ./Drivers/STM32F4xx_HAL_Driver/Src/stm32f4xx_hal_tim_ex.o
                0x00000000080023f8                HAL_TIMEx_MasterConfigSynchronization
 .text.HAL_TIMEx_CommutCallback
                0x0000000008002474        0x2 ./Drivers/STM32F4xx_HAL_Driver/Src/stm32f4xx_hal_tim_ex.o
                0x0000000008002474                HAL_TIMEx_CommutCallback
 .text.HAL_TIMEx_BreakCallback
                0x0000000008002476        0x2 ./Drivers/STM32F4xx_HAL_Driver/Src/stm32f4xx_hal_tim_ex.o
                0x0000000008002476                HAL_TIMEx_BreakCallback
 .text.__libc_init_array
                0x0000000008002478       0x48 e:/cubeide/stm32cubeide_1.10.1/stm32cubeide/plugins/com.st.stm32cube.ide.mcu.externaltools.gnu-tools-for-stm32.10.3-2021.10.win32_1.0.0.202111181127/tools/bin/../lib/gcc/arm-none-eabi/10.3.1/../../../../arm-none-eabi/lib/thumb/v7e-m+fp/hard\libc_nano.a(lib_a-init.o)
                0x0000000008002478                __libc_init_array
 .text.memset   0x00000000080024c0       0x10 e:/cubeide/stm32cubeide_1.10.1/stm32cubeide/plugins/com.st.stm32cube.ide.mcu.externaltools.gnu-tools-for-stm32.10.3-2021.10.win32_1.0.0.202111181127/tools/bin/../lib/gcc/arm-none-eabi/10.3.1/../../../../arm-none-eabi/lib/thumb/v7e-m+fp/hard\libc_nano.a(lib_a-memset.o)
                0x00000000080024c0                memset
 *(.glue_7)
 .glue_7        0x00000000080024d0        0x0 linker stubs
 *(.glue_7t)
 .glue_7t       0x00000000080024d0        0x0 linker stubs
 *(.eh_frame)
 .eh_frame      0x00000000080024d0        0x0 e:/cubeide/stm32cubeide_1.10.1/stm32cubeide/plugins/com.st.stm32cube.ide.mcu.externaltools.gnu-tools-for-stm32.10.3-2021.10.win32_1.0.0.202111181127/tools/bin/../lib/gcc/arm-none-eabi/10.3.1/thumb/v7e-m+fp/hard/crtbegin.o
 *(.init)
 .init          0x00000000080024d0        0x4 e:/cubeide/stm32cubeide_1.10.1/stm32cubeide/plugins/com.st.stm32cube.ide.mcu.externaltools.gnu-tools-for-stm32.10.3-2021.10.win32_1.0.0.202111181127/tools/bin/../lib/gcc/arm-none-eabi/10.3.1/thumb/v7e-m+fp/hard/crti.o
                0x00000000080024d0                _init
 .init          0x00000000080024d4        0x8 e:/cubeide/stm32cubeide_1.10.1/stm32cubeide/plugins/com.st.stm32cube.ide.mcu.externaltools.gnu-tools-for-stm32.10.3-2021.10.win32_1.0.0.202111181127/tools/bin/../lib/gcc/arm-none-eabi/10.3.1/thumb/v7e-m+fp/hard/crtn.o
 *(.fini)
 .fini          0x00000000080024dc        0x4 e:/cubeide/stm32cubeide_1.10.1/stm32cubeide/plugins/com.st.stm32cube.ide.mcu.externaltools.gnu-tools-for-stm32.10.3-2021.10.win32_1.0.0.202111181127/tools/bin/../lib/gcc/arm-none-eabi/10.3.1/thumb/v7e-m+fp/hard/crti.o
                0x00000000080024dc                _fini
 .fini          0x00000000080024e0        0x8 e:/cubeide/stm32cubeide_1.10.1/stm32cubeide/plugins/com.st.stm32cube.ide.mcu.externaltools.gnu-tools-for-stm32.10.3-2021.10.win32_1.0.0.202111181127/tools/bin/../lib/gcc/arm-none-eabi/10.3.1/thumb/v7e-m+fp/hard/crtn.o
                0x00000000080024e8                . = ALIGN (0x4)
                0x00000000080024e8                _etext = .

.vfp11_veneer   0x00000000080024e8        0x0
 .vfp11_veneer  0x00000000080024e8        0x0 linker stubs

.v4_bx          0x00000000080024e8        0x0
 .v4_bx         0x00000000080024e8        0x0 linker stubs

.iplt           0x00000000080024e8        0x0
 .iplt          0x00000000080024e8        0x0 e:/cubeide/stm32cubeide_1.10.1/stm32cubeide/plugins/com.st.stm32cube.ide.mcu.externaltools.gnu-tools-for-stm32.10.3-2021.10.win32_1.0.0.202111181127/tools/bin/../lib/gcc/arm-none-eabi/10.3.1/thumb/v7e-m+fp/hard/crtbegin.o

.rodata         0x00000000080024e8       0x10
                0x00000000080024e8                . = ALIGN (0x4)
 *(.rodata)
 *(.rodata*)
 .rodata.AHBPrescTable
                0x00000000080024e8       0x10 ./Core/Src/system_stm32f4xx.o
                0x00000000080024e8                AHBPrescTable
                0x00000000080024f8                . = ALIGN (0x4)

.ARM.extab      0x00000000080024f8        0x0
                0x00000000080024f8                . = ALIGN (0x4)
 *(.ARM.extab* .gnu.linkonce.armextab.*)
                0x00000000080024f8                . = ALIGN (0x4)

.ARM            0x00000000080024f8        0x8
                0x00000000080024f8                . = ALIGN (0x4)
                0x00000000080024f8                __exidx_start = .
 *(.ARM.exidx*)
 .ARM.exidx     0x00000000080024f8        0x8 e:/cubeide/stm32cubeide_1.10.1/stm32cubeide/plugins/com.st.stm32cube.ide.mcu.externaltools.gnu-tools-for-stm32.10.3-2021.10.win32_1.0.0.202111181127/tools/bin/../lib/gcc/arm-none-eabi/10.3.1/thumb/v7e-m+fp/hard\libgcc.a(_udivmoddi4.o)
                0x0000000008002500                __exidx_end = .
                0x0000000008002500                . = ALIGN (0x4)

.rel.dyn        0x0000000008002500        0x0
 .rel.iplt      0x0000000008002500        0x0 e:/cubeide/stm32cubeide_1.10.1/stm32cubeide/plugins/com.st.stm32cube.ide.mcu.externaltools.gnu-tools-for-stm32.10.3-2021.10.win32_1.0.0.202111181127/tools/bin/../lib/gcc/arm-none-eabi/10.3.1/thumb/v7e-m+fp/hard/crtbegin.o

.preinit_array  0x0000000008002500        0x0
                0x0000000008002500                . = ALIGN (0x4)
                0x0000000008002500                PROVIDE (__preinit_array_start = .)
 *(.preinit_array*)
                0x0000000008002500                PROVIDE (__preinit_array_end = .)
                0x0000000008002500                . = ALIGN (0x4)

.init_array     0x0000000008002500        0x4
                0x0000000008002500                . = ALIGN (0x4)
                0x0000000008002500                PROVIDE (__init_array_start = .)
 *(SORT_BY_NAME(.init_array.*))
 *(.init_array*)
 .init_array    0x0000000008002500        0x4 e:/cubeide/stm32cubeide_1.10.1/stm32cubeide/plugins/com.st.stm32cube.ide.mcu.externaltools.gnu-tools-for-stm32.10.3-2021.10.win32_1.0.0.202111181127/tools/bin/../lib/gcc/arm-none-eabi/10.3.1/thumb/v7e-m+fp/hard/crtbegin.o
                0x0000000008002504                PROVIDE (__init_array_end = .)
                0x0000000008002504                . = ALIGN (0x4)

.fini_array     0x0000000008002504        0x4
                0x0000000008002504                . = ALIGN (0x4)
                [!provide]                        PROVIDE (__fini_array_start = .)
 *(SORT_BY_NAME(.fini_array.*))
 *(.fini_array*)
 .fini_array    0x0000000008002504        0x4 e:/cubeide/stm32cubeide_1.10.1/stm32cubeide/plugins/com.st.stm32cube.ide.mcu.externaltools.gnu-tools-for-stm32.10.3-2021.10.win32_1.0.0.202111181127/tools/bin/../lib/gcc/arm-none-eabi/10.3.1/thumb/v7e-m+fp/hard/crtbegin.o
                [!provide]                        PROVIDE (__fini_array_end = .)
                0x0000000008002508                . = ALIGN (0x4)
                0x0000000008002508                _sidata = LOADADDR (.data)

.data           0x0000000020000000      0x810 load address 0x0000000008002508
                0x0000000020000000                . = ALIGN (0x4)
                0x0000000020000000                _sdata = .
 *(.data)
 *(.data*)
 .data.frequency
                0x0000000020000000        0x4 ./Core/Src/main.o
                0x0000000020000000                frequency
 .data.sine_value
                0x0000000020000004      0x800 ./Core/Src/main.o
                0x0000000020000004                sine_value
 .data.SystemCoreClock
                0x0000000020000804        0x4 ./Core/Src/system_stm32f4xx.o
                0x0000000020000804                SystemCoreClock
 .data.uwTickFreq
                0x0000000020000808        0x1 ./Drivers/STM32F4xx_HAL_Driver/Src/stm32f4xx_hal.o
                0x0000000020000808                uwTickFreq
 *fill*         0x0000000020000809        0x3 
 .data.uwTickPrio
                0x000000002000080c        0x4 ./Drivers/STM32F4xx_HAL_Driver/Src/stm32f4xx_hal.o
                0x000000002000080c                uwTickPrio
 *(.RamFunc)
 *(.RamFunc*)
                0x0000000020000810                . = ALIGN (0x4)
                0x0000000020000810                _edata = .
                0x0000000008002d18                _siccmram = LOADADDR (.ccmram)

.igot.plt       0x0000000020000810        0x0 load address 0x0000000008002d18
 .igot.plt      0x0000000020000810        0x0 e:/cubeide/stm32cubeide_1.10.1/stm32cubeide/plugins/com.st.stm32cube.ide.mcu.externaltools.gnu-tools-for-stm32.10.3-2021.10.win32_1.0.0.202111181127/tools/bin/../lib/gcc/arm-none-eabi/10.3.1/thumb/v7e-m+fp/hard/crtbegin.o

.ccmram         0x0000000010000000        0x0 load address 0x0000000008002d18
                0x0000000010000000                . = ALIGN (0x4)
                0x0000000010000000                _sccmram = .
 *(.ccmram)
 *(.ccmram*)
                0x0000000010000000                . = ALIGN (0x4)
                0x0000000010000000                _eccmram = .
                0x0000000010000000                . = ALIGN (0x4)

.bss            0x0000000020000810       0xec
                0x0000000020000810                _sbss = .
                0x0000000020000810                __bss_start__ = _sbss
 *(.bss)
 .bss           0x0000000020000810       0x1c e:/cubeide/stm32cubeide_1.10.1/stm32cubeide/plugins/com.st.stm32cube.ide.mcu.externaltools.gnu-tools-for-stm32.10.3-2021.10.win32_1.0.0.202111181127/tools/bin/../lib/gcc/arm-none-eabi/10.3.1/thumb/v7e-m+fp/hard/crtbegin.o
 *(.bss*)
 .bss.ADCValue  0x000000002000082c        0x2 ./Core/Src/main.o
                0x000000002000082c                ADCValue
 *fill*         0x000000002000082e        0x2 
 .bss.hadc1     0x0000000020000830       0x48 ./Core/Src/main.o
                0x0000000020000830                hadc1
 .bss.hdac      0x0000000020000878       0x14 ./Core/Src/main.o
                0x0000000020000878                hdac
 .bss.htim2     0x000000002000088c       0x48 ./Core/Src/main.o
                0x000000002000088c                htim2
 .bss.phaseAccumultor.0
                0x00000000200008d4        0x2 ./Core/Src/main.o
 .bss.vout      0x00000000200008d6        0x2 ./Core/Src/main.o
                0x00000000200008d6                vout
 .bss.xv        0x00000000200008d8       0x10 ./Core/Src/main.o
 .bss.yv        0x00000000200008e8       0x10 ./Core/Src/main.o
 .bss.uwTick    0x00000000200008f8        0x4 ./Drivers/STM32F4xx_HAL_Driver/Src/stm32f4xx_hal.o
                0x00000000200008f8                uwTick
 *(COMMON)
                0x00000000200008fc                . = ALIGN (0x4)
                0x00000000200008fc                _ebss = .
                0x00000000200008fc                __bss_end__ = _ebss

._user_heap_stack
                0x00000000200008fc      0x604
                0x0000000020000900                . = ALIGN (0x8)
 *fill*         0x00000000200008fc        0x4 
                [!provide]                        PROVIDE (end = .)
                0x0000000020000900                PROVIDE (_end = .)
                0x0000000020000b00                . = (. + _Min_Heap_Size)
 *fill*         0x0000000020000900      0x200 
                0x0000000020000f00                . = (. + _Min_Stack_Size)
 *fill*         0x0000000020000b00      0x400 
                0x0000000020000f00                . = ALIGN (0x8)

/DISCARD/
 libc.a(*)
 libm.a(*)
 libgcc.a(*)

.ARM.attributes
                0x0000000000000000       0x30
 *(.ARM.attributes)
 .ARM.attributes
                0x0000000000000000       0x1e e:/cubeide/stm32cubeide_1.10.1/stm32cubeide/plugins/com.st.stm32cube.ide.mcu.externaltools.gnu-tools-for-stm32.10.3-2021.10.win32_1.0.0.202111181127/tools/bin/../lib/gcc/arm-none-eabi/10.3.1/thumb/v7e-m+fp/hard/crti.o
 .ARM.attributes
                0x000000000000001e       0x34 e:/cubeide/stm32cubeide_1.10.1/stm32cubeide/plugins/com.st.stm32cube.ide.mcu.externaltools.gnu-tools-for-stm32.10.3-2021.10.win32_1.0.0.202111181127/tools/bin/../lib/gcc/arm-none-eabi/10.3.1/thumb/v7e-m+fp/hard/crtbegin.o
 .ARM.attributes
                0x0000000000000052       0x34 ./Core/Src/main.o
 .ARM.attributes
                0x0000000000000086       0x34 ./Core/Src/stm32f4xx_hal_msp.o
 .ARM.attributes
                0x00000000000000ba       0x34 ./Core/Src/stm32f4xx_it.o
 .ARM.attributes
                0x00000000000000ee       0x34 ./Core/Src/system_stm32f4xx.o
 .ARM.attributes
                0x0000000000000122       0x21 ./Core/Startup/startup_stm32f407vgtx.o
 .ARM.attributes
                0x0000000000000143       0x34 ./Drivers/STM32F4xx_HAL_Driver/Src/stm32f4xx_hal.o
 .ARM.attributes
                0x0000000000000177       0x34 ./Drivers/STM32F4xx_HAL_Driver/Src/stm32f4xx_hal_adc.o
 .ARM.attributes
                0x00000000000001ab       0x34 ./Drivers/STM32F4xx_HAL_Driver/Src/stm32f4xx_hal_adc_ex.o
 .ARM.attributes
                0x00000000000001df       0x34 ./Drivers/STM32F4xx_HAL_Driver/Src/stm32f4xx_hal_cortex.o
 .ARM.attributes
                0x0000000000000213       0x34 ./Drivers/STM32F4xx_HAL_Driver/Src/stm32f4xx_hal_dac.o
 .ARM.attributes
                0x0000000000000247       0x34 ./Drivers/STM32F4xx_HAL_Driver/Src/stm32f4xx_hal_gpio.o
 .ARM.attributes
                0x000000000000027b       0x34 ./Drivers/STM32F4xx_HAL_Driver/Src/stm32f4xx_hal_rcc.o
 .ARM.attributes
                0x00000000000002af       0x34 ./Drivers/STM32F4xx_HAL_Driver/Src/stm32f4xx_hal_tim.o
 .ARM.attributes
                0x00000000000002e3       0x34 ./Drivers/STM32F4xx_HAL_Driver/Src/stm32f4xx_hal_tim_ex.o
 .ARM.attributes
                0x0000000000000317       0x34 e:/cubeide/stm32cubeide_1.10.1/stm32cubeide/plugins/com.st.stm32cube.ide.mcu.externaltools.gnu-tools-for-stm32.10.3-2021.10.win32_1.0.0.202111181127/tools/bin/../lib/gcc/arm-none-eabi/10.3.1/../../../../arm-none-eabi/lib/thumb/v7e-m+fp/hard\libc_nano.a(lib_a-init.o)
 .ARM.attributes
                0x000000000000034b       0x34 e:/cubeide/stm32cubeide_1.10.1/stm32cubeide/plugins/com.st.stm32cube.ide.mcu.externaltools.gnu-tools-for-stm32.10.3-2021.10.win32_1.0.0.202111181127/tools/bin/../lib/gcc/arm-none-eabi/10.3.1/../../../../arm-none-eabi/lib/thumb/v7e-m+fp/hard\libc_nano.a(lib_a-memset.o)
 .ARM.attributes
                0x000000000000037f       0x1e e:/cubeide/stm32cubeide_1.10.1/stm32cubeide/plugins/com.st.stm32cube.ide.mcu.externaltools.gnu-tools-for-stm32.10.3-2021.10.win32_1.0.0.202111181127/tools/bin/../lib/gcc/arm-none-eabi/10.3.1/thumb/v7e-m+fp/hard\libgcc.a(_arm_addsubdf3.o)
 .ARM.attributes
                0x000000000000039d       0x1e e:/cubeide/stm32cubeide_1.10.1/stm32cubeide/plugins/com.st.stm32cube.ide.mcu.externaltools.gnu-tools-for-stm32.10.3-2021.10.win32_1.0.0.202111181127/tools/bin/../lib/gcc/arm-none-eabi/10.3.1/thumb/v7e-m+fp/hard\libgcc.a(_arm_muldivdf3.o)
 .ARM.attributes
                0x00000000000003bb       0x1e e:/cubeide/stm32cubeide_1.10.1/stm32cubeide/plugins/com.st.stm32cube.ide.mcu.externaltools.gnu-tools-for-stm32.10.3-2021.10.win32_1.0.0.202111181127/tools/bin/../lib/gcc/arm-none-eabi/10.3.1/thumb/v7e-m+fp/hard\libgcc.a(_arm_truncdfsf2.o)
 .ARM.attributes
                0x00000000000003d9       0x1e e:/cubeide/stm32cubeide_1.10.1/stm32cubeide/plugins/com.st.stm32cube.ide.mcu.externaltools.gnu-tools-for-stm32.10.3-2021.10.win32_1.0.0.202111181127/tools/bin/../lib/gcc/arm-none-eabi/10.3.1/thumb/v7e-m+fp/hard\libgcc.a(_aeabi_uldivmod.o)
 .ARM.attributes
                0x00000000000003f7       0x34 e:/cubeide/stm32cubeide_1.10.1/stm32cubeide/plugins/com.st.stm32cube.ide.mcu.externaltools.gnu-tools-for-stm32.10.3-2021.10.win32_1.0.0.202111181127/tools/bin/../lib/gcc/arm-none-eabi/10.3.1/thumb/v7e-m+fp/hard\libgcc.a(_udivmoddi4.o)
 .ARM.attributes
                0x000000000000042b       0x1e e:/cubeide/stm32cubeide_1.10.1/stm32cubeide/plugins/com.st.stm32cube.ide.mcu.externaltools.gnu-tools-for-stm32.10.3-2021.10.win32_1.0.0.202111181127/tools/bin/../lib/gcc/arm-none-eabi/10.3.1/thumb/v7e-m+fp/hard\libgcc.a(_dvmd_tls.o)
 .ARM.attributes
                0x0000000000000449       0x1e e:/cubeide/stm32cubeide_1.10.1/stm32cubeide/plugins/com.st.stm32cube.ide.mcu.externaltools.gnu-tools-for-stm32.10.3-2021.10.win32_1.0.0.202111181127/tools/bin/../lib/gcc/arm-none-eabi/10.3.1/thumb/v7e-m+fp/hard/crtn.o
OUTPUT(Modulation_AM.elf elf32-littlearm)
LOAD linker stubs
LOAD e:/cubeide/stm32cubeide_1.10.1/stm32cubeide/plugins/com.st.stm32cube.ide.mcu.externaltools.gnu-tools-for-stm32.10.3-2021.10.win32_1.0.0.202111181127/tools/bin/../lib/gcc/arm-none-eabi/10.3.1/../../../../arm-none-eabi/lib/thumb/v7e-m+fp/hard\libc.a
LOAD e:/cubeide/stm32cubeide_1.10.1/stm32cubeide/plugins/com.st.stm32cube.ide.mcu.externaltools.gnu-tools-for-stm32.10.3-2021.10.win32_1.0.0.202111181127/tools/bin/../lib/gcc/arm-none-eabi/10.3.1/../../../../arm-none-eabi/lib/thumb/v7e-m+fp/hard\libm.a
LOAD e:/cubeide/stm32cubeide_1.10.1/stm32cubeide/plugins/com.st.stm32cube.ide.mcu.externaltools.gnu-tools-for-stm32.10.3-2021.10.win32_1.0.0.202111181127/tools/bin/../lib/gcc/arm-none-eabi/10.3.1/thumb/v7e-m+fp/hard\libgcc.a

.debug_info     0x0000000000000000     0xed3c
 .debug_info    0x0000000000000000     0x18dc ./Core/Src/main.o
 .debug_info    0x00000000000018dc     0x12f8 ./Core/Src/stm32f4xx_hal_msp.o
 .debug_info    0x0000000000002bd4      0x9f1 ./Core/Src/stm32f4xx_it.o
 .debug_info    0x00000000000035c5      0x53c ./Core/Src/system_stm32f4xx.o
 .debug_info    0x0000000000003b01       0x22 ./Core/Startup/startup_stm32f407vgtx.o
 .debug_info    0x0000000000003b23      0xa50 ./Drivers/STM32F4xx_HAL_Driver/Src/stm32f4xx_hal.o
 .debug_info    0x0000000000004573      0xf00 ./Drivers/STM32F4xx_HAL_Driver/Src/stm32f4xx_hal_adc.o
 .debug_info    0x0000000000005473      0xce5 ./Drivers/STM32F4xx_HAL_Driver/Src/stm32f4xx_hal_adc_ex.o
 .debug_info    0x0000000000006158     0x108c ./Drivers/STM32F4xx_HAL_Driver/Src/stm32f4xx_hal_cortex.o
 .debug_info    0x00000000000071e4      0xb5c ./Drivers/STM32F4xx_HAL_Driver/Src/stm32f4xx_hal_dac.o
 .debug_info    0x0000000000007d40      0x7b0 ./Drivers/STM32F4xx_HAL_Driver/Src/stm32f4xx_hal_gpio.o
 .debug_info    0x00000000000084f0      0xb93 ./Drivers/STM32F4xx_HAL_Driver/Src/stm32f4xx_hal_rcc.o
 .debug_info    0x0000000000009083     0x42d1 ./Drivers/STM32F4xx_HAL_Driver/Src/stm32f4xx_hal_tim.o
 .debug_info    0x000000000000d354     0x19e8 ./Drivers/STM32F4xx_HAL_Driver/Src/stm32f4xx_hal_tim_ex.o

.debug_abbrev   0x0000000000000000     0x2259
 .debug_abbrev  0x0000000000000000      0x3ed ./Core/Src/main.o
 .debug_abbrev  0x00000000000003ed      0x1fa ./Core/Src/stm32f4xx_hal_msp.o
 .debug_abbrev  0x00000000000005e7      0x1d9 ./Core/Src/stm32f4xx_it.o
 .debug_abbrev  0x00000000000007c0      0x11c ./Core/Src/system_stm32f4xx.o
 .debug_abbrev  0x00000000000008dc       0x12 ./Core/Startup/startup_stm32f407vgtx.o
 .debug_abbrev  0x00000000000008ee      0x289 ./Drivers/STM32F4xx_HAL_Driver/Src/stm32f4xx_hal.o
 .debug_abbrev  0x0000000000000b77      0x2fa ./Drivers/STM32F4xx_HAL_Driver/Src/stm32f4xx_hal_adc.o
 .debug_abbrev  0x0000000000000e71      0x2d8 ./Drivers/STM32F4xx_HAL_Driver/Src/stm32f4xx_hal_adc_ex.o
 .debug_abbrev  0x0000000000001149      0x372 ./Drivers/STM32F4xx_HAL_Driver/Src/stm32f4xx_hal_cortex.o
 .debug_abbrev  0x00000000000014bb      0x22d ./Drivers/STM32F4xx_HAL_Driver/Src/stm32f4xx_hal_dac.o
 .debug_abbrev  0x00000000000016e8      0x1f0 ./Drivers/STM32F4xx_HAL_Driver/Src/stm32f4xx_hal_gpio.o
 .debug_abbrev  0x00000000000018d8      0x344 ./Drivers/STM32F4xx_HAL_Driver/Src/stm32f4xx_hal_rcc.o
 .debug_abbrev  0x0000000000001c1c      0x36c ./Drivers/STM32F4xx_HAL_Driver/Src/stm32f4xx_hal_tim.o
 .debug_abbrev  0x0000000000001f88      0x2d1 ./Drivers/STM32F4xx_HAL_Driver/Src/stm32f4xx_hal_tim_ex.o

.debug_loc      0x0000000000000000     0x85e2
 .debug_loc     0x0000000000000000      0x128 ./Core/Src/main.o
 .debug_loc     0x0000000000000128      0x12c ./Core/Src/stm32f4xx_hal_msp.o
 .debug_loc     0x0000000000000254      0x118 ./Core/Src/system_stm32f4xx.o
 .debug_loc     0x000000000000036c      0x139 ./Drivers/STM32F4xx_HAL_Driver/Src/stm32f4xx_hal.o
 .debug_loc     0x00000000000004a5      0x98a ./Drivers/STM32F4xx_HAL_Driver/Src/stm32f4xx_hal_adc.o
 .debug_loc     0x0000000000000e2f      0x985 ./Drivers/STM32F4xx_HAL_Driver/Src/stm32f4xx_hal_adc_ex.o
 .debug_loc     0x00000000000017b4      0x5d3 ./Drivers/STM32F4xx_HAL_Driver/Src/stm32f4xx_hal_cortex.o
 .debug_loc     0x0000000000001d87      0x74b ./Drivers/STM32F4xx_HAL_Driver/Src/stm32f4xx_hal_dac.o
 .debug_loc     0x00000000000024d2      0x422 ./Drivers/STM32F4xx_HAL_Driver/Src/stm32f4xx_hal_gpio.o
 .debug_loc     0x00000000000028f4      0x4af ./Drivers/STM32F4xx_HAL_Driver/Src/stm32f4xx_hal_rcc.o
 .debug_loc     0x0000000000002da3     0x45a6 ./Drivers/STM32F4xx_HAL_Driver/Src/stm32f4xx_hal_tim.o
 .debug_loc     0x0000000000007349     0x1299 ./Drivers/STM32F4xx_HAL_Driver/Src/stm32f4xx_hal_tim_ex.o

.debug_aranges  0x0000000000000000      0x958
 .debug_aranges
                0x0000000000000000       0x58 ./Core/Src/main.o
 .debug_aranges
                0x0000000000000058       0x50 ./Core/Src/stm32f4xx_hal_msp.o
 .debug_aranges
                0x00000000000000a8       0x60 ./Core/Src/stm32f4xx_it.o
 .debug_aranges
                0x0000000000000108       0x28 ./Core/Src/system_stm32f4xx.o
 .debug_aranges
                0x0000000000000130       0x28 ./Core/Startup/startup_stm32f407vgtx.o
 .debug_aranges
                0x0000000000000158       0xe8 ./Drivers/STM32F4xx_HAL_Driver/Src/stm32f4xx_hal.o
 .debug_aranges
                0x0000000000000240       0xb8 ./Drivers/STM32F4xx_HAL_Driver/Src/stm32f4xx_hal_adc.o
 .debug_aranges
                0x00000000000002f8       0x90 ./Drivers/STM32F4xx_HAL_Driver/Src/stm32f4xx_hal_adc_ex.o
 .debug_aranges
                0x0000000000000388       0xa8 ./Drivers/STM32F4xx_HAL_Driver/Src/stm32f4xx_hal_cortex.o
 .debug_aranges
                0x0000000000000430       0x98 ./Drivers/STM32F4xx_HAL_Driver/Src/stm32f4xx_hal_dac.o
 .debug_aranges
                0x00000000000004c8       0x58 ./Drivers/STM32F4xx_HAL_Driver/Src/stm32f4xx_hal_gpio.o
 .debug_aranges
                0x0000000000000520       0x88 ./Drivers/STM32F4xx_HAL_Driver/Src/stm32f4xx_hal_rcc.o
 .debug_aranges
                0x00000000000005a8      0x298 ./Drivers/STM32F4xx_HAL_Driver/Src/stm32f4xx_hal_tim.o
 .debug_aranges
                0x0000000000000840      0x118 ./Drivers/STM32F4xx_HAL_Driver/Src/stm32f4xx_hal_tim_ex.o

.debug_ranges   0x0000000000000000      0xd38
 .debug_ranges  0x0000000000000000      0x238 ./Core/Src/main.o
 .debug_ranges  0x0000000000000238       0xb8 ./Core/Src/stm32f4xx_hal_msp.o
 .debug_ranges  0x00000000000002f0       0x50 ./Core/Src/stm32f4xx_it.o
 .debug_ranges  0x0000000000000340       0x18 ./Core/Src/system_stm32f4xx.o
 .debug_ranges  0x0000000000000358       0x20 ./Core/Startup/startup_stm32f407vgtx.o
 .debug_ranges  0x0000000000000378       0xd8 ./Drivers/STM32F4xx_HAL_Driver/Src/stm32f4xx_hal.o
 .debug_ranges  0x0000000000000450       0xc8 ./Drivers/STM32F4xx_HAL_Driver/Src/stm32f4xx_hal_adc.o
 .debug_ranges  0x0000000000000518       0x80 ./Drivers/STM32F4xx_HAL_Driver/Src/stm32f4xx_hal_adc_ex.o
 .debug_ranges  0x0000000000000598      0x150 ./Drivers/STM32F4xx_HAL_Driver/Src/stm32f4xx_hal_cortex.o
 .debug_ranges  0x00000000000006e8       0x88 ./Drivers/STM32F4xx_HAL_Driver/Src/stm32f4xx_hal_dac.o
 .debug_ranges  0x0000000000000770       0x68 ./Drivers/STM32F4xx_HAL_Driver/Src/stm32f4xx_hal_gpio.o
 .debug_ranges  0x00000000000007d8       0xb0 ./Drivers/STM32F4xx_HAL_Driver/Src/stm32f4xx_hal_rcc.o
 .debug_ranges  0x0000000000000888      0x3a8 ./Drivers/STM32F4xx_HAL_Driver/Src/stm32f4xx_hal_tim.o
 .debug_ranges  0x0000000000000c30      0x108 ./Drivers/STM32F4xx_HAL_Driver/Src/stm32f4xx_hal_tim_ex.o

.debug_macro    0x0000000000000000    0x21643
 .debug_macro   0x0000000000000000      0x22e ./Core/Src/main.o
 .debug_macro   0x000000000000022e      0xa7e ./Core/Src/main.o
 .debug_macro   0x0000000000000cac      0x2a1 ./Core/Src/main.o
 .debug_macro   0x0000000000000f4d       0x2e ./Core/Src/main.o
 .debug_macro   0x0000000000000f7b       0x2f ./Core/Src/main.o
 .debug_macro   0x0000000000000faa       0x22 ./Core/Src/main.o
 .debug_macro   0x0000000000000fcc       0x8e ./Core/Src/main.o
 .debug_macro   0x000000000000105a       0x51 ./Core/Src/main.o
 .debug_macro   0x00000000000010ab      0x103 ./Core/Src/main.o
 .debug_macro   0x00000000000011ae       0x6a ./Core/Src/main.o
 .debug_macro   0x0000000000001218      0x1df ./Core/Src/main.o
 .debug_macro   0x00000000000013f7       0x1c ./Core/Src/main.o
 .debug_macro   0x0000000000001413       0x22 ./Core/Src/main.o
 .debug_macro   0x0000000000001435       0xd9 ./Core/Src/main.o
 .debug_macro   0x000000000000150e     0x102d ./Core/Src/main.o
 .debug_macro   0x000000000000253b      0x11f ./Core/Src/main.o
 .debug_macro   0x000000000000265a    0x15e82 ./Core/Src/main.o
 .debug_macro   0x00000000000184dc       0x6d ./Core/Src/main.o
 .debug_macro   0x0000000000018549     0x367e ./Core/Src/main.o
 .debug_macro   0x000000000001bbc7      0x174 ./Core/Src/main.o
 .debug_macro   0x000000000001bd3b       0x5c ./Core/Src/main.o
 .debug_macro   0x000000000001bd97      0x96b ./Core/Src/main.o
 .debug_macro   0x000000000001c702      0x9fe ./Core/Src/main.o
 .debug_macro   0x000000000001d100      0x115 ./Core/Src/main.o
 .debug_macro   0x000000000001d215      0x13e ./Core/Src/main.o
 .debug_macro   0x000000000001d353       0xa5 ./Core/Src/main.o
 .debug_macro   0x000000000001d3f8      0x174 ./Core/Src/main.o
 .debug_macro   0x000000000001d56c      0x287 ./Core/Src/main.o
 .debug_macro   0x000000000001d7f3       0x5f ./Core/Src/main.o
 .debug_macro   0x000000000001d852      0x236 ./Core/Src/main.o
 .debug_macro   0x000000000001da88      0xb5b ./Core/Src/main.o
 .debug_macro   0x000000000001e5e3      0x38b ./Core/Src/main.o
 .debug_macro   0x000000000001e96e      0x176 ./Core/Src/main.o
 .debug_macro   0x000000000001eae4       0xf9 ./Core/Src/main.o
 .debug_macro   0x000000000001ebdd      0x122 ./Core/Src/main.o
 .debug_macro   0x000000000001ecff       0xa6 ./Core/Src/main.o
 .debug_macro   0x000000000001eda5      0x12c ./Core/Src/main.o
 .debug_macro   0x000000000001eed1      0x21e ./Core/Src/main.o
 .debug_macro   0x000000000001f0ef       0x2e ./Core/Src/main.o
 .debug_macro   0x000000000001f11d      0x11a ./Core/Src/main.o
 .debug_macro   0x000000000001f237       0x7e ./Core/Src/main.o
 .debug_macro   0x000000000001f2b5       0x89 ./Core/Src/main.o
 .debug_macro   0x000000000001f33e      0x8e6 ./Core/Src/main.o
 .debug_macro   0x000000000001fc24       0x47 ./Core/Src/main.o
 .debug_macro   0x000000000001fc6b      0x12d ./Core/Src/main.o
 .debug_macro   0x000000000001fd98      0x20a ./Core/Src/stm32f4xx_hal_msp.o
 .debug_macro   0x000000000001ffa2      0x214 ./Core/Src/stm32f4xx_it.o
 .debug_macro   0x00000000000201b6      0x200 ./Core/Src/system_stm32f4xx.o
 .debug_macro   0x00000000000203b6      0x260 ./Drivers/STM32F4xx_HAL_Driver/Src/stm32f4xx_hal.o
 .debug_macro   0x0000000000020616      0x201 ./Drivers/STM32F4xx_HAL_Driver/Src/stm32f4xx_hal_adc.o
 .debug_macro   0x0000000000020817      0x200 ./Drivers/STM32F4xx_HAL_Driver/Src/stm32f4xx_hal_adc_ex.o
 .debug_macro   0x0000000000020a17      0x200 ./Drivers/STM32F4xx_HAL_Driver/Src/stm32f4xx_hal_cortex.o
 .debug_macro   0x0000000000020c17      0x201 ./Drivers/STM32F4xx_HAL_Driver/Src/stm32f4xx_hal_dac.o
 .debug_macro   0x0000000000020e18      0x206 ./Drivers/STM32F4xx_HAL_Driver/Src/stm32f4xx_hal_gpio.o
 .debug_macro   0x000000000002101e      0x224 ./Drivers/STM32F4xx_HAL_Driver/Src/stm32f4xx_hal_rcc.o
 .debug_macro   0x0000000000021242      0x201 ./Drivers/STM32F4xx_HAL_Driver/Src/stm32f4xx_hal_tim.o
 .debug_macro   0x0000000000021443      0x200 ./Drivers/STM32F4xx_HAL_Driver/Src/stm32f4xx_hal_tim_ex.o

.debug_line     0x0000000000000000     0xedc9
 .debug_line    0x0000000000000000      0xc9d ./Core/Src/main.o
 .debug_line    0x0000000000000c9d      0x8a2 ./Core/Src/stm32f4xx_hal_msp.o
 .debug_line    0x000000000000153f      0x82f ./Core/Src/stm32f4xx_it.o
 .debug_line    0x0000000000001d6e      0x7c8 ./Core/Src/system_stm32f4xx.o
 .debug_line    0x0000000000002536       0x88 ./Core/Startup/startup_stm32f407vgtx.o
 .debug_line    0x00000000000025be      0xa9b ./Drivers/STM32F4xx_HAL_Driver/Src/stm32f4xx_hal.o
 .debug_line    0x0000000000003059     0x14ba ./Drivers/STM32F4xx_HAL_Driver/Src/stm32f4xx_hal_adc.o
 .debug_line    0x0000000000004513     0x10d9 ./Drivers/STM32F4xx_HAL_Driver/Src/stm32f4xx_hal_adc_ex.o
 .debug_line    0x00000000000055ec      0xd08 ./Drivers/STM32F4xx_HAL_Driver/Src/stm32f4xx_hal_cortex.o
 .debug_line    0x00000000000062f4      0xd09 ./Drivers/STM32F4xx_HAL_Driver/Src/stm32f4xx_hal_dac.o
 .debug_line    0x0000000000006ffd      0xcac ./Drivers/STM32F4xx_HAL_Driver/Src/stm32f4xx_hal_gpio.o
 .debug_line    0x0000000000007ca9     0x101c ./Drivers/STM32F4xx_HAL_Driver/Src/stm32f4xx_hal_rcc.o
 .debug_line    0x0000000000008cc5     0x4651 ./Drivers/STM32F4xx_HAL_Driver/Src/stm32f4xx_hal_tim.o
 .debug_line    0x000000000000d316     0x1ab3 ./Drivers/STM32F4xx_HAL_Driver/Src/stm32f4xx_hal_tim_ex.o

.debug_str      0x0000000000000000    0xd2b28
 .debug_str     0x0000000000000000    0xcfc6a ./Core/Src/main.o
                                      0xd0025 (size before relaxing)
 .debug_str     0x00000000000cfc6a      0x643 ./Core/Src/stm32f4xx_hal_msp.o
                                      0xd00fe (size before relaxing)
 .debug_str     0x00000000000d02ad       0xff ./Core/Src/stm32f4xx_it.o
                                      0xcf978 (size before relaxing)
 .debug_str     0x00000000000d03ac       0xdb ./Core/Src/system_stm32f4xx.o
                                      0xcf396 (size before relaxing)
 .debug_str     0x00000000000d0487       0x36 ./Core/Startup/startup_stm32f407vgtx.o
                                         0x5f (size before relaxing)
 .debug_str     0x00000000000d04bd      0x617 ./Drivers/STM32F4xx_HAL_Driver/Src/stm32f4xx_hal.o
                                      0xcff1a (size before relaxing)
 .debug_str     0x00000000000d0ad4      0x285 ./Drivers/STM32F4xx_HAL_Driver/Src/stm32f4xx_hal_adc.o
                                      0xcf983 (size before relaxing)
 .debug_str     0x00000000000d0d59      0x2df ./Drivers/STM32F4xx_HAL_Driver/Src/stm32f4xx_hal_adc_ex.o
                                      0xcf9d7 (size before relaxing)
 .debug_str     0x00000000000d1038      0x32b ./Drivers/STM32F4xx_HAL_Driver/Src/stm32f4xx_hal_cortex.o
                                      0xcfc4d (size before relaxing)
 .debug_str     0x00000000000d1363      0x1dd ./Drivers/STM32F4xx_HAL_Driver/Src/stm32f4xx_hal_dac.o
                                      0xcf808 (size before relaxing)
 .debug_str     0x00000000000d1540      0x15d ./Drivers/STM32F4xx_HAL_Driver/Src/stm32f4xx_hal_gpio.o
                                      0xcf511 (size before relaxing)
 .debug_str     0x00000000000d169d      0x244 ./Drivers/STM32F4xx_HAL_Driver/Src/stm32f4xx_hal_rcc.o
                                      0xcf7db (size before relaxing)
 .debug_str     0x00000000000d18e1      0xdb4 ./Drivers/STM32F4xx_HAL_Driver/Src/stm32f4xx_hal_tim.o
                                      0xd0710 (size before relaxing)
 .debug_str     0x00000000000d2695      0x493 ./Drivers/STM32F4xx_HAL_Driver/Src/stm32f4xx_hal_tim_ex.o
                                      0xcff2c (size before relaxing)

.comment        0x0000000000000000       0x50
 .comment       0x0000000000000000       0x50 ./Core/Src/main.o
                                         0x51 (size before relaxing)
 .comment       0x0000000000000050       0x51 ./Core/Src/stm32f4xx_hal_msp.o
 .comment       0x0000000000000050       0x51 ./Core/Src/stm32f4xx_it.o
 .comment       0x0000000000000050       0x51 ./Core/Src/system_stm32f4xx.o
 .comment       0x0000000000000050       0x51 ./Drivers/STM32F4xx_HAL_Driver/Src/stm32f4xx_hal.o
 .comment       0x0000000000000050       0x51 ./Drivers/STM32F4xx_HAL_Driver/Src/stm32f4xx_hal_adc.o
 .comment       0x0000000000000050       0x51 ./Drivers/STM32F4xx_HAL_Driver/Src/stm32f4xx_hal_adc_ex.o
 .comment       0x0000000000000050       0x51 ./Drivers/STM32F4xx_HAL_Driver/Src/stm32f4xx_hal_cortex.o
 .comment       0x0000000000000050       0x51 ./Drivers/STM32F4xx_HAL_Driver/Src/stm32f4xx_hal_dac.o
 .comment       0x0000000000000050       0x51 ./Drivers/STM32F4xx_HAL_Driver/Src/stm32f4xx_hal_gpio.o
 .comment       0x0000000000000050       0x51 ./Drivers/STM32F4xx_HAL_Driver/Src/stm32f4xx_hal_rcc.o
 .comment       0x0000000000000050       0x51 ./Drivers/STM32F4xx_HAL_Driver/Src/stm32f4xx_hal_tim.o
 .comment       0x0000000000000050       0x51 ./Drivers/STM32F4xx_HAL_Driver/Src/stm32f4xx_hal_tim_ex.o

.debug_frame    0x0000000000000000     0x1d1c
 .debug_frame   0x0000000000000000       0xd4 ./Core/Src/main.o
 .debug_frame   0x00000000000000d4       0xcc ./Core/Src/stm32f4xx_hal_msp.o
 .debug_frame   0x00000000000001a0       0xc0 ./Core/Src/stm32f4xx_it.o
 .debug_frame   0x0000000000000260       0x30 ./Core/Src/system_stm32f4xx.o
 .debug_frame   0x0000000000000290      0x1f4 ./Drivers/STM32F4xx_HAL_Driver/Src/stm32f4xx_hal.o
 .debug_frame   0x0000000000000484      0x254 ./Drivers/STM32F4xx_HAL_Driver/Src/stm32f4xx_hal_adc.o
 .debug_frame   0x00000000000006d8      0x168 ./Drivers/STM32F4xx_HAL_Driver/Src/stm32f4xx_hal_adc_ex.o
 .debug_frame   0x0000000000000840      0x158 ./Drivers/STM32F4xx_HAL_Driver/Src/stm32f4xx_hal_cortex.o
 .debug_frame   0x0000000000000998      0x1e8 ./Drivers/STM32F4xx_HAL_Driver/Src/stm32f4xx_hal_dac.o
 .debug_frame   0x0000000000000b80       0xd4 ./Drivers/STM32F4xx_HAL_Driver/Src/stm32f4xx_hal_gpio.o
 .debug_frame   0x0000000000000c54      0x13c ./Drivers/STM32F4xx_HAL_Driver/Src/stm32f4xx_hal_rcc.o
 .debug_frame   0x0000000000000d90      0x9ec ./Drivers/STM32F4xx_HAL_Driver/Src/stm32f4xx_hal_tim.o
 .debug_frame   0x000000000000177c      0x3d4 ./Drivers/STM32F4xx_HAL_Driver/Src/stm32f4xx_hal_tim_ex.o
 .debug_frame   0x0000000000001b50       0x2c e:/cubeide/stm32cubeide_1.10.1/stm32cubeide/plugins/com.st.stm32cube.ide.mcu.externaltools.gnu-tools-for-stm32.10.3-2021.10.win32_1.0.0.202111181127/tools/bin/../lib/gcc/arm-none-eabi/10.3.1/../../../../arm-none-eabi/lib/thumb/v7e-m+fp/hard\libc_nano.a(lib_a-init.o)
 .debug_frame   0x0000000000001b7c       0x20 e:/cubeide/stm32cubeide_1.10.1/stm32cubeide/plugins/com.st.stm32cube.ide.mcu.externaltools.gnu-tools-for-stm32.10.3-2021.10.win32_1.0.0.202111181127/tools/bin/../lib/gcc/arm-none-eabi/10.3.1/../../../../arm-none-eabi/lib/thumb/v7e-m+fp/hard\libc_nano.a(lib_a-memset.o)
 .debug_frame   0x0000000000001b9c       0xac e:/cubeide/stm32cubeide_1.10.1/stm32cubeide/plugins/com.st.stm32cube.ide.mcu.externaltools.gnu-tools-for-stm32.10.3-2021.10.win32_1.0.0.202111181127/tools/bin/../lib/gcc/arm-none-eabi/10.3.1/thumb/v7e-m+fp/hard\libgcc.a(_arm_addsubdf3.o)
 .debug_frame   0x0000000000001c48       0x50 e:/cubeide/stm32cubeide_1.10.1/stm32cubeide/plugins/com.st.stm32cube.ide.mcu.externaltools.gnu-tools-for-stm32.10.3-2021.10.win32_1.0.0.202111181127/tools/bin/../lib/gcc/arm-none-eabi/10.3.1/thumb/v7e-m+fp/hard\libgcc.a(_arm_muldivdf3.o)
 .debug_frame   0x0000000000001c98       0x24 e:/cubeide/stm32cubeide_1.10.1/stm32cubeide/plugins/com.st.stm32cube.ide.mcu.externaltools.gnu-tools-for-stm32.10.3-2021.10.win32_1.0.0.202111181127/tools/bin/../lib/gcc/arm-none-eabi/10.3.1/thumb/v7e-m+fp/hard\libgcc.a(_arm_truncdfsf2.o)
 .debug_frame   0x0000000000001cbc       0x2c e:/cubeide/stm32cubeide_1.10.1/stm32cubeide/plugins/com.st.stm32cube.ide.mcu.externaltools.gnu-tools-for-stm32.10.3-2021.10.win32_1.0.0.202111181127/tools/bin/../lib/gcc/arm-none-eabi/10.3.1/thumb/v7e-m+fp/hard\libgcc.a(_aeabi_uldivmod.o)
 .debug_frame   0x0000000000001ce8       0x34 e:/cubeide/stm32cubeide_1.10.1/stm32cubeide/plugins/com.st.stm32cube.ide.mcu.externaltools.gnu-tools-for-stm32.10.3-2021.10.win32_1.0.0.202111181127/tools/bin/../lib/gcc/arm-none-eabi/10.3.1/thumb/v7e-m+fp/hard\libgcc.a(_udivmoddi4.o)
